Archive member included to satisfy reference by file (symbol)

../../../nRF5_SDK_15.3.0_59ac345//components/proprietary_rf/gzll/gcc/gzll_nrf52_sd_resources_gcc.a(nrf_gzll.c.o)
                              _build/nrf52832_xxaa/main.c.o (nrf_gzll_init)
../../../nRF5_SDK_15.3.0_59ac345//components/proprietary_rf/gzll/gcc/gzll_nrf52_sd_resources_gcc.a(nrf_impala.c.o)
                              ../../../nRF5_SDK_15.3.0_59ac345//components/proprietary_rf/gzll/gcc/gzll_nrf52_sd_resources_gcc.a(nrf_gzll.c.o) (nrf_impl_pa_lna_cfg_set)
../../../nRF5_SDK_15.3.0_59ac345//components/proprietary_rf/gzll/gcc/gzll_nrf52_sd_resources_gcc.a(nrf_link_core.c.o)
                              ../../../nRF5_SDK_15.3.0_59ac345//components/proprietary_rf/gzll/gcc/gzll_nrf52_sd_resources_gcc.a(nrf_impala.c.o) (nrf_lcore_device_pa_control_setup)
../../../nRF5_SDK_15.3.0_59ac345//components/proprietary_rf/gzll/gcc/gzll_nrf52_sd_resources_gcc.a(nrf_notification_manager.c.o)
                              ../../../nRF5_SDK_15.3.0_59ac345//components/proprietary_rf/gzll/gcc/gzll_nrf52_sd_resources_gcc.a(nrf_impala.c.o) (nrf_nm_init)
../../../nRF5_SDK_15.3.0_59ac345//components/proprietary_rf/gzll/gcc/gzll_nrf52_sd_resources_gcc.a(nrf_packet_manager.c.o)
                              ../../../nRF5_SDK_15.3.0_59ac345//components/proprietary_rf/gzll/gcc/gzll_nrf52_sd_resources_gcc.a(nrf_impala.c.o) (nrf_pm_init)
../../../nRF5_SDK_15.3.0_59ac345//components/proprietary_rf/gzll/gcc/gzll_nrf52_sd_resources_gcc.a(nrf_state_machine.c.o)
                              ../../../nRF5_SDK_15.3.0_59ac345//components/proprietary_rf/gzll/gcc/gzll_nrf52_sd_resources_gcc.a(nrf_impala.c.o) (nrf_sm_init)
../../../nRF5_SDK_15.3.0_59ac345//components/proprietary_rf/gzll/gcc/gzll_nrf52_sd_resources_gcc.a(nrf_assert_internal.c.o)
                              ../../../nRF5_SDK_15.3.0_59ac345//components/proprietary_rf/gzll/gcc/gzll_nrf52_sd_resources_gcc.a(nrf_gzll.c.o) (nrf_assert_internal_parse_and_forward)
../../../nRF5_SDK_15.3.0_59ac345//components/proprietary_rf/gzll/gcc/gzll_nrf52_sd_resources_gcc.a(nrf_channel_manager.c.o)
                              ../../../nRF5_SDK_15.3.0_59ac345//components/proprietary_rf/gzll/gcc/gzll_nrf52_sd_resources_gcc.a(nrf_impala.c.o) (nrf_chm_init)
../../../nRF5_SDK_15.3.0_59ac345//components/proprietary_rf/gzll/gcc/gzll_nrf52_sd_resources_gcc.a(nrf_fifo.c.o)
                              ../../../nRF5_SDK_15.3.0_59ac345//components/proprietary_rf/gzll/gcc/gzll_nrf52_sd_resources_gcc.a(nrf_packet_manager.c.o) (nrf_fifo_init)
../../../nRF5_SDK_15.3.0_59ac345//components/proprietary_rf/gzll/gcc/gzll_nrf52_sd_resources_gcc.a(nrf_flywheel.c.o)
                              ../../../nRF5_SDK_15.3.0_59ac345//components/proprietary_rf/gzll/gcc/gzll_nrf52_sd_resources_gcc.a(nrf_impala.c.o) (nrf_flw_init)
/usr/lib/gcc/arm-none-eabi/7.3.1/../../../arm-none-eabi/lib/thumb/v7e-m/fpv4-sp/hard/libc_nano.a(lib_a-atexit.o)
                              /usr/lib/gcc/arm-none-eabi/7.3.1/../../../arm-none-eabi/lib/thumb/v7e-m/fpv4-sp/hard/crt0.o (atexit)
/usr/lib/gcc/arm-none-eabi/7.3.1/../../../arm-none-eabi/lib/thumb/v7e-m/fpv4-sp/hard/libc_nano.a(lib_a-ctype_.o)
                              _build/nrf52832_xxaa/nrf_log_str_formatter.c.o (_ctype_)
/usr/lib/gcc/arm-none-eabi/7.3.1/../../../arm-none-eabi/lib/thumb/v7e-m/fpv4-sp/hard/libc_nano.a(lib_a-exit.o)
                              /usr/lib/gcc/arm-none-eabi/7.3.1/../../../arm-none-eabi/lib/thumb/v7e-m/fpv4-sp/hard/crt0.o (exit)
/usr/lib/gcc/arm-none-eabi/7.3.1/../../../arm-none-eabi/lib/thumb/v7e-m/fpv4-sp/hard/libc_nano.a(lib_a-fini.o)
                              /usr/lib/gcc/arm-none-eabi/7.3.1/../../../arm-none-eabi/lib/thumb/v7e-m/fpv4-sp/hard/crt0.o (__libc_fini_array)
/usr/lib/gcc/arm-none-eabi/7.3.1/../../../arm-none-eabi/lib/thumb/v7e-m/fpv4-sp/hard/libc_nano.a(lib_a-impure.o)
                              /usr/lib/gcc/arm-none-eabi/7.3.1/../../../arm-none-eabi/lib/thumb/v7e-m/fpv4-sp/hard/libc_nano.a(lib_a-exit.o) (_global_impure_ptr)
/usr/lib/gcc/arm-none-eabi/7.3.1/../../../arm-none-eabi/lib/thumb/v7e-m/fpv4-sp/hard/libc_nano.a(lib_a-init.o)
                              /usr/lib/gcc/arm-none-eabi/7.3.1/../../../arm-none-eabi/lib/thumb/v7e-m/fpv4-sp/hard/crt0.o (__libc_init_array)
/usr/lib/gcc/arm-none-eabi/7.3.1/../../../arm-none-eabi/lib/thumb/v7e-m/fpv4-sp/hard/libc_nano.a(lib_a-memcpy.o)
                              _build/nrf52832_xxaa/nrf_log_frontend.c.o (memcpy)
/usr/lib/gcc/arm-none-eabi/7.3.1/../../../arm-none-eabi/lib/thumb/v7e-m/fpv4-sp/hard/libc_nano.a(lib_a-memset.o)
                              /usr/lib/gcc/arm-none-eabi/7.3.1/../../../arm-none-eabi/lib/thumb/v7e-m/fpv4-sp/hard/crt0.o (memset)
/usr/lib/gcc/arm-none-eabi/7.3.1/../../../arm-none-eabi/lib/thumb/v7e-m/fpv4-sp/hard/libc_nano.a(lib_a-strcpy.o)
                              _build/nrf52832_xxaa/SEGGER_RTT.c.o (strcpy)
[...]
Memory Configuration

Name             Origin             Length             Attributes
FLASH            0x0000000000000000 0x0000000000080000 xr
RAM              0x0000000020000000 0x0000000000010000 xrw
*default*        0x0000000000000000 0xffffffffffffffff

Linker script and memory map


.text           0x0000000000000000     0xac6c
 *(.isr_vector)
 .isr_vector    0x0000000000000000      0x200 _build/nrf52832_xxaa/gcc_startup_nrf52.S.o
                0x0000000000000000                __isr_vector
 *(.text*)
 .text          0x0000000000000200       0x88 /usr/lib/gcc/arm-none-eabi/7.3.1/thumb/v7e-m/fpv4-sp/hard/crtbegin.o
 .text          0x0000000000000288       0x68 /usr/lib/gcc/arm-none-eabi/7.3.1/../../../arm-none-eabi/lib/thumb/v7e-m/fpv4-sp/hard/crt0.o
                0x0000000000000288                _mainCRTStartup
                0x0000000000000288                _start
 .text.nrf_gzll_device_tx_success
                0x00000000000002f0       0xdc _build/nrf52832_xxaa/main.c.o
                0x00000000000002f0                nrf_gzll_device_tx_success
 .text.nrf_gzll_device_tx_failed
                0x00000000000003cc       0x88 _build/nrf52832_xxaa/main.c.o
                0x00000000000003cc                nrf_gzll_device_tx_failed
 .text.nrf_gzll_host_rx_data_ready
                0x0000000000000454        0x8 _build/nrf52832_xxaa/main.c.o
                0x0000000000000454                nrf_gzll_host_rx_data_ready
 .text.nrf_gzll_disabled
                0x000000000000045c        0x4 _build/nrf52832_xxaa/main.c.o
                0x000000000000045c                nrf_gzll_disabled
 .text.startup.main
                0x0000000000000460      0x1e0 _build/nrf52832_xxaa/main.c.o
                0x0000000000000460                main
 .text.LCD_Fill
                0x0000000000000640      0x278 _build/nrf52832_xxaa/oled.c.o
                0x0000000000000640                LCD_Fill
 .text.LCD_Init
                0x00000000000008b8     0x1124 _build/nrf52832_xxaa/oled.c.o
                0x00000000000008b8                LCD_Init
 .text.LCD_P8x16Str
                0x00000000000019dc      0x62c _build/nrf52832_xxaa/oled.c.o
                0x00000000000019dc                LCD_P8x16Str
 .text.TCH_Init
                0x0000000000002008        0xc _build/nrf52832_xxaa/key.c.o
                0x0000000000002008                TCH_Init
 .text.Touch_Press
                0x0000000000002014       0x10 _build/nrf52832_xxaa/key.c.o
                0x0000000000002014                Touch_Press
 .text          0x0000000000002024       0x3c _build/nrf52832_xxaa/gcc_startup_nrf52.S.o
                0x0000000000002024                Reset_Handler
                0x000000000000204c                NMI_Handler
                0x000000000000204e                HardFault_Handler
                0x0000000000002050                MemoryManagement_Handler
                0x0000000000002052                BusFault_Handler
                0x0000000000002054                UsageFault_Handler
                0x0000000000002056                SVC_Handler
                0x0000000000002058                DebugMon_Handler
                0x000000000000205a                PendSV_Handler
                0x000000000000205c                SysTick_Handler
                0x000000000000205e                TIMER2_IRQHandler
                0x000000000000205e                RTC0_IRQHandler
                0x000000000000205e                SWI2_EGU2_IRQHandler
                0x000000000000205e                PWM1_IRQHandler
                0x000000000000205e                POWER_CLOCK_IRQHandler
                0x000000000000205e                PDM_IRQHandler
                0x000000000000205e                TEMP_IRQHandler
                0x000000000000205e                QDEC_IRQHandler
                0x000000000000205e                TIMER3_IRQHandler
                0x000000000000205e                FPU_IRQHandler
                0x000000000000205e                SPIM0_SPIS0_TWIM0_TWIS0_SPI0_TWI0_IRQHandler
                0x000000000000205e                TIMER4_IRQHandler
                0x000000000000205e                I2S_IRQHandler
                0x000000000000205e                SWI4_EGU4_IRQHandler
                0x000000000000205e                TIMER1_IRQHandler
                0x000000000000205e                PWM2_IRQHandler
                0x000000000000205e                ECB_IRQHandler
                0x000000000000205e                SPIM1_SPIS1_TWIM1_TWIS1_SPI1_TWI1_IRQHandler
                0x000000000000205e                Default_Handler
                0x000000000000205e                SAADC_IRQHandler
                0x000000000000205e                CCM_AAR_IRQHandler
                0x000000000000205e                WDT_IRQHandler
                0x000000000000205e                SWI5_EGU5_IRQHandler
                0x000000000000205e                RNG_IRQHandler
                0x000000000000205e                RTC2_IRQHandler
                0x000000000000205e                PWM0_IRQHandler
                0x000000000000205e                SWI3_EGU3_IRQHandler
                0x000000000000205e                SPIM2_SPIS2_SPI2_IRQHandler
                0x000000000000205e                NFCT_IRQHandler
                0x000000000000205e                MWU_IRQHandler
                0x000000000000205e                COMP_LPCOMP_IRQHandler
 .text.SystemInit
                0x0000000000002060      0x3c0 _build/nrf52832_xxaa/system_nrf52.c.o
                0x0000000000002060                SystemInit
 .text.nrf_log_backend_serial_put
                0x0000000000002420       0xd4 _build/nrf52832_xxaa/nrf_log_backend_serial.c.o
                0x0000000000002420                nrf_log_backend_serial_put
 .text.uart_evt_handler
                0x00000000000024f4        0xc _build/nrf52832_xxaa/nrf_log_backend_uart.c.o
 .text.nrf_log_backend_uart_flush
                0x0000000000002500        0x4 _build/nrf52832_xxaa/nrf_log_backend_uart.c.o
 .text.nrf_log_backend_uart_put
                0x0000000000002504       0x20 _build/nrf52832_xxaa/nrf_log_backend_uart.c.o
 .text.serial_tx
                0x0000000000002524       0x4c _build/nrf52832_xxaa/nrf_log_backend_uart.c.o
 .text.nrf_log_backend_uart_panic_set
                0x0000000000002570       0x60 _build/nrf52832_xxaa/nrf_log_backend_uart.c.o
 .text.nrf_log_backend_uart_init
                0x00000000000025d0       0x48 _build/nrf52832_xxaa/nrf_log_backend_uart.c.o
                0x00000000000025d0                nrf_log_backend_uart_init
 .text.nrf_log_default_backends_init
                0x0000000000002618       0x20 _build/nrf52832_xxaa/nrf_log_default_backends.c.o
                0x0000000000002618                nrf_log_default_backends_init
 .text.log_skip
                0x0000000000002638       0xd4 _build/nrf52832_xxaa/nrf_log_frontend.c.o
 .text.nrf_log_init
                0x000000000000270c       0x3c _build/nrf52832_xxaa/nrf_log_frontend.c.o
                0x000000000000270c                nrf_log_init
 .text.nrf_log_module_name_get
                0x0000000000002748       0x58 _build/nrf52832_xxaa/nrf_log_frontend.c.o
                0x0000000000002748                nrf_log_module_name_get
 .text.nrf_log_color_id_get
                0x00000000000027a0       0x2c _build/nrf52832_xxaa/nrf_log_frontend.c.o
                0x00000000000027a0                nrf_log_color_id_get
 .text.nrf_log_frontend_std_0
                0x00000000000027cc       0xe4 _build/nrf52832_xxaa/nrf_log_frontend.c.o
                0x00000000000027cc                nrf_log_frontend_std_0
 .text.nrf_log_frontend_dequeue.part.6
                0x00000000000028b0      0x264 _build/nrf52832_xxaa/nrf_log_frontend.c.o
 .text.nrf_log_frontend_std_1
                0x0000000000002b14       0xf0 _build/nrf52832_xxaa/nrf_log_frontend.c.o
                0x0000000000002b14                nrf_log_frontend_std_1
 .text.nrf_log_frontend_std_3
                0x0000000000002c04      0x104 _build/nrf52832_xxaa/nrf_log_frontend.c.o
                0x0000000000002c04                nrf_log_frontend_std_3
 .text.nrf_log_frontend_dequeue
                0x0000000000002d08       0x18 _build/nrf52832_xxaa/nrf_log_frontend.c.o
                0x0000000000002d08                nrf_log_frontend_dequeue
 .text.nrf_log_backend_add
                0x0000000000002d20       0x68 _build/nrf52832_xxaa/nrf_log_frontend.c.o
                0x0000000000002d20                nrf_log_backend_add
 .text.nrf_log_panic
                0x0000000000002d88       0x2c _build/nrf52832_xxaa/nrf_log_frontend.c.o
                0x0000000000002d88                nrf_log_panic
 .text.nrf_log_std_entry_process
                0x0000000000002db4      0x14c _build/nrf52832_xxaa/nrf_log_str_formatter.c.o
                0x0000000000002db4                nrf_log_std_entry_process
 .text.nrf_log_hexdump_entry_process
                0x0000000000002f00      0x168 _build/nrf52832_xxaa/nrf_log_str_formatter.c.o
                0x0000000000002f00                nrf_log_hexdump_entry_process
 .text.bsp_board_led_state_get
                0x0000000000003068       0x1c _build/nrf52832_xxaa/boards.c.o
                0x0000000000003068                bsp_board_led_state_get
 .text.bsp_board_led_on
                0x0000000000003084       0x18 _build/nrf52832_xxaa/boards.c.o
                0x0000000000003084                bsp_board_led_on
 .text.bsp_board_led_off
                0x000000000000309c       0x18 _build/nrf52832_xxaa/boards.c.o
                0x000000000000309c                bsp_board_led_off
 .text.bsp_board_leds_off
                0x00000000000030b4       0x2c _build/nrf52832_xxaa/boards.c.o
                0x00000000000030b4                bsp_board_leds_off
 .text.bsp_board_leds_on
                0x00000000000030e0       0x2c _build/nrf52832_xxaa/boards.c.o
                0x00000000000030e0                bsp_board_leds_on
 .text.bsp_board_led_invert
                0x000000000000310c       0x24 _build/nrf52832_xxaa/boards.c.o
                0x000000000000310c                bsp_board_led_invert
 .text.bsp_board_button_state_get
                0x0000000000003130       0x1c _build/nrf52832_xxaa/boards.c.o
                0x0000000000003130                bsp_board_button_state_get
 .text.bsp_board_pin_to_button_idx
                0x000000000000314c       0x24 _build/nrf52832_xxaa/boards.c.o
                0x000000000000314c                bsp_board_pin_to_button_idx
 .text.bsp_board_init
                0x0000000000003170       0x5c _build/nrf52832_xxaa/boards.c.o
                0x0000000000003170                bsp_board_init
 .text.detection_delay_timeout_handler
                0x00000000000031cc      0x120 _build/nrf52832_xxaa/app_button.c.o
 .text.gpiote_event_handler
                0x00000000000032ec       0xa8 _build/nrf52832_xxaa/app_button.c.o
 .text.app_button_init
                0x0000000000003394       0xb0 _build/nrf52832_xxaa/app_button.c.o
                0x0000000000003394                app_button_init
 .text.app_button_enable
                0x0000000000003444       0x2c _build/nrf52832_xxaa/app_button.c.o
                0x0000000000003444                app_button_enable
 .text.app_error_handler_bare
                0x0000000000003470       0x20 _build/nrf52832_xxaa/app_error.c.o
                0x0000000000003470                app_error_handler_bare
 .text.app_error_fault_handler
                0x0000000000003490       0x70 _build/nrf52832_xxaa/app_error_weak.c.o
                0x0000000000003490                app_error_fault_handler
 .text.RTC1_IRQHandler
                0x0000000000003500       0xa0 _build/nrf52832_xxaa/app_timer.c.o
                0x0000000000003500                RTC1_IRQHandler
 .text.SWI0_EGU0_IRQHandler
                0x00000000000035a0      0x394 _build/nrf52832_xxaa/app_timer.c.o
                0x00000000000035a0                SWI0_EGU0_IRQHandler
 .text.app_timer_init
                0x0000000000003934       0xa8 _build/nrf52832_xxaa/app_timer.c.o
                0x0000000000003934                app_timer_init
 .text.app_timer_create
                0x00000000000039dc       0x24 _build/nrf52832_xxaa/app_timer.c.o
                0x00000000000039dc                app_timer_create
 .text.app_timer_start
                0x0000000000003a00       0x9c _build/nrf52832_xxaa/app_timer.c.o
                0x0000000000003a00                app_timer_start
 .text.app_timer_stop
                0x0000000000003a9c       0x68 _build/nrf52832_xxaa/app_timer.c.o
                0x0000000000003a9c                app_timer_stop
 .text.app_util_critical_region_enter
                0x0000000000003b04       0x10 _build/nrf52832_xxaa/app_util_platform.c.o
                0x0000000000003b04                app_util_critical_region_enter
 .text.app_util_critical_region_exit
                0x0000000000003b14       0x14 _build/nrf52832_xxaa/app_util_platform.c.o
                0x0000000000003b14                app_util_critical_region_exit
 .text.nrf_atomic_u32_fetch_store
                0x0000000000003b28       0x14 _build/nrf52832_xxaa/nrf_atomic.c.o
                0x0000000000003b28                nrf_atomic_u32_fetch_store
 .text.nrf_atomic_u32_add
                0x0000000000003b3c       0x18 _build/nrf52832_xxaa/nrf_atomic.c.o
                0x0000000000003b3c                nrf_atomic_u32_add
 .text.nrf_atomic_u32_sub
                0x0000000000003b54       0x18 _build/nrf52832_xxaa/nrf_atomic.c.o
                0x0000000000003b54                nrf_atomic_u32_sub
 .text.nrf_atomic_flag_set
                0x0000000000003b6c       0x18 _build/nrf52832_xxaa/nrf_atomic.c.o
                0x0000000000003b6c                nrf_atomic_flag_set
 .text.nrf_atomic_flag_clear_fetch
                0x0000000000003b84       0x18 _build/nrf52832_xxaa/nrf_atomic.c.o
                0x0000000000003b84                nrf_atomic_flag_clear_fetch
 .text.nrf_balloc_init
                0x0000000000003b9c       0x38 _build/nrf52832_xxaa/nrf_balloc.c.o
                0x0000000000003b9c                nrf_balloc_init
 .text.nrf_balloc_alloc
                0x0000000000003bd4       0x44 _build/nrf52832_xxaa/nrf_balloc.c.o
                0x0000000000003bd4                nrf_balloc_alloc
 .text.nrf_balloc_free
                0x0000000000003c18       0x2c _build/nrf52832_xxaa/nrf_balloc.c.o
                0x0000000000003c18                nrf_balloc_free
 .text.nrf_fprintf_buffer_flush
                0x0000000000003c44       0x18 _build/nrf52832_xxaa/nrf_fprintf.c.o
                0x0000000000003c44                nrf_fprintf_buffer_flush
 .text.nrf_fprintf
                0x0000000000003c5c       0x20 _build/nrf52832_xxaa/nrf_fprintf.c.o
                0x0000000000003c5c                nrf_fprintf
 .text.unsigned_print
                0x0000000000003c7c      0x148 _build/nrf52832_xxaa/nrf_fprintf_format.c.o
 .text.nrf_fprintf_fmt
                0x0000000000003dc4      0x6e4 _build/nrf52832_xxaa/nrf_fprintf_format.c.o
                0x0000000000003dc4                nrf_fprintf_fmt
 .text.nrf_memobj_pool_init
                0x00000000000044a8        0x4 _build/nrf52832_xxaa/nrf_memobj.c.o
                0x00000000000044a8                nrf_memobj_pool_init
 .text.nrf_memobj_alloc
                0x00000000000044ac       0x84 _build/nrf52832_xxaa/nrf_memobj.c.o
                0x00000000000044ac                nrf_memobj_alloc
 .text.nrf_memobj_get
                0x0000000000004530        0x8 _build/nrf52832_xxaa/nrf_memobj.c.o
                0x0000000000004530                nrf_memobj_get
 .text.nrf_memobj_put
                0x0000000000004538       0x44 _build/nrf52832_xxaa/nrf_memobj.c.o
                0x0000000000004538                nrf_memobj_put
 .text.nrf_memobj_write
                0x000000000000457c       0x68 _build/nrf52832_xxaa/nrf_memobj.c.o
                0x000000000000457c                nrf_memobj_write
 .text.nrf_memobj_read
                0x00000000000045e4       0x68 _build/nrf52832_xxaa/nrf_memobj.c.o
                0x00000000000045e4                nrf_memobj_read
 .text.nrf_ringbuf_init
                0x000000000000464c       0x1c _build/nrf52832_xxaa/nrf_ringbuf.c.o
                0x000000000000464c                nrf_ringbuf_init
 .text.uarte_evt_handler
                0x0000000000004668       0x34 _build/nrf52832_xxaa/nrf_drv_uart.c.o
 .text.uart_evt_handler
                0x000000000000469c       0x34 _build/nrf52832_xxaa/nrf_drv_uart.c.o
 .text.nrf_drv_uart_init
                0x00000000000046d0       0x80 _build/nrf52832_xxaa/nrf_drv_uart.c.o
                0x00000000000046d0                nrf_drv_uart_init
 .text.nrfx_gpiote_init
                0x0000000000004750       0x88 _build/nrf52832_xxaa/nrfx_gpiote.c.o
                0x0000000000004750                nrfx_gpiote_init
 .text.nrfx_gpiote_is_init
                0x00000000000047d8       0x14 _build/nrf52832_xxaa/nrfx_gpiote.c.o
                0x00000000000047d8                nrfx_gpiote_is_init
 .text.nrfx_gpiote_in_init
                0x00000000000047ec      0x1bc _build/nrf52832_xxaa/nrfx_gpiote.c.o
                0x00000000000047ec                nrfx_gpiote_in_init
 .text.nrfx_gpiote_in_event_enable
                0x00000000000049a8       0xc4 _build/nrf52832_xxaa/nrfx_gpiote.c.o
                0x00000000000049a8                nrfx_gpiote_in_event_enable
 .text.nrfx_gpiote_in_is_set
                0x0000000000004a6c       0x14 _build/nrf52832_xxaa/nrfx_gpiote.c.o
                0x0000000000004a6c                nrfx_gpiote_in_is_set
 .text.GPIOTE_IRQHandler
                0x0000000000004a80      0x548 _build/nrf52832_xxaa/nrfx_gpiote.c.o
                0x0000000000004a80                GPIOTE_IRQHandler
 .text.UARTE0_UART0_IRQHandler
                0x0000000000004fc8        0xc _build/nrf52832_xxaa/nrfx_prs.c.o
                0x0000000000004fc8                UARTE0_UART0_IRQHandler
 .text.nrfx_prs_acquire
                0x0000000000004fd4       0x3c _build/nrf52832_xxaa/nrfx_prs.c.o
                0x0000000000004fd4                nrfx_prs_acquire
 .text.nrfx_prs_release
                0x0000000000005010       0x18 _build/nrf52832_xxaa/nrfx_prs.c.o
                0x0000000000005010                nrfx_prs_release
 .text.nrfx_uart_0_irq_handler
                0x0000000000005028      0x1bc _build/nrf52832_xxaa/nrfx_uart.c.o
                0x0000000000005028                nrfx_uart_0_irq_handler
 .text.nrfx_uart_init
                0x00000000000051e4      0x194 _build/nrf52832_xxaa/nrfx_uart.c.o
                0x00000000000051e4                nrfx_uart_init
 .text.nrfx_uart_uninit
                0x0000000000005378       0xcc _build/nrf52832_xxaa/nrfx_uart.c.o
                0x0000000000005378                nrfx_uart_uninit
 .text.nrfx_uart_tx
                0x0000000000005444       0xcc _build/nrf52832_xxaa/nrfx_uart.c.o
                0x0000000000005444                nrfx_uart_tx
 .text.nrfx_uarte_0_irq_handler
                0x0000000000005510      0x11c _build/nrf52832_xxaa/nrfx_uarte.c.o
                0x0000000000005510                nrfx_uarte_0_irq_handler
 .text.nrfx_uarte_init
                0x000000000000562c      0x1b8 _build/nrf52832_xxaa/nrfx_uarte.c.o
                0x000000000000562c                nrfx_uarte_init
 .text.nrfx_uarte_uninit
                0x00000000000057e4       0xd0 _build/nrf52832_xxaa/nrfx_uarte.c.o
                0x00000000000057e4                nrfx_uarte_uninit
 .text.nrfx_uarte_tx
                0x00000000000058b4       0xa4 _build/nrf52832_xxaa/nrfx_uarte.c.o
                0x00000000000058b4                nrfx_uarte_tx
 .text.alert_timer_handler
                0x0000000000005958        0x8 _build/nrf52832_xxaa/bsp.c.o
 .text.bsp_button_event_handler
                0x0000000000005960       0xa0 _build/nrf52832_xxaa/bsp.c.o
 .text.button_timer_handler
                0x0000000000005a00       0x30 _build/nrf52832_xxaa/bsp.c.o
 .text.leds_timer_handler
                0x0000000000005a30      0x2ec _build/nrf52832_xxaa/bsp.c.o
 .text.bsp_button_is_pressed
                0x0000000000005d1c        0xc _build/nrf52832_xxaa/bsp.c.o
                0x0000000000005d1c                bsp_button_is_pressed
 .text.bsp_init
                0x0000000000005d28       0xbc _build/nrf52832_xxaa/bsp.c.o
                0x0000000000005d28                bsp_init
 .text.nrf_gzll_init
                0x0000000000005de4      0x124 ../../../nRF5_SDK_15.3.0_59ac345//components/proprietary_rf/gzll/gcc/gzll_nrf52_sd_resources_gcc.a(nrf_gzll.c.o)
                0x0000000000005de4                nrf_gzll_init
 .text.nrf_gzll_enable
                0x0000000000005f08       0x38 ../../../nRF5_SDK_15.3.0_59ac345//components/proprietary_rf/gzll/gcc/gzll_nrf52_sd_resources_gcc.a(nrf_gzll.c.o)
                0x0000000000005f08                nrf_gzll_enable
 .text.nrf_gzll_add_packet_to_tx_fifo
                0x0000000000005f40       0xb4 ../../../nRF5_SDK_15.3.0_59ac345//components/proprietary_rf/gzll/gcc/gzll_nrf52_sd_resources_gcc.a(nrf_gzll.c.o)
                0x0000000000005f40                nrf_gzll_add_packet_to_tx_fifo
 .text.nrf_gzll_fetch_packet_from_rx_fifo
                0x0000000000005ff4       0x74 ../../../nRF5_SDK_15.3.0_59ac345//components/proprietary_rf/gzll/gcc/gzll_nrf52_sd_resources_gcc.a(nrf_gzll.c.o)
                0x0000000000005ff4                nrf_gzll_fetch_packet_from_rx_fifo
 .text.nrf_gzll_get_channel_table_size
                0x0000000000006068        0xc ../../../nRF5_SDK_15.3.0_59ac345//components/proprietary_rf/gzll/gcc/gzll_nrf52_sd_resources_gcc.a(nrf_gzll.c.o)
                0x0000000000006068                nrf_gzll_get_channel_table_size
 .text.nrf_gzll_reset_tx_statistics
                0x0000000000006074       0x64 ../../../nRF5_SDK_15.3.0_59ac345//components/proprietary_rf/gzll/gcc/gzll_nrf52_sd_resources_gcc.a(nrf_gzll.c.o)
                0x0000000000006074                nrf_gzll_reset_tx_statistics
 .text.nrf_gzll_tx_statistics_enable
                0x00000000000060d8       0x74 ../../../nRF5_SDK_15.3.0_59ac345//components/proprietary_rf/gzll/gcc/gzll_nrf52_sd_resources_gcc.a(nrf_gzll.c.o)
                0x00000000000060d8                nrf_gzll_tx_statistics_enable
 .text.nrf_gzll_set_max_tx_attempts
                0x000000000000614c        0x4 ../../../nRF5_SDK_15.3.0_59ac345//components/proprietary_rf/gzll/gcc/gzll_nrf52_sd_resources_gcc.a(nrf_gzll.c.o)
                0x000000000000614c                nrf_gzll_set_max_tx_attempts
 .text.nrf_gzll_get_error_code
                0x0000000000006150        0xc ../../../nRF5_SDK_15.3.0_59ac345//components/proprietary_rf/gzll/gcc/gzll_nrf52_sd_resources_gcc.a(nrf_gzll.c.o)
                0x0000000000006150                nrf_gzll_get_error_code
 .text.nrf_gzll_mode_changed
                0x000000000000615c        0x4 ../../../nRF5_SDK_15.3.0_59ac345//components/proprietary_rf/gzll/gcc/gzll_nrf52_sd_resources_gcc.a(nrf_gzll.c.o)
                0x000000000000615c                nrf_gzll_mode_changed
 .text.notification_cb
                0x0000000000006160      0x1dc ../../../nRF5_SDK_15.3.0_59ac345//components/proprietary_rf/gzll/gcc/gzll_nrf52_sd_resources_gcc.a(nrf_gzll.c.o)
 .text.nrf_assert_internal_callback
                0x000000000000633c       0x14 ../../../nRF5_SDK_15.3.0_59ac345//components/proprietary_rf/gzll/gcc/gzll_nrf52_sd_resources_gcc.a(nrf_gzll.c.o)
                0x000000000000633c                nrf_assert_internal_callback
 .text.nrf_impl_device_ack_received
                0x0000000000006350      0x19c ../../../nRF5_SDK_15.3.0_59ac345//components/proprietary_rf/gzll/gcc/gzll_nrf52_sd_resources_gcc.a(nrf_impala.c.o)
 .text.nrf_impl_async_state_rx_enabling
                0x00000000000064ec       0xb0 ../../../nRF5_SDK_15.3.0_59ac345//components/proprietary_rf/gzll/gcc/gzll_nrf52_sd_resources_gcc.a(nrf_impala.c.o)
 .text.nrf_impl_async_state_packet_received
                0x000000000000659c      0x1c4 ../../../nRF5_SDK_15.3.0_59ac345//components/proprietary_rf/gzll/gcc/gzll_nrf52_sd_resources_gcc.a(nrf_impala.c.o)
 .text.nrf_impl_goto_disable.part.4
                0x0000000000006760       0x9c ../../../nRF5_SDK_15.3.0_59ac345//components/proprietary_rf/gzll/gcc/gzll_nrf52_sd_resources_gcc.a(nrf_impala.c.o)
 .text.nrf_impl_restore_all_hw_params
                0x00000000000067fc      0x4e0 ../../../nRF5_SDK_15.3.0_59ac345//components/proprietary_rf/gzll/gcc/gzll_nrf52_sd_resources_gcc.a(nrf_impala.c.o)
 .text.nrf_impl_ptx_session_start.part.2
                0x0000000000006cdc       0xe0 ../../../nRF5_SDK_15.3.0_59ac345//components/proprietary_rf/gzll/gcc/gzll_nrf52_sd_resources_gcc.a(nrf_impala.c.o)
 .text.nrf_impl_async_state_tx_ack_complete
                0x0000000000006dbc       0xb4 ../../../nRF5_SDK_15.3.0_59ac345//components/proprietary_rf/gzll/gcc/gzll_nrf52_sd_resources_gcc.a(nrf_impala.c.o)
 .text.nrf_impl_pa_lna_cfg_set
                0x0000000000006e70        0xc ../../../nRF5_SDK_15.3.0_59ac345//components/proprietary_rf/gzll/gcc/gzll_nrf52_sd_resources_gcc.a(nrf_impala.c.o)
                0x0000000000006e70                nrf_impl_pa_lna_cfg_set
 .text.nrf_impl_enable
                0x0000000000006e7c       0xb4 ../../../nRF5_SDK_15.3.0_59ac345//components/proprietary_rf/gzll/gcc/gzll_nrf52_sd_resources_gcc.a(nrf_impala.c.o)
                0x0000000000006e7c                nrf_impl_enable
 .text.nrf_impl_disable
                0x0000000000006f30       0x7c ../../../nRF5_SDK_15.3.0_59ac345//components/proprietary_rf/gzll/gcc/gzll_nrf52_sd_resources_gcc.a(nrf_impala.c.o)
                0x0000000000006f30                nrf_impl_disable
 .text.nrf_impl_is_disabled
                0x0000000000006fac       0x10 ../../../nRF5_SDK_15.3.0_59ac345//components/proprietary_rf/gzll/gcc/gzll_nrf52_sd_resources_gcc.a(nrf_impala.c.o)
                0x0000000000006fac                nrf_impl_is_disabled
 .text.nrf_impl_mode_set
                0x0000000000006fbc      0x178 ../../../nRF5_SDK_15.3.0_59ac345//components/proprietary_rf/gzll/gcc/gzll_nrf52_sd_resources_gcc.a(nrf_impala.c.o)
                0x0000000000006fbc                nrf_impl_mode_set
 .text.nrf_impl_init
                0x0000000000007134      0x148 ../../../nRF5_SDK_15.3.0_59ac345//components/proprietary_rf/gzll/gcc/gzll_nrf52_sd_resources_gcc.a(nrf_impala.c.o)
                0x0000000000007134                nrf_impl_init
 .text.nrf_impl_packet_reserve
                0x000000000000727c       0x14 ../../../nRF5_SDK_15.3.0_59ac345//components/proprietary_rf/gzll/gcc/gzll_nrf52_sd_resources_gcc.a(nrf_impala.c.o)
                0x000000000000727c                nrf_impl_packet_reserve
 .text.nrf_impl_packet_free
                0x0000000000007290       0x14 ../../../nRF5_SDK_15.3.0_59ac345//components/proprietary_rf/gzll/gcc/gzll_nrf52_sd_resources_gcc.a(nrf_impala.c.o)
                0x0000000000007290                nrf_impl_packet_free
 .text.nrf_impl_tx_fifo_put
                0x00000000000072a4       0x8c ../../../nRF5_SDK_15.3.0_59ac345//components/proprietary_rf/gzll/gcc/gzll_nrf52_sd_resources_gcc.a(nrf_impala.c.o)
                0x00000000000072a4                nrf_impl_tx_fifo_put
 .text.nrf_impl_rx_fifo_pop
                0x0000000000007330       0x14 ../../../nRF5_SDK_15.3.0_59ac345//components/proprietary_rf/gzll/gcc/gzll_nrf52_sd_resources_gcc.a(nrf_impala.c.o)
                0x0000000000007330                nrf_impl_rx_fifo_pop
 .text.nrf_impl_rx_fifo_read
                0x0000000000007344        0x4 ../../../nRF5_SDK_15.3.0_59ac345//components/proprietary_rf/gzll/gcc/gzll_nrf52_sd_resources_gcc.a(nrf_impala.c.o)
                0x0000000000007344                nrf_impl_rx_fifo_read
 .text.nrf_impl_tx_fifo_packet_num_get
                0x0000000000007348        0x4 ../../../nRF5_SDK_15.3.0_59ac345//components/proprietary_rf/gzll/gcc/gzll_nrf52_sd_resources_gcc.a(nrf_impala.c.o)
                0x0000000000007348                nrf_impl_tx_fifo_packet_num_get
 .text.nrf_impl_rx_fifo_packet_num_get
                0x000000000000734c        0x4 ../../../nRF5_SDK_15.3.0_59ac345//components/proprietary_rf/gzll/gcc/gzll_nrf52_sd_resources_gcc.a(nrf_impala.c.o)
                0x000000000000734c                nrf_impl_rx_fifo_packet_num_get
 .text.nrf_impl_fifo_free_packet_num_get
                0x0000000000007350        0x4 ../../../nRF5_SDK_15.3.0_59ac345//components/proprietary_rf/gzll/gcc/gzll_nrf52_sd_resources_gcc.a(nrf_impala.c.o)
                0x0000000000007350                nrf_impl_fifo_free_packet_num_get
 .text.nrf_impl_base_address_0_get
                0x0000000000007354        0xc ../../../nRF5_SDK_15.3.0_59ac345//components/proprietary_rf/gzll/gcc/gzll_nrf52_sd_resources_gcc.a(nrf_impala.c.o)
                0x0000000000007354                nrf_impl_base_address_0_get
 .text.nrf_impl_prefix_addr_get
                0x0000000000007360       0x20 ../../../nRF5_SDK_15.3.0_59ac345//components/proprietary_rf/gzll/gcc/gzll_nrf52_sd_resources_gcc.a(nrf_impala.c.o)
                0x0000000000007360                nrf_impl_prefix_addr_get
 .text.nrf_impl_channel_table_set
                0x0000000000007380       0x38 ../../../nRF5_SDK_15.3.0_59ac345//components/proprietary_rf/gzll/gcc/gzll_nrf52_sd_resources_gcc.a(nrf_impala.c.o)
                0x0000000000007380                nrf_impl_channel_table_set
 .text.nrf_impl_base_address_length_set
                0x00000000000073b8       0x20 ../../../nRF5_SDK_15.3.0_59ac345//components/proprietary_rf/gzll/gcc/gzll_nrf52_sd_resources_gcc.a(nrf_impala.c.o)
                0x00000000000073b8                nrf_impl_base_address_length_set
 .text.nrf_impl_max_tx_attempts_set
                0x00000000000073d8        0xc ../../../nRF5_SDK_15.3.0_59ac345//components/proprietary_rf/gzll/gcc/gzll_nrf52_sd_resources_gcc.a(nrf_impala.c.o)
                0x00000000000073d8                nrf_impl_max_tx_attempts_set
 .text.nrf_impl_tx_power_set
                0x00000000000073e4       0x18 ../../../nRF5_SDK_15.3.0_59ac345//components/proprietary_rf/gzll/gcc/gzll_nrf52_sd_resources_gcc.a(nrf_impala.c.o)
                0x00000000000073e4                nrf_impl_tx_power_set
 .text.nrf_impl_datarate_set
                0x00000000000073fc       0x20 ../../../nRF5_SDK_15.3.0_59ac345//components/proprietary_rf/gzll/gcc/gzll_nrf52_sd_resources_gcc.a(nrf_impala.c.o)
                0x00000000000073fc                nrf_impl_datarate_set
 .text.nrf_impl_rssi_state_set
                0x000000000000741c       0x28 ../../../nRF5_SDK_15.3.0_59ac345//components/proprietary_rf/gzll/gcc/gzll_nrf52_sd_resources_gcc.a(nrf_impala.c.o)
                0x000000000000741c                nrf_impl_rssi_state_set
 .text.nrf_impl_chan_select_policy_set
                0x0000000000007444        0xc ../../../nRF5_SDK_15.3.0_59ac345//components/proprietary_rf/gzll/gcc/gzll_nrf52_sd_resources_gcc.a(nrf_impala.c.o)
                0x0000000000007444                nrf_impl_chan_select_policy_set
 .text.nrf_impl_xosc_ctl_set
                0x0000000000007450        0xc ../../../nRF5_SDK_15.3.0_59ac345//components/proprietary_rf/gzll/gcc/gzll_nrf52_sd_resources_gcc.a(nrf_impala.c.o)
                0x0000000000007450                nrf_impl_xosc_ctl_set
 .text.nrf_impl_state_fun_timeslot_start
                0x000000000000745c      0x568 ../../../nRF5_SDK_15.3.0_59ac345//components/proprietary_rf/gzll/gcc/gzll_nrf52_sd_resources_gcc.a(nrf_impala.c.o)
                0x000000000000745c                nrf_impl_state_fun_timeslot_start
 .text.nrf_impl_state_fun_device_send_packet
                0x00000000000079c4       0x64 ../../../nRF5_SDK_15.3.0_59ac345//components/proprietary_rf/gzll/gcc/gzll_nrf52_sd_resources_gcc.a(nrf_impala.c.o)
                0x00000000000079c4                nrf_impl_state_fun_device_send_packet
 .text.nrf_lcore_device_pa_control_setup
                0x0000000000007a28       0xc4 ../../../nRF5_SDK_15.3.0_59ac345//components/proprietary_rf/gzll/gcc/gzll_nrf52_sd_resources_gcc.a(nrf_link_core.c.o)
                0x0000000000007a28                nrf_lcore_device_pa_control_setup
 .text.nrf_lcore_device_lna_timer_setup
                0x0000000000007aec       0x3c ../../../nRF5_SDK_15.3.0_59ac345//components/proprietary_rf/gzll/gcc/gzll_nrf52_sd_resources_gcc.a(nrf_link_core.c.o)
                0x0000000000007aec                nrf_lcore_device_lna_timer_setup
 .text.nrf_lcore_device_lna_output_clear
                0x0000000000007b28       0x24 ../../../nRF5_SDK_15.3.0_59ac345//components/proprietary_rf/gzll/gcc/gzll_nrf52_sd_resources_gcc.a(nrf_link_core.c.o)
                0x0000000000007b28                nrf_lcore_device_lna_output_clear
 .text.nrf_lcore_get_last_transaction_rf_channel
                0x0000000000007b4c        0xc ../../../nRF5_SDK_15.3.0_59ac345//components/proprietary_rf/gzll/gcc/gzll_nrf52_sd_resources_gcc.a(nrf_link_core.c.o)
                0x0000000000007b4c                nrf_lcore_get_last_transaction_rf_channel
 .text.nrf_lcore_init
                0x0000000000007b58      0x324 ../../../nRF5_SDK_15.3.0_59ac345//components/proprietary_rf/gzll/gcc/gzll_nrf52_sd_resources_gcc.a(nrf_link_core.c.o)
                0x0000000000007b58                nrf_lcore_init
 .text.nrf_lcore_operation_prepare
                0x0000000000007e7c       0xd4 ../../../nRF5_SDK_15.3.0_59ac345//components/proprietary_rf/gzll/gcc/gzll_nrf52_sd_resources_gcc.a(nrf_link_core.c.o)
                0x0000000000007e7c                nrf_lcore_operation_prepare
 .text.nrf_lcore_operation_start
                0x0000000000007f50      0x17c ../../../nRF5_SDK_15.3.0_59ac345//components/proprietary_rf/gzll/gcc/gzll_nrf52_sd_resources_gcc.a(nrf_link_core.c.o)
                0x0000000000007f50                nrf_lcore_operation_start
 .text.nrf_lcore_rx_address_match
                0x00000000000080cc       0x18 ../../../nRF5_SDK_15.3.0_59ac345//components/proprietary_rf/gzll/gcc/gzll_nrf52_sd_resources_gcc.a(nrf_link_core.c.o)
                0x00000000000080cc                nrf_lcore_rx_address_match
 .text.nrf_lcore_disable
                0x00000000000080e4      0x1f0 ../../../nRF5_SDK_15.3.0_59ac345//components/proprietary_rf/gzll/gcc/gzll_nrf52_sd_resources_gcc.a(nrf_link_core.c.o)
                0x00000000000080e4                nrf_lcore_disable
 .text.RADIO_IRQHandler
                0x00000000000082d4      0x8ec ../../../nRF5_SDK_15.3.0_59ac345//components/proprietary_rf/gzll/gcc/gzll_nrf52_sd_resources_gcc.a(nrf_link_core.c.o)
                0x00000000000082d4                RADIO_IRQHandler
 .text.nrf_nm_init
                0x0000000000008bc0       0x38 ../../../nRF5_SDK_15.3.0_59ac345//components/proprietary_rf/gzll/gcc/gzll_nrf52_sd_resources_gcc.a(nrf_notification_manager.c.o)
                0x0000000000008bc0                nrf_nm_init
 .text.nrf_nm_add
                0x0000000000008bf8       0x78 ../../../nRF5_SDK_15.3.0_59ac345//components/proprietary_rf/gzll/gcc/gzll_nrf52_sd_resources_gcc.a(nrf_notification_manager.c.o)
                0x0000000000008bf8                nrf_nm_add
 .text.nrf_nm_notify_queue_space_get
                0x0000000000008c70       0x28 ../../../nRF5_SDK_15.3.0_59ac345//components/proprietary_rf/gzll/gcc/gzll_nrf52_sd_resources_gcc.a(nrf_notification_manager.c.o)
                0x0000000000008c70                nrf_nm_notify_queue_space_get
 .text.SWI1_EGU1_IRQHandler
                0x0000000000008c98       0x78 ../../../nRF5_SDK_15.3.0_59ac345//components/proprietary_rf/gzll/gcc/gzll_nrf52_sd_resources_gcc.a(nrf_notification_manager.c.o)
                0x0000000000008c98                SWI1_EGU1_IRQHandler
 .text.nrf_pm_init
                0x0000000000008d10       0x58 ../../../nRF5_SDK_15.3.0_59ac345//components/proprietary_rf/gzll/gcc/gzll_nrf52_sd_resources_gcc.a(nrf_packet_manager.c.o)
                0x0000000000008d10                nrf_pm_init
 .text.nrf_pm_ptx_fifo_not_empty
                0x0000000000008d68        0xc ../../../nRF5_SDK_15.3.0_59ac345//components/proprietary_rf/gzll/gcc/gzll_nrf52_sd_resources_gcc.a(nrf_packet_manager.c.o)
                0x0000000000008d68                nrf_pm_ptx_fifo_not_empty
 .text.nrf_pm_ptx_start
                0x0000000000008d74       0xbc ../../../nRF5_SDK_15.3.0_59ac345//components/proprietary_rf/gzll/gcc/gzll_nrf52_sd_resources_gcc.a(nrf_packet_manager.c.o)
                0x0000000000008d74                nrf_pm_ptx_start
 .text.nrf_pm_ptx_end
                0x0000000000008e30      0x108 ../../../nRF5_SDK_15.3.0_59ac345//components/proprietary_rf/gzll/gcc/gzll_nrf52_sd_resources_gcc.a(nrf_packet_manager.c.o)
                0x0000000000008e30                nrf_pm_ptx_end
 .text.nrf_pm_current_ptx_pipe_get
                0x0000000000008f38        0xc ../../../nRF5_SDK_15.3.0_59ac345//components/proprietary_rf/gzll/gcc/gzll_nrf52_sd_resources_gcc.a(nrf_packet_manager.c.o)
                0x0000000000008f38                nrf_pm_current_ptx_pipe_get
 .text.nrf_pm_current_ptx_packet_get
                0x0000000000008f44        0xc ../../../nRF5_SDK_15.3.0_59ac345//components/proprietary_rf/gzll/gcc/gzll_nrf52_sd_resources_gcc.a(nrf_packet_manager.c.o)
                0x0000000000008f44                nrf_pm_current_ptx_packet_get
 .text.nrf_pm_current_ptx_ack_ptr_get
                0x0000000000008f50        0xc ../../../nRF5_SDK_15.3.0_59ac345//components/proprietary_rf/gzll/gcc/gzll_nrf52_sd_resources_gcc.a(nrf_packet_manager.c.o)
                0x0000000000008f50                nrf_pm_current_ptx_ack_ptr_get
 .text.nrf_pm_prx_start
                0x0000000000008f5c       0xdc ../../../nRF5_SDK_15.3.0_59ac345//components/proprietary_rf/gzll/gcc/gzll_nrf52_sd_resources_gcc.a(nrf_packet_manager.c.o)
                0x0000000000008f5c                nrf_pm_prx_start
 .text.nrf_pm_prx_end
                0x0000000000009038      0x1b4 ../../../nRF5_SDK_15.3.0_59ac345//components/proprietary_rf/gzll/gcc/gzll_nrf52_sd_resources_gcc.a(nrf_packet_manager.c.o)
                0x0000000000009038                nrf_pm_prx_end
 .text.nrf_pm_state_get
                0x00000000000091ec        0xc ../../../nRF5_SDK_15.3.0_59ac345//components/proprietary_rf/gzll/gcc/gzll_nrf52_sd_resources_gcc.a(nrf_packet_manager.c.o)
                0x00000000000091ec                nrf_pm_state_get
 .text.nrf_pm_tx_fifo_put
                0x00000000000091f8       0x70 ../../../nRF5_SDK_15.3.0_59ac345//components/proprietary_rf/gzll/gcc/gzll_nrf52_sd_resources_gcc.a(nrf_packet_manager.c.o)
                0x00000000000091f8                nrf_pm_tx_fifo_put
 .text.nrf_pm_tx_fifo_packet_num_get
                0x0000000000009268        0x4 ../../../nRF5_SDK_15.3.0_59ac345//components/proprietary_rf/gzll/gcc/gzll_nrf52_sd_resources_gcc.a(nrf_packet_manager.c.o)
                0x0000000000009268                nrf_pm_tx_fifo_packet_num_get
 .text.nrf_pm_rx_fifo_read
                0x000000000000926c        0x8 ../../../nRF5_SDK_15.3.0_59ac345//components/proprietary_rf/gzll/gcc/gzll_nrf52_sd_resources_gcc.a(nrf_packet_manager.c.o)
                0x000000000000926c                nrf_pm_rx_fifo_read
 .text.nrf_pm_rx_fifo_pop
                0x0000000000009274        0x8 ../../../nRF5_SDK_15.3.0_59ac345//components/proprietary_rf/gzll/gcc/gzll_nrf52_sd_resources_gcc.a(nrf_packet_manager.c.o)
                0x0000000000009274                nrf_pm_rx_fifo_pop
 .text.nrf_pm_rx_fifo_packet_num_get
                0x000000000000927c        0x8 ../../../nRF5_SDK_15.3.0_59ac345//components/proprietary_rf/gzll/gcc/gzll_nrf52_sd_resources_gcc.a(nrf_packet_manager.c.o)
                0x000000000000927c                nrf_pm_rx_fifo_packet_num_get
 .text.nrf_pm_packet_reserve
                0x0000000000009284        0x4 ../../../nRF5_SDK_15.3.0_59ac345//components/proprietary_rf/gzll/gcc/gzll_nrf52_sd_resources_gcc.a(nrf_packet_manager.c.o)
                0x0000000000009284                nrf_pm_packet_reserve
 .text.nrf_pm_packet_free
                0x0000000000009288        0x4 ../../../nRF5_SDK_15.3.0_59ac345//components/proprietary_rf/gzll/gcc/gzll_nrf52_sd_resources_gcc.a(nrf_packet_manager.c.o)
                0x0000000000009288                nrf_pm_packet_free
 .text.nrf_pm_fifo_free_packet_num_get
                0x000000000000928c        0x4 ../../../nRF5_SDK_15.3.0_59ac345//components/proprietary_rf/gzll/gcc/gzll_nrf52_sd_resources_gcc.a(nrf_packet_manager.c.o)
                0x000000000000928c                nrf_pm_fifo_free_packet_num_get
 .text.nrf_pm_dyn_ack_status_set
                0x0000000000009290        0xc ../../../nRF5_SDK_15.3.0_59ac345//components/proprietary_rf/gzll/gcc/gzll_nrf52_sd_resources_gcc.a(nrf_packet_manager.c.o)
                0x0000000000009290                nrf_pm_dyn_ack_status_set
 .text.nrf_sm_init
                0x000000000000929c       0x10 ../../../nRF5_SDK_15.3.0_59ac345//components/proprietary_rf/gzll/gcc/gzll_nrf52_sd_resources_gcc.a(nrf_state_machine.c.o)
                0x000000000000929c                nrf_sm_init
 .text.nrf_sm_next_state_set
                0x00000000000092ac       0x1c ../../../nRF5_SDK_15.3.0_59ac345//components/proprietary_rf/gzll/gcc/gzll_nrf52_sd_resources_gcc.a(nrf_state_machine.c.o)
                0x00000000000092ac                nrf_sm_next_state_set
 .text.nrf_sm_current_state_get
                0x00000000000092c8        0xc ../../../nRF5_SDK_15.3.0_59ac345//components/proprietary_rf/gzll/gcc/gzll_nrf52_sd_resources_gcc.a(nrf_state_machine.c.o)
                0x00000000000092c8                nrf_sm_current_state_get
 .text.nrf_sm_next_state_get
                0x00000000000092d4        0xc ../../../nRF5_SDK_15.3.0_59ac345//components/proprietary_rf/gzll/gcc/gzll_nrf52_sd_resources_gcc.a(nrf_state_machine.c.o)
                0x00000000000092d4                nrf_sm_next_state_get
 .text.nrf_sm_execute
                0x00000000000092e0       0x1c ../../../nRF5_SDK_15.3.0_59ac345//components/proprietary_rf/gzll/gcc/gzll_nrf52_sd_resources_gcc.a(nrf_state_machine.c.o)
                0x00000000000092e0                nrf_sm_execute
 .text.nrf_assert_internal_parse_and_forward
                0x00000000000092fc        0x4 ../../../nRF5_SDK_15.3.0_59ac345//components/proprietary_rf/gzll/gcc/gzll_nrf52_sd_resources_gcc.a(nrf_assert_internal.c.o)
                0x00000000000092fc                nrf_assert_internal_parse_and_forward
 .text.nrf_chm_init
                0x0000000000009300       0x28 ../../../nRF5_SDK_15.3.0_59ac345//components/proprietary_rf/gzll/gcc/gzll_nrf52_sd_resources_gcc.a(nrf_channel_manager.c.o)
                0x0000000000009300                nrf_chm_init
 .text.nrf_chm_single_tick_execute
                0x0000000000009328       0x30 ../../../nRF5_SDK_15.3.0_59ac345//components/proprietary_rf/gzll/gcc/gzll_nrf52_sd_resources_gcc.a(nrf_channel_manager.c.o)
                0x0000000000009328                nrf_chm_single_tick_execute
 .text.nrf_chm_current_chan_get
                0x0000000000009358       0x2c ../../../nRF5_SDK_15.3.0_59ac345//components/proprietary_rf/gzll/gcc/gzll_nrf52_sd_resources_gcc.a(nrf_channel_manager.c.o)
                0x0000000000009358                nrf_chm_current_chan_get
 .text.nrf_chm_current_chan_index_set
                0x0000000000009384       0x28 ../../../nRF5_SDK_15.3.0_59ac345//components/proprietary_rf/gzll/gcc/gzll_nrf52_sd_resources_gcc.a(nrf_channel_manager.c.o)
                0x0000000000009384                nrf_chm_current_chan_index_set
 .text.nrf_chm_current_chan_index_get
                0x00000000000093ac        0xc ../../../nRF5_SDK_15.3.0_59ac345//components/proprietary_rf/gzll/gcc/gzll_nrf52_sd_resources_gcc.a(nrf_channel_manager.c.o)
                0x00000000000093ac                nrf_chm_current_chan_index_get
 .text.nrf_chm_current_timeslot_set
                0x00000000000093b8       0x28 ../../../nRF5_SDK_15.3.0_59ac345//components/proprietary_rf/gzll/gcc/gzll_nrf52_sd_resources_gcc.a(nrf_channel_manager.c.o)
                0x00000000000093b8                nrf_chm_current_timeslot_set
 .text.nrf_chm_current_timeslot_get
                0x00000000000093e0        0xc ../../../nRF5_SDK_15.3.0_59ac345//components/proprietary_rf/gzll/gcc/gzll_nrf52_sd_resources_gcc.a(nrf_channel_manager.c.o)
                0x00000000000093e0                nrf_chm_current_timeslot_get
 .text.nrf_fifo_init
                0x00000000000093ec       0xcc ../../../nRF5_SDK_15.3.0_59ac345//components/proprietary_rf/gzll/gcc/gzll_nrf52_sd_resources_gcc.a(nrf_fifo.c.o)
                0x00000000000093ec                nrf_fifo_init
 .text.nrf_fifo_packet_reserve
                0x00000000000094b8       0x8c ../../../nRF5_SDK_15.3.0_59ac345//components/proprietary_rf/gzll/gcc/gzll_nrf52_sd_resources_gcc.a(nrf_fifo.c.o)
                0x00000000000094b8                nrf_fifo_packet_reserve
 .text.nrf_fifo_packet_free
                0x0000000000009544       0xac ../../../nRF5_SDK_15.3.0_59ac345//components/proprietary_rf/gzll/gcc/gzll_nrf52_sd_resources_gcc.a(nrf_fifo.c.o)
                0x0000000000009544                nrf_fifo_packet_free
 .text.nrf_fifo_packet_put
                0x00000000000095f0       0xd4 ../../../nRF5_SDK_15.3.0_59ac345//components/proprietary_rf/gzll/gcc/gzll_nrf52_sd_resources_gcc.a(nrf_fifo.c.o)
                0x00000000000095f0                nrf_fifo_packet_put
 .text.nrf_fifo_packet_pop
                0x00000000000096c4       0x58 ../../../nRF5_SDK_15.3.0_59ac345//components/proprietary_rf/gzll/gcc/gzll_nrf52_sd_resources_gcc.a(nrf_fifo.c.o)
                0x00000000000096c4                nrf_fifo_packet_pop
 .text.nrf_fifo_packet_read
                0x000000000000971c       0x3c ../../../nRF5_SDK_15.3.0_59ac345//components/proprietary_rf/gzll/gcc/gzll_nrf52_sd_resources_gcc.a(nrf_fifo.c.o)
                0x000000000000971c                nrf_fifo_packet_read
 .text.nrf_fifo_packet_num_get
                0x0000000000009758       0x24 ../../../nRF5_SDK_15.3.0_59ac345//components/proprietary_rf/gzll/gcc/gzll_nrf52_sd_resources_gcc.a(nrf_fifo.c.o)
                0x0000000000009758                nrf_fifo_packet_num_get
 .text.nrf_fifo_free_packet_num_get
                0x000000000000977c        0xc ../../../nRF5_SDK_15.3.0_59ac345//components/proprietary_rf/gzll/gcc/gzll_nrf52_sd_resources_gcc.a(nrf_fifo.c.o)
                0x000000000000977c                nrf_fifo_free_packet_num_get
 .text.nrf_flw_init
                0x0000000000009788       0x70 ../../../nRF5_SDK_15.3.0_59ac345//components/proprietary_rf/gzll/gcc/gzll_nrf52_sd_resources_gcc.a(nrf_flywheel.c.o)
                0x0000000000009788                nrf_flw_init
 .text.nrf_flw_start
                0x00000000000097f8       0x18 ../../../nRF5_SDK_15.3.0_59ac345//components/proprietary_rf/gzll/gcc/gzll_nrf52_sd_resources_gcc.a(nrf_flywheel.c.o)
                0x00000000000097f8                nrf_flw_start
 .text.nrf_flw_stop
                0x0000000000009810       0x44 ../../../nRF5_SDK_15.3.0_59ac345//components/proprietary_rf/gzll/gcc/gzll_nrf52_sd_resources_gcc.a(nrf_flywheel.c.o)
                0x0000000000009810                nrf_flw_stop
 .text.nrf_flw_runstate_get
                0x0000000000009854        0xc ../../../nRF5_SDK_15.3.0_59ac345//components/proprietary_rf/gzll/gcc/gzll_nrf52_sd_resources_gcc.a(nrf_flywheel.c.o)
                0x0000000000009854                nrf_flw_runstate_get
 .text.nrf_flw_task_is_delayed
                0x0000000000009860        0xc ../../../nRF5_SDK_15.3.0_59ac345//components/proprietary_rf/gzll/gcc/gzll_nrf52_sd_resources_gcc.a(nrf_flywheel.c.o)
                0x0000000000009860                nrf_flw_task_is_delayed
 .text.nrf_flw_call_prepare
                0x000000000000986c      0x140 ../../../nRF5_SDK_15.3.0_59ac345//components/proprietary_rf/gzll/gcc/gzll_nrf52_sd_resources_gcc.a(nrf_flywheel.c.o)
                0x000000000000986c                nrf_flw_call_prepare
 .text.nrf_flw_capture_task_get
                0x00000000000099ac        0x8 ../../../nRF5_SDK_15.3.0_59ac345//components/proprietary_rf/gzll/gcc/gzll_nrf52_sd_resources_gcc.a(nrf_flywheel.c.o)
                0x00000000000099ac                nrf_flw_capture_task_get
 .text.nrf_flw_call_event_get
                0x00000000000099b4        0x8 ../../../nRF5_SDK_15.3.0_59ac345//components/proprietary_rf/gzll/gcc/gzll_nrf52_sd_resources_gcc.a(nrf_flywheel.c.o)
                0x00000000000099b4                nrf_flw_call_event_get
 .text.TIMER0_IRQHandler
                0x00000000000099bc       0x70 ../../../nRF5_SDK_15.3.0_59ac345//components/proprietary_rf/gzll/gcc/gzll_nrf52_sd_resources_gcc.a(nrf_flywheel.c.o)
                0x00000000000099bc                TIMER0_IRQHandler
 .text          0x0000000000009a2c        0xc /usr/lib/gcc/arm-none-eabi/7.3.1/../../../arm-none-eabi/lib/thumb/v7e-m/fpv4-sp/hard/libc_nano.a(lib_a-atexit.o)
                0x0000000000009a2c                atexit
 .text          0x0000000000009a38       0x28 /usr/lib/gcc/arm-none-eabi/7.3.1/../../../arm-none-eabi/lib/thumb/v7e-m/fpv4-sp/hard/libc_nano.a(lib_a-exit.o)
                0x0000000000009a38                exit
 .text          0x0000000000009a60       0x34 /usr/lib/gcc/arm-none-eabi/7.3.1/../../../arm-none-eabi/lib/thumb/v7e-m/fpv4-sp/hard/libc_nano.a(lib_a-fini.o)
                0x0000000000009a60                __libc_fini_array
 .text          0x0000000000009a94       0x48 /usr/lib/gcc/arm-none-eabi/7.3.1/../../../arm-none-eabi/lib/thumb/v7e-m/fpv4-sp/hard/libc_nano.a(lib_a-init.o)
                0x0000000000009a94                __libc_init_array
 .text          0x0000000000009adc      0x134 /usr/lib/gcc/arm-none-eabi/7.3.1/../../../arm-none-eabi/lib/thumb/v7e-m/fpv4-sp/hard/libc_nano.a(lib_a-memcpy.o)
                0x0000000000009adc                memcpy
 .text          0x0000000000009c10       0x94 /usr/lib/gcc/arm-none-eabi/7.3.1/../../../arm-none-eabi/lib/thumb/v7e-m/fpv4-sp/hard/libc_nano.a(lib_a-memset.o)
                0x0000000000009c10                memset
 *fill*         0x0000000000009ca4       0x1c 
 .text          0x0000000000009cc0       0xdc /usr/lib/gcc/arm-none-eabi/7.3.1/../../../arm-none-eabi/lib/thumb/v7e-m/fpv4-sp/hard/libc_nano.a(lib_a-strlen.o)
                0x0000000000009cc0                strlen
 .text          0x0000000000009d9c       0xa4 /usr/lib/gcc/arm-none-eabi/7.3.1/../../../arm-none-eabi/lib/thumb/v7e-m/fpv4-sp/hard/libc_nano.a(lib_a-__atexit.o)
                0x0000000000009d9c                __register_exitproc
 .text          0x0000000000009e40       0xa4 /usr/lib/gcc/arm-none-eabi/7.3.1/../../../arm-none-eabi/lib/thumb/v7e-m/fpv4-sp/hard/libc_nano.a(lib_a-__call_atexit.o)
                0x0000000000009e40                __call_exitprocs
 .text          0x0000000000009ee4        0x4 /usr/lib/gcc/arm-none-eabi/7.3.1/../../../arm-none-eabi/lib/thumb/v7e-m/fpv4-sp/hard/libnosys.a(_exit.o)
                0x0000000000009ee4                _exit
 .text          0x0000000000009ee8       0x30 /usr/lib/gcc/arm-none-eabi/7.3.1/thumb/v7e-m/fpv4-sp/hard/libgcc.a(_aeabi_uldivmod.o)
                0x0000000000009ee8                __aeabi_uldivmod
 .text          0x0000000000009f18      0x2cc /usr/lib/gcc/arm-none-eabi/7.3.1/thumb/v7e-m/fpv4-sp/hard/libgcc.a(_udivmoddi4.o)
                0x0000000000009f18                __udivmoddi4
 .text          0x000000000000a1e4        0x4 /usr/lib/gcc/arm-none-eabi/7.3.1/thumb/v7e-m/fpv4-sp/hard/libgcc.a(_dvmd_tls.o)
                0x000000000000a1e4                __aeabi_ldiv0
                0x000000000000a1e4                __aeabi_idiv0
 *(.init)
 .init          0x000000000000a1e8        0x4 /usr/lib/gcc/arm-none-eabi/7.3.1/thumb/v7e-m/fpv4-sp/hard/crti.o
                0x000000000000a1e8                _init
 .init          0x000000000000a1ec        0x8 /usr/lib/gcc/arm-none-eabi/7.3.1/thumb/v7e-m/fpv4-sp/hard/crtn.o
 *(.fini)
 .fini          0x000000000000a1f4        0x4 /usr/lib/gcc/arm-none-eabi/7.3.1/thumb/v7e-m/fpv4-sp/hard/crti.o
                0x000000000000a1f4                _fini
 .fini          0x000000000000a1f8        0x8 /usr/lib/gcc/arm-none-eabi/7.3.1/thumb/v7e-m/fpv4-sp/hard/crtn.o
 *crtbegin.o(.ctors)
 *crtbegin?.o(.ctors)
 *(EXCLUDE_FILE(*crtend.o *crtend?.o) .ctors)
 *(SORT_BY_NAME(.ctors.*))
 *(.ctors)
 *crtbegin.o(.dtors)
 *crtbegin?.o(.dtors)
 *(EXCLUDE_FILE(*crtend.o *crtend?.o) .dtors)
 *(SORT_BY_NAME(.dtors.*))
 *(.dtors)
 *(.rodata*)
 .rodata.main.str1.4
                0x000000000000a200      0x125 _build/nrf52832_xxaa/main.c.o
 *fill*         0x000000000000a325        0x3 
 .rodata.nrf_gzll_device_tx_failed.str1.4
                0x000000000000a328       0x1b _build/nrf52832_xxaa/main.c.o
 *fill*         0x000000000000a343        0x1 
 .rodata.nrf_gzll_device_tx_success.str1.4
                0x000000000000a344       0x1f _build/nrf52832_xxaa/main.c.o
 *fill*         0x000000000000a363        0x1 
 .rodata.F8X16  0x000000000000a364      0x5f0 _build/nrf52832_xxaa/oled.c.o
                0x000000000000a364                F8X16
 *fill*         0x000000000000a954        0xc 
 .rodata.delay_machine_code.7893
                0x000000000000a960        0x6 _build/nrf52832_xxaa/oled.c.o
 *fill*         0x000000000000a966        0x2 
 .rodata        0x000000000000a968       0x20 _build/nrf52832_xxaa/nrf_log_backend_uart.c.o
 .rodata.nrf_log_backend_uart_api
                0x000000000000a988        0xc _build/nrf52832_xxaa/nrf_log_backend_uart.c.o
                0x000000000000a988                nrf_log_backend_uart_api
 .rodata.str1.4
                0x000000000000a994       0x11 _build/nrf52832_xxaa/nrf_log_default_backends.c.o
 *fill*         0x000000000000a9a5        0x3 
 .rodata.m_log_push_ringbuf
                0x000000000000a9a8        0xc _build/nrf52832_xxaa/nrf_log_frontend.c.o
 .rodata.nrf_log_frontend_dequeue.part.6.str1.4
                0x000000000000a9b4       0x11 _build/nrf52832_xxaa/nrf_log_frontend.c.o
 *fill*         0x000000000000a9c5        0x3 
 .rodata.str1.4
                0x000000000000a9c8        0x4 _build/nrf52832_xxaa/nrf_log_frontend.c.o
 .rodata.m_colors
                0x000000000000a9cc       0x24 _build/nrf52832_xxaa/nrf_log_str_formatter.c.o
 .rodata.nrf_log_hexdump_entry_process.str1.4
                0x000000000000a9f0       0x13 _build/nrf52832_xxaa/nrf_log_str_formatter.c.o
                                         0x16 (size before relaxing)
 *fill*         0x000000000000aa03        0x1 
 .rodata.nrf_log_std_entry_process.str1.4
                0x000000000000aa04       0x36 _build/nrf52832_xxaa/nrf_log_str_formatter.c.o
                                         0x3b (size before relaxing)
 *fill*         0x000000000000aa3a        0x2 
 .rodata.severity_names
                0x000000000000aa3c       0x14 _build/nrf52832_xxaa/nrf_log_str_formatter.c.o
 .rodata.str1.4
                0x000000000000aa50       0x56 _build/nrf52832_xxaa/nrf_log_str_formatter.c.o
 *fill*         0x000000000000aaa6        0x2 
 .rodata.m_board_btn_list
                0x000000000000aaa8        0x4 _build/nrf52832_xxaa/boards.c.o
 .rodata.m_board_led_list
                0x000000000000aaac        0x4 _build/nrf52832_xxaa/boards.c.o
 .rodata.m_detection_delay_timer_id
                0x000000000000aab0        0x4 _build/nrf52832_xxaa/app_button.c.o
 .rodata.app_error_fault_handler.str1.4
                0x000000000000aab4       0x19 _build/nrf52832_xxaa/app_error_weak.c.o
 *fill*         0x000000000000aacd        0x3 
 .rodata.delay_machine_code.8295
                0x000000000000aad0        0x6 _build/nrf52832_xxaa/app_timer.c.o
 *fill*         0x000000000000aad6        0x2 
 .rodata._aV2C.7380
                0x000000000000aad8       0x10 _build/nrf52832_xxaa/nrf_fprintf_format.c.o
 .rodata.str1.4
                0x000000000000aae8        0x7 _build/nrf52832_xxaa/nrfx_gpiote.c.o
 *fill*         0x000000000000aaef        0x1 
 .rodata.str1.4
                0x000000000000aaf0        0x4 _build/nrf52832_xxaa/nrfx_prs.c.o
 .rodata.str1.4
                0x000000000000aaf4        0x5 _build/nrf52832_xxaa/nrfx_uart.c.o
 *fill*         0x000000000000aaf9        0x3 
 .rodata.str1.4
                0x000000000000aafc        0x8 _build/nrf52832_xxaa/nrfx_uarte.c.o
                                          0x6 (size before relaxing)
 .rodata.app_buttons
                0x000000000000ab04       0x20 _build/nrf52832_xxaa/bsp.c.o
 .rodata.m_bsp_alert_tmr
                0x000000000000ab24        0x4 _build/nrf52832_xxaa/bsp.c.o
 .rodata.m_bsp_button_tmr
                0x000000000000ab28        0x4 _build/nrf52832_xxaa/bsp.c.o
 .rodata.m_bsp_leds_tmr
                0x000000000000ab2c        0x4 _build/nrf52832_xxaa/bsp.c.o
 .rodata.m_lcore_operation_params
                0x000000000000ab30       0x30 ../../../nRF5_SDK_15.3.0_59ac345//components/proprietary_rf/gzll/gcc/gzll_nrf52_sd_resources_gcc.a(nrf_link_core.c.o)
 .rodata        0x000000000000ab60      0x101 /usr/lib/gcc/arm-none-eabi/7.3.1/../../../arm-none-eabi/lib/thumb/v7e-m/fpv4-sp/hard/libc_nano.a(lib_a-ctype_.o)
                0x000000000000ab60                _ctype_
 *fill*         0x000000000000ac61        0x3 
 .rodata        0x000000000000ac64        0x4 /usr/lib/gcc/arm-none-eabi/7.3.1/../../../arm-none-eabi/lib/thumb/v7e-m/fpv4-sp/hard/libc_nano.a(lib_a-impure.o)
                0x000000000000ac64                _global_impure_ptr
 *(.eh_frame*)
 .eh_frame      0x000000000000ac68        0x0 /usr/lib/gcc/arm-none-eabi/7.3.1/thumb/v7e-m/fpv4-sp/hard/crtbegin.o
 .eh_frame      0x000000000000ac68        0x4 /usr/lib/gcc/arm-none-eabi/7.3.1/thumb/v7e-m/fpv4-sp/hard/crtend.o

.glue_7         0x000000000000ac6c        0x0
 .glue_7        0x000000000000ac6c        0x0 linker stubs

.glue_7t        0x000000000000ac6c        0x0
 .glue_7t       0x000000000000ac6c        0x0 linker stubs

.vfp11_veneer   0x000000000000ac6c        0x0
 .vfp11_veneer  0x000000000000ac6c        0x0 linker stubs

.v4_bx          0x000000000000ac6c        0x0
 .v4_bx         0x000000000000ac6c        0x0 linker stubs

.iplt           0x000000000000ac6c        0x0
 .iplt          0x000000000000ac6c        0x0 /usr/lib/gcc/arm-none-eabi/7.3.1/thumb/v7e-m/fpv4-sp/hard/crtbegin.o

.mem_section_dummy_rom

.log_const_data
                0x000000000000ac6c       0x28
                0x000000000000ac6c                PROVIDE (__start_log_const_data = .)
 *(SORT_BY_NAME(.log_const_data*))
 .log_const_data_GPIOTE
                0x000000000000ac6c        0x8 _build/nrf52832_xxaa/nrfx_gpiote.c.o
                0x000000000000ac6c                m_nrf_log_GPIOTE_logs_data_const
 .log_const_data_PRS
                0x000000000000ac74        0x8 _build/nrf52832_xxaa/nrfx_prs.c.o
                0x000000000000ac74                m_nrf_log_PRS_logs_data_const
 .log_const_data_UART
                0x000000000000ac7c        0x8 _build/nrf52832_xxaa/nrfx_uart.c.o
                0x000000000000ac7c                m_nrf_log_UART_logs_data_const
 .log_const_data_UARTE
                0x000000000000ac84        0x8 _build/nrf52832_xxaa/nrfx_uarte.c.o
                0x000000000000ac84                m_nrf_log_UARTE_logs_data_const
 .log_const_data_app
                0x000000000000ac8c        0x8 _build/nrf52832_xxaa/nrf_log_frontend.c.o
                0x000000000000ac8c                m_nrf_log_app_logs_data_const
                0x000000000000ac94                PROVIDE (__stop_log_const_data = .)

.log_backends   0x000000000000ac94       0x10
                [!provide]                        PROVIDE (__start_log_backends = .)
 *(SORT_BY_NAME(.log_backends*))
 .log_backends  0x000000000000ac94       0x10 _build/nrf52832_xxaa/nrf_log_default_backends.c.o
                [!provide]                        PROVIDE (__stop_log_backends = .)

.nrf_balloc     0x000000000000aca4       0x14
                [!provide]                        PROVIDE (__start_nrf_balloc = .)
 *(.nrf_balloc)
 .nrf_balloc    0x000000000000aca4       0x14 _build/nrf52832_xxaa/nrf_log_frontend.c.o
                0x000000000000aca4                log_mempool
                [!provide]                        PROVIDE (__stop_nrf_balloc = .)

.ARM.extab
 *(.ARM.extab* .gnu.linkonce.armextab.*)
                0x000000000000acb8                __exidx_start = .

.ARM.exidx      0x000000000000acb8        0x8
 *(.ARM.exidx* .gnu.linkonce.armexidx.*)
 .ARM.exidx     0x000000000000acb8        0x8 /usr/lib/gcc/arm-none-eabi/7.3.1/../../../arm-none-eabi/lib/thumb/v7e-m/fpv4-sp/hard/crt0.o
 .ARM.exidx     0x000000000000acc0        0x0 /usr/lib/gcc/arm-none-eabi/7.3.1/thumb/v7e-m/fpv4-sp/hard/libgcc.a(_udivmoddi4.o)
                                          0x8 (size before relaxing)
                0x000000000000acc0                __exidx_end = .
                0x000000000000acc0                __etext = .

.rel.dyn        0x000000000000acc0        0x0
 .rel.iplt      0x000000000000acc0        0x0 /usr/lib/gcc/arm-none-eabi/7.3.1/thumb/v7e-m/fpv4-sp/hard/crtbegin.o

.data           0x0000000020000000      0x4a8 load address 0x000000000000acc0
                0x0000000020000000                __data_start__ = .
 *(vtable)
 *(.data*)
 .data.F16x16   0x0000000020000000      0x400 _build/nrf52832_xxaa/oled.c.o
                0x0000000020000000                F16x16
 .data.SystemCoreClock
                0x0000000020000400        0x4 _build/nrf52832_xxaa/system_nrf52.c.o
                0x0000000020000400                SystemCoreClock
 .data.m_uart   0x0000000020000404       0x14 _build/nrf52832_xxaa/nrf_log_backend_uart.c.o
                0x0000000020000404                m_uart
 .data.log_backend_cb_uart_log_backend
                0x0000000020000418        0x8 _build/nrf52832_xxaa/nrf_log_default_backends.c.o
 .data.m_channel_table
                0x0000000020000420       0x10 ../../../nRF5_SDK_15.3.0_59ac345//components/proprietary_rf/gzll/gcc/gzll_nrf52_sd_resources_gcc.a(nrf_gzll.c.o)
 .data.m_channel_table_size
                0x0000000020000430        0x4 ../../../nRF5_SDK_15.3.0_59ac345//components/proprietary_rf/gzll/gcc/gzll_nrf52_sd_resources_gcc.a(nrf_gzll.c.o)
 .data.m_state_functions
                0x0000000020000434        0x8 ../../../nRF5_SDK_15.3.0_59ac345//components/proprietary_rf/gzll/gcc/gzll_nrf52_sd_resources_gcc.a(nrf_state_machine.c.o)
                0x0000000020000434                m_state_functions
 .data          0x000000002000043c       0x64 /usr/lib/gcc/arm-none-eabi/7.3.1/../../../arm-none-eabi/lib/thumb/v7e-m/fpv4-sp/hard/libc_nano.a(lib_a-impure.o)
                0x000000002000043c                _impure_ptr
                0x00000000200004a0                . = ALIGN (0x4)
                0x00000000200004a0                PROVIDE (__preinit_array_start = .)
 *(.preinit_array)
                0x00000000200004a0                PROVIDE (__preinit_array_end = .)
                0x00000000200004a0                . = ALIGN (0x4)
                0x00000000200004a0                PROVIDE (__init_array_start = .)
 *(SORT_BY_NAME(.init_array.*))
 *(.init_array)
 .init_array    0x00000000200004a0        0x4 /usr/lib/gcc/arm-none-eabi/7.3.1/thumb/v7e-m/fpv4-sp/hard/crtbegin.o
                0x00000000200004a4                PROVIDE (__init_array_end = .)
                0x00000000200004a4                . = ALIGN (0x4)
                0x00000000200004a4                PROVIDE (__fini_array_start = .)
 *(SORT_BY_NAME(.fini_array.*))
 *(.fini_array)
 .fini_array    0x00000000200004a4        0x4 /usr/lib/gcc/arm-none-eabi/7.3.1/thumb/v7e-m/fpv4-sp/hard/crtbegin.o
                0x00000000200004a8                PROVIDE (__fini_array_end = .)
 *(.jcr*)
                0x00000000200004a8                . = ALIGN (0x4)
                0x00000000200004a8                __data_end__ = .
LOAD /usr/lib/gcc/arm-none-eabi/7.3.1/thumb/v7e-m/fpv4-sp/hard/crti.o
LOAD /usr/lib/gcc/arm-none-eabi/7.3.1/thumb/v7e-m/fpv4-sp/hard/crtbegin.o
LOAD /usr/lib/gcc/arm-none-eabi/7.3.1/../../../arm-none-eabi/lib/thumb/v7e-m/fpv4-sp/hard/crt0.o
LOAD _build/nrf52832_xxaa/main.c.o
LOAD _build/nrf52832_xxaa/oled.c.o
LOAD _build/nrf52832_xxaa/beep.c.o
LOAD _build/nrf52832_xxaa/led.c.o
LOAD _build/nrf52832_xxaa/key.c.o
LOAD _build/nrf52832_xxaa/gcc_startup_nrf52.S.o
LOAD _build/nrf52832_xxaa/system_nrf52.c.o
LOAD _build/nrf52832_xxaa/nrf_log_backend_rtt.c.o
LOAD _build/nrf52832_xxaa/nrf_log_backend_serial.c.o
LOAD _build/nrf52832_xxaa/nrf_log_backend_uart.c.o
LOAD _build/nrf52832_xxaa/nrf_log_default_backends.c.o
LOAD _build/nrf52832_xxaa/nrf_log_frontend.c.o
LOAD _build/nrf52832_xxaa/nrf_log_str_formatter.c.o
LOAD _build/nrf52832_xxaa/boards.c.o
LOAD _build/nrf52832_xxaa/app_button.c.o
LOAD _build/nrf52832_xxaa/app_error.c.o
LOAD _build/nrf52832_xxaa/app_error_handler_gcc.c.o
LOAD _build/nrf52832_xxaa/app_error_weak.c.o
LOAD _build/nrf52832_xxaa/app_scheduler.c.o
LOAD _build/nrf52832_xxaa/app_timer.c.o
LOAD _build/nrf52832_xxaa/app_util_platform.c.o
LOAD _build/nrf52832_xxaa/nrf_assert.c.o
LOAD _build/nrf52832_xxaa/nrf_atomic.c.o
LOAD _build/nrf52832_xxaa/nrf_balloc.c.o
LOAD _build/nrf52832_xxaa/nrf_fprintf.c.o
LOAD _build/nrf52832_xxaa/nrf_fprintf_format.c.o
LOAD _build/nrf52832_xxaa/nrf_memobj.c.o
LOAD _build/nrf52832_xxaa/nrf_ringbuf.c.o
LOAD _build/nrf52832_xxaa/nrf_strerror.c.o
LOAD _build/nrf52832_xxaa/nrf_drv_uart.c.o
LOAD _build/nrf52832_xxaa/nrfx_atomic.c.o
LOAD _build/nrf52832_xxaa/nrfx_gpiote.c.o
LOAD _build/nrf52832_xxaa/nrfx_prs.c.o
LOAD _build/nrf52832_xxaa/nrfx_uart.c.o
LOAD _build/nrf52832_xxaa/nrfx_uarte.c.o
LOAD _build/nrf52832_xxaa/bsp.c.o
LOAD _build/nrf52832_xxaa/SEGGER_RTT.c.o
LOAD _build/nrf52832_xxaa/SEGGER_RTT_Syscalls_GCC.c.o
LOAD _build/nrf52832_xxaa/SEGGER_RTT_printf.c.o
LOAD ../../../nRF5_SDK_15.3.0_59ac345//components/proprietary_rf/gzll/gcc/gzll_nrf52_sd_resources_gcc.a
LOAD /usr/lib/gcc/arm-none-eabi/7.3.1/../../../arm-none-eabi/lib/thumb/v7e-m/fpv4-sp/hard/libc_nano.a
LOAD /usr/lib/gcc/arm-none-eabi/7.3.1/../../../arm-none-eabi/lib/thumb/v7e-m/fpv4-sp/hard/libnosys.a
LOAD /usr/lib/gcc/arm-none-eabi/7.3.1/../../../arm-none-eabi/lib/thumb/v7e-m/fpv4-sp/hard/libm.a
START GROUP
LOAD /usr/lib/gcc/arm-none-eabi/7.3.1/thumb/v7e-m/fpv4-sp/hard/libgcc.a
LOAD /usr/lib/gcc/arm-none-eabi/7.3.1/../../../arm-none-eabi/lib/thumb/v7e-m/fpv4-sp/hard/libg_nano.a
LOAD /usr/lib/gcc/arm-none-eabi/7.3.1/../../../arm-none-eabi/lib/thumb/v7e-m/fpv4-sp/hard/libc_nano.a
END GROUP
START GROUP
LOAD /usr/lib/gcc/arm-none-eabi/7.3.1/thumb/v7e-m/fpv4-sp/hard/libgcc.a
LOAD /usr/lib/gcc/arm-none-eabi/7.3.1/../../../arm-none-eabi/lib/thumb/v7e-m/fpv4-sp/hard/libc_nano.a
END GROUP
LOAD /usr/lib/gcc/arm-none-eabi/7.3.1/thumb/v7e-m/fpv4-sp/hard/crtend.o
LOAD /usr/lib/gcc/arm-none-eabi/7.3.1/thumb/v7e-m/fpv4-sp/hard/crtn.o
START GROUP
LOAD /usr/lib/gcc/arm-none-eabi/7.3.1/thumb/v7e-m/fpv4-sp/hard/libgcc.a
LOAD /usr/lib/gcc/arm-none-eabi/7.3.1/../../../arm-none-eabi/lib/thumb/v7e-m/fpv4-sp/hard/libc.a
LOAD /usr/lib/gcc/arm-none-eabi/7.3.1/../../../arm-none-eabi/lib/thumb/v7e-m/fpv4-sp/hard/libnosys.a
END GROUP

.tm_clone_table
                0x00000000200004a8        0x0 load address 0x000000000000b168
 .tm_clone_table
                0x00000000200004a8        0x0 /usr/lib/gcc/arm-none-eabi/7.3.1/thumb/v7e-m/fpv4-sp/hard/crtbegin.o
 .tm_clone_table
                0x00000000200004a8        0x0 /usr/lib/gcc/arm-none-eabi/7.3.1/thumb/v7e-m/fpv4-sp/hard/crtend.o

.igot.plt       0x00000000200004a8        0x0 load address 0x000000000000b168
 .igot.plt      0x00000000200004a8        0x0 /usr/lib/gcc/arm-none-eabi/7.3.1/thumb/v7e-m/fpv4-sp/hard/crtbegin.o
                0x00000000200004a8                . = ALIGN (0x4)

.mem_section_dummy_ram

.log_dynamic_data
                0x00000000200004a8        0x0
                0x00000000200004a8                PROVIDE (__start_log_dynamic_data = .)
 *(SORT_BY_NAME(.log_dynamic_data*))
                [!provide]                        PROVIDE (__stop_log_dynamic_data = .)

.log_filter_data
                0x00000000200004a8        0x0
                [!provide]                        PROVIDE (__start_log_filter_data = .)
 *(SORT_BY_NAME(.log_filter_data*))
                [!provide]                        PROVIDE (__stop_log_filter_data = .)

.bss            0x00000000200004a8      0xdf4 load address 0x000000000000b168
                0x00000000200004a8                . = ALIGN (0x4)
                0x00000000200004a8                __bss_start__ = .
 *(.bss*)
 .bss           0x00000000200004a8       0x1c /usr/lib/gcc/arm-none-eabi/7.3.1/thumb/v7e-m/fpv4-sp/hard/crtbegin.o
 .bss.disconnect_time
                0x00000000200004c4        0x2 _build/nrf52832_xxaa/main.c.o
                0x00000000200004c4                disconnect_time
 *fill*         0x00000000200004c6        0x2 
 .bss.m_ack_payload
                0x00000000200004c8       0x20 _build/nrf52832_xxaa/main.c.o
 .bss.m_data_payload
                0x00000000200004e8        0x1 _build/nrf52832_xxaa/main.c.o
 *fill*         0x00000000200004e9        0x3 
 .bss.m_statistics
                0x00000000200004ec       0x88 _build/nrf52832_xxaa/main.c.o
 .bss.m_async_mode
                0x0000000020000574        0x1 _build/nrf52832_xxaa/nrf_log_backend_uart.c.o
 *fill*         0x0000000020000575        0x3 
 .bss.m_string_buff
                0x0000000020000578       0x40 _build/nrf52832_xxaa/nrf_log_backend_uart.c.o
 .bss.m_xfer_done
                0x00000000200005b8        0x1 _build/nrf52832_xxaa/nrf_log_backend_uart.c.o
 *fill*         0x00000000200005b9        0x3 
 .bss.log_mempool_nrf_balloc_cb
                0x00000000200005bc        0x8 _build/nrf52832_xxaa/nrf_log_frontend.c.o
 .bss.log_mempool_nrf_balloc_pool_mem
                0x00000000200005c4       0xc0 _build/nrf52832_xxaa/nrf_log_frontend.c.o
 .bss.log_mempool_nrf_balloc_pool_stack
                0x0000000020000684        0x8 _build/nrf52832_xxaa/nrf_log_frontend.c.o
 .bss.m_log_data
                0x000000002000068c      0x424 _build/nrf52832_xxaa/nrf_log_frontend.c.o
 .bss.m_log_push_ringbuf_buf
                0x0000000020000ab0       0x80 _build/nrf52832_xxaa/nrf_log_frontend.c.o
 .bss.m_log_push_ringbuf_cb
                0x0000000020000b30       0x18 _build/nrf52832_xxaa/nrf_log_frontend.c.o
 .bss.m_button_count
                0x0000000020000b48        0x1 _build/nrf52832_xxaa/app_button.c.o
 *fill*         0x0000000020000b49        0x3 
 .bss.m_detection_delay
                0x0000000020000b4c        0x4 _build/nrf52832_xxaa/app_button.c.o
 .bss.m_detection_delay_timer_id_data
                0x0000000020000b50       0x20 _build/nrf52832_xxaa/app_button.c.o
 .bss.m_pin_state
                0x0000000020000b70        0x8 _build/nrf52832_xxaa/app_button.c.o
 .bss.m_pin_transition
                0x0000000020000b78        0x8 _build/nrf52832_xxaa/app_button.c.o
 .bss.mp_buttons
                0x0000000020000b80        0x4 _build/nrf52832_xxaa/app_button.c.o
 .bss.m_op_queue
                0x0000000020000b84      0x10c _build/nrf52832_xxaa/app_timer.c.o
 .bss.m_rtc1_reset
                0x0000000020000c90        0x1 _build/nrf52832_xxaa/app_timer.c.o
 .bss.m_rtc1_running
                0x0000000020000c91        0x1 _build/nrf52832_xxaa/app_timer.c.o
 *fill*         0x0000000020000c92        0x2 
 .bss.m_ticks_elapsed
                0x0000000020000c94        0x8 _build/nrf52832_xxaa/app_timer.c.o
 .bss.m_ticks_elapsed_q_read_ind
                0x0000000020000c9c        0x1 _build/nrf52832_xxaa/app_timer.c.o
 .bss.m_ticks_elapsed_q_write_ind
                0x0000000020000c9d        0x1 _build/nrf52832_xxaa/app_timer.c.o
 *fill*         0x0000000020000c9e        0x2 
 .bss.m_ticks_latest
                0x0000000020000ca0        0x4 _build/nrf52832_xxaa/app_timer.c.o
 .bss.mp_timer_id_head
                0x0000000020000ca4        0x4 _build/nrf52832_xxaa/app_timer.c.o
 .bss.m_in_critical_region
                0x0000000020000ca8        0x4 _build/nrf52832_xxaa/app_util_platform.c.o
 .bss.m_contexts
                0x0000000020000cac        0x4 _build/nrf52832_xxaa/nrf_drv_uart.c.o
 .bss.m_handlers
                0x0000000020000cb0        0x4 _build/nrf52832_xxaa/nrf_drv_uart.c.o
 .bss.m_cb      0x0000000020000cb4       0x5c _build/nrf52832_xxaa/nrfx_gpiote.c.o
 .bss.m_prs_box_4
                0x0000000020000d10        0x8 _build/nrf52832_xxaa/nrfx_prs.c.o
 .bss.m_cb      0x0000000020000d18       0x2c _build/nrf52832_xxaa/nrfx_uart.c.o
 .bss.m_cb      0x0000000020000d44       0x24 _build/nrf52832_xxaa/nrfx_uarte.c.o
 .bss.current_long_push_pin_no.8427
                0x0000000020000d68        0x1 _build/nrf52832_xxaa/bsp.c.o
 .bss.m_alert_on
                0x0000000020000d69        0x1 _build/nrf52832_xxaa/bsp.c.o
 *fill*         0x0000000020000d6a        0x2 
 .bss.m_bsp_alert_tmr_data
                0x0000000020000d6c       0x20 _build/nrf52832_xxaa/bsp.c.o
 .bss.m_bsp_button_tmr_data
                0x0000000020000d8c       0x20 _build/nrf52832_xxaa/bsp.c.o
 .bss.m_bsp_leds_tmr_data
                0x0000000020000dac       0x20 _build/nrf52832_xxaa/bsp.c.o
 .bss.m_events_list
                0x0000000020000dcc        0xc _build/nrf52832_xxaa/bsp.c.o
 .bss.m_indication_type
                0x0000000020000dd8        0x4 _build/nrf52832_xxaa/bsp.c.o
 .bss.m_leds_clear
                0x0000000020000ddc        0x1 _build/nrf52832_xxaa/bsp.c.o
 *fill*         0x0000000020000ddd        0x3 
 .bss.m_registered_callback
                0x0000000020000de0        0x4 _build/nrf52832_xxaa/bsp.c.o
 .bss.m_stable_state
                0x0000000020000de4        0x1 _build/nrf52832_xxaa/bsp.c.o
 *fill*         0x0000000020000de5        0x3 
 .bss.release_event_at_push.8428
                0x0000000020000de8        0x4 _build/nrf52832_xxaa/bsp.c.o
 .bss.m_crc_failure_callback
                0x0000000020000dec        0x4 ../../../nRF5_SDK_15.3.0_59ac345//components/proprietary_rf/gzll/gcc/gzll_nrf52_sd_resources_gcc.a(nrf_gzll.c.o)
 .bss.m_nrf_gzll_error_code
                0x0000000020000df0        0x1 ../../../nRF5_SDK_15.3.0_59ac345//components/proprietary_rf/gzll/gcc/gzll_nrf52_sd_resources_gcc.a(nrf_gzll.c.o)
 *fill*         0x0000000020000df1        0x3 
 .bss.m_nrf_gzll_internal_debug_code
                0x0000000020000df4        0x4 ../../../nRF5_SDK_15.3.0_59ac345//components/proprietary_rf/gzll/gcc/gzll_nrf52_sd_resources_gcc.a(nrf_gzll.c.o)
 .bss.m_p_impl_status
                0x0000000020000df8        0x4 ../../../nRF5_SDK_15.3.0_59ac345//components/proprietary_rf/gzll/gcc/gzll_nrf52_sd_resources_gcc.a(nrf_gzll.c.o)
 .bss.m_p_statistics
                0x0000000020000dfc        0x4 ../../../nRF5_SDK_15.3.0_59ac345//components/proprietary_rf/gzll/gcc/gzll_nrf52_sd_resources_gcc.a(nrf_gzll.c.o)
 .bss.m_status  0x0000000020000e00        0xc ../../../nRF5_SDK_15.3.0_59ac345//components/proprietary_rf/gzll/gcc/gzll_nrf52_sd_resources_gcc.a(nrf_gzll.c.o)
 .bss.m_tx_timeout_callback
                0x0000000020000e0c        0x4 ../../../nRF5_SDK_15.3.0_59ac345//components/proprietary_rf/gzll/gcc/gzll_nrf52_sd_resources_gcc.a(nrf_gzll.c.o)
 .bss.m_chm_config
                0x0000000020000e10        0xc ../../../nRF5_SDK_15.3.0_59ac345//components/proprietary_rf/gzll/gcc/gzll_nrf52_sd_resources_gcc.a(nrf_impala.c.o)
 .bss.m_crc_failure
                0x0000000020000e1c        0x1 ../../../nRF5_SDK_15.3.0_59ac345//components/proprietary_rf/gzll/gcc/gzll_nrf52_sd_resources_gcc.a(nrf_impala.c.o)
 .bss.m_impl_async_state
                0x0000000020000e1d        0x1 ../../../nRF5_SDK_15.3.0_59ac345//components/proprietary_rf/gzll/gcc/gzll_nrf52_sd_resources_gcc.a(nrf_impala.c.o)
 *fill*         0x0000000020000e1e        0x2 
 .bss.m_impl_pa_lna_cfg
                0x0000000020000e20        0x4 ../../../nRF5_SDK_15.3.0_59ac345//components/proprietary_rf/gzll/gcc/gzll_nrf52_sd_resources_gcc.a(nrf_impala.c.o)
 .bss.m_impl_params
                0x0000000020000e24       0x34 ../../../nRF5_SDK_15.3.0_59ac345//components/proprietary_rf/gzll/gcc/gzll_nrf52_sd_resources_gcc.a(nrf_impala.c.o)
 .bss.m_impl_status
                0x0000000020000e58       0x18 ../../../nRF5_SDK_15.3.0_59ac345//components/proprietary_rf/gzll/gcc/gzll_nrf52_sd_resources_gcc.a(nrf_impala.c.o)
 .bss.m_lcore_config
                0x0000000020000e70       0x18 ../../../nRF5_SDK_15.3.0_59ac345//components/proprietary_rf/gzll/gcc/gzll_nrf52_sd_resources_gcc.a(nrf_impala.c.o)
 .bss.m_p_lcore_status
                0x0000000020000e88        0x4 ../../../nRF5_SDK_15.3.0_59ac345//components/proprietary_rf/gzll/gcc/gzll_nrf52_sd_resources_gcc.a(nrf_impala.c.o)
 .bss.m_lcore_cfg
                0x0000000020000e8c        0x4 ../../../nRF5_SDK_15.3.0_59ac345//components/proprietary_rf/gzll/gcc/gzll_nrf52_sd_resources_gcc.a(nrf_link_core.c.o)
 .bss.m_lcore_current_rf_channel
                0x0000000020000e90        0x1 ../../../nRF5_SDK_15.3.0_59ac345//components/proprietary_rf/gzll/gcc/gzll_nrf52_sd_resources_gcc.a(nrf_link_core.c.o)
 *fill*         0x0000000020000e91        0x3 
 .bss.m_lcore_status
                0x0000000020000e94       0x1c ../../../nRF5_SDK_15.3.0_59ac345//components/proprietary_rf/gzll/gcc/gzll_nrf52_sd_resources_gcc.a(nrf_link_core.c.o)
 .bss.m_p_lcore_pa_lna_cfg
                0x0000000020000eb0        0x4 ../../../nRF5_SDK_15.3.0_59ac345//components/proprietary_rf/gzll/gcc/gzll_nrf52_sd_resources_gcc.a(nrf_link_core.c.o)
 .bss.m_nm_status
                0x0000000020000eb4       0xd8 ../../../nRF5_SDK_15.3.0_59ac345//components/proprietary_rf/gzll/gcc/gzll_nrf52_sd_resources_gcc.a(nrf_notification_manager.c.o)
 .bss.m_pm_ack_payload_pending
                0x0000000020000f8c        0x8 ../../../nRF5_SDK_15.3.0_59ac345//components/proprietary_rf/gzll/gcc/gzll_nrf52_sd_resources_gcc.a(nrf_packet_manager.c.o)
 .bss.m_pm_status
                0x0000000020000f94       0x84 ../../../nRF5_SDK_15.3.0_59ac345//components/proprietary_rf/gzll/gcc/gzll_nrf52_sd_resources_gcc.a(nrf_packet_manager.c.o)
 .bss.m_sm_status
                0x0000000020001018        0x3 ../../../nRF5_SDK_15.3.0_59ac345//components/proprietary_rf/gzll/gcc/gzll_nrf52_sd_resources_gcc.a(nrf_state_machine.c.o)
 *fill*         0x000000002000101b        0x1 
 .bss.m_p_config
                0x000000002000101c        0x4 ../../../nRF5_SDK_15.3.0_59ac345//components/proprietary_rf/gzll/gcc/gzll_nrf52_sd_resources_gcc.a(nrf_channel_manager.c.o)
 .bss.m_status  0x0000000020001020        0x8 ../../../nRF5_SDK_15.3.0_59ac345//components/proprietary_rf/gzll/gcc/gzll_nrf52_sd_resources_gcc.a(nrf_channel_manager.c.o)
 .bss.m_available_packet_count
                0x0000000020001028        0x4 ../../../nRF5_SDK_15.3.0_59ac345//components/proprietary_rf/gzll/gcc/gzll_nrf52_sd_resources_gcc.a(nrf_fifo.c.o)
 .bss.m_p_available_packets
                0x000000002000102c       0x18 ../../../nRF5_SDK_15.3.0_59ac345//components/proprietary_rf/gzll/gcc/gzll_nrf52_sd_resources_gcc.a(nrf_fifo.c.o)
 .bss.m_p_fifo_contents
                0x0000000020001044       0xc0 ../../../nRF5_SDK_15.3.0_59ac345//components/proprietary_rf/gzll/gcc/gzll_nrf52_sd_resources_gcc.a(nrf_fifo.c.o)
 .bss.m_packet_pool
                0x0000000020001104       0xcc ../../../nRF5_SDK_15.3.0_59ac345//components/proprietary_rf/gzll/gcc/gzll_nrf52_sd_resources_gcc.a(nrf_fifo.c.o)
 .bss.m_pipe_status
                0x00000000200011d0       0x30 ../../../nRF5_SDK_15.3.0_59ac345//components/proprietary_rf/gzll/gcc/gzll_nrf52_sd_resources_gcc.a(nrf_fifo.c.o)
 .bss.m_pending_cb
                0x0000000020001200        0x4 ../../../nRF5_SDK_15.3.0_59ac345//components/proprietary_rf/gzll/gcc/gzll_nrf52_sd_resources_gcc.a(nrf_flywheel.c.o)
 .bss.m_runstate
                0x0000000020001204        0x1 ../../../nRF5_SDK_15.3.0_59ac345//components/proprietary_rf/gzll/gcc/gzll_nrf52_sd_resources_gcc.a(nrf_flywheel.c.o)
 .bss.m_task_is_delayed
                0x0000000020001205        0x1 ../../../nRF5_SDK_15.3.0_59ac345//components/proprietary_rf/gzll/gcc/gzll_nrf52_sd_resources_gcc.a(nrf_flywheel.c.o)
 .bss.m_waiting_on_handler
                0x0000000020001206        0x1 ../../../nRF5_SDK_15.3.0_59ac345//components/proprietary_rf/gzll/gcc/gzll_nrf52_sd_resources_gcc.a(nrf_flywheel.c.o)
 *fill*         0x0000000020001207        0x1 
 .bss           0x0000000020001208       0x8c /usr/lib/gcc/arm-none-eabi/7.3.1/../../../arm-none-eabi/lib/thumb/v7e-m/fpv4-sp/hard/libc_nano.a(lib_a-__atexit.o)
 .bss           0x0000000020001294        0x4 /usr/lib/gcc/arm-none-eabi/7.3.1/../../../arm-none-eabi/lib/thumb/v7e-m/fpv4-sp/hard/libc_nano.a(lib_a-__call_atexit.o)
                0x0000000020001294                _global_atexit
 *(COMMON)
 COMMON         0x0000000020001298        0x1 _build/nrf52832_xxaa/nrf_drv_uart.c.o
                0x0000000020001298                nrf_drv_uart_use_easy_dma
                0x000000002000129c                . = ALIGN (0x4)
 *fill*         0x0000000020001299        0x3 
                0x000000002000129c                __bss_end__ = .

.heap           0x00000000200012a0     0x2000
                0x00000000200012a0                __HeapBase = .
                0x00000000200012a0                __end__ = .
                [!provide]                        PROVIDE (end = .)
 *(.heap*)
 .heap          0x00000000200012a0     0x2000 _build/nrf52832_xxaa/gcc_startup_nrf52.S.o
                0x00000000200032a0                __HeapLimit = .

.stack_dummy    0x00000000200012a0     0x2000
 *(.stack*)
 .stack         0x00000000200012a0     0x2000 _build/nrf52832_xxaa/gcc_startup_nrf52.S.o
                0x0000000020010000                __StackTop = (ORIGIN (RAM) + LENGTH (RAM))
                0x000000002000e000                __StackLimit = (__StackTop - SIZEOF (.stack_dummy))
                0x0000000020010000                PROVIDE (__stack = __StackTop)
                0x0000000000000001                ASSERT ((__StackLimit >= __HeapLimit), region RAM overflowed with stack)
                0x00000000000004a8                DataInitFlashUsed = (__bss_start__ - __data_start__)
                0x000000000000acc0                CodeFlashUsed = (__etext - ORIGIN (FLASH))
                0x000000000000b168                TotalFlashUsed = (CodeFlashUsed + DataInitFlashUsed)
                0x0000000000000001                ASSERT ((TotalFlashUsed <= LENGTH (FLASH)), region FLASH overflowed with .data and user data)
OUTPUT(_build/nrf52832_xxaa.out elf32-littlearm)

.ARM.attributes
                0x0000000000000000       0x30
 .ARM.attributes
                0x0000000000000000       0x22 /usr/lib/gcc/arm-none-eabi/7.3.1/thumb/v7e-m/fpv4-sp/hard/crti.o
 .ARM.attributes
                0x0000000000000022       0x34 /usr/lib/gcc/arm-none-eabi/7.3.1/thumb/v7e-m/fpv4-sp/hard/crtbegin.o
 .ARM.attributes
                0x0000000000000056       0x20 /usr/lib/gcc/arm-none-eabi/7.3.1/../../../arm-none-eabi/lib/thumb/v7e-m/fpv4-sp/hard/crt0.o
 .ARM.attributes
                0x0000000000000076       0x39 _build/nrf52832_xxaa/main.c.o
 .ARM.attributes
                0x00000000000000af       0x39 _build/nrf52832_xxaa/oled.c.o
 .ARM.attributes
                0x00000000000000e8       0x39 _build/nrf52832_xxaa/key.c.o
 .ARM.attributes
                0x0000000000000121       0x20 _build/nrf52832_xxaa/gcc_startup_nrf52.S.o
 .ARM.attributes
                0x0000000000000141       0x39 _build/nrf52832_xxaa/system_nrf52.c.o
 .ARM.attributes
                0x000000000000017a       0x39 _build/nrf52832_xxaa/nrf_log_backend_serial.c.o
 .ARM.attributes
                0x00000000000001b3       0x39 _build/nrf52832_xxaa/nrf_log_backend_uart.c.o
 .ARM.attributes
                0x00000000000001ec       0x39 _build/nrf52832_xxaa/nrf_log_default_backends.c.o
 .ARM.attributes
                0x0000000000000225       0x39 _build/nrf52832_xxaa/nrf_log_frontend.c.o
 .ARM.attributes
                0x000000000000025e       0x39 _build/nrf52832_xxaa/nrf_log_str_formatter.c.o
 .ARM.attributes
                0x0000000000000297       0x39 _build/nrf52832_xxaa/boards.c.o
 .ARM.attributes
                0x00000000000002d0       0x39 _build/nrf52832_xxaa/app_button.c.o
 .ARM.attributes
                0x0000000000000309       0x39 _build/nrf52832_xxaa/app_error.c.o
 .ARM.attributes
                0x0000000000000342       0x39 _build/nrf52832_xxaa/app_error_weak.c.o
 .ARM.attributes
                0x000000000000037b       0x39 _build/nrf52832_xxaa/app_timer.c.o
 .ARM.attributes
                0x00000000000003b4       0x39 _build/nrf52832_xxaa/app_util_platform.c.o
 .ARM.attributes
                0x00000000000003ed       0x39 _build/nrf52832_xxaa/nrf_atomic.c.o
 .ARM.attributes
                0x0000000000000426       0x39 _build/nrf52832_xxaa/nrf_balloc.c.o
 .ARM.attributes
                0x000000000000045f       0x39 _build/nrf52832_xxaa/nrf_fprintf.c.o
 .ARM.attributes
                0x0000000000000498       0x39 _build/nrf52832_xxaa/nrf_fprintf_format.c.o
 .ARM.attributes
                0x00000000000004d1       0x39 _build/nrf52832_xxaa/nrf_memobj.c.o
 .ARM.attributes
                0x000000000000050a       0x39 _build/nrf52832_xxaa/nrf_ringbuf.c.o
 .ARM.attributes
                0x0000000000000543       0x39 _build/nrf52832_xxaa/nrf_drv_uart.c.o
 .ARM.attributes
                0x000000000000057c       0x39 _build/nrf52832_xxaa/nrfx_gpiote.c.o
 .ARM.attributes
                0x00000000000005b5       0x39 _build/nrf52832_xxaa/nrfx_prs.c.o
 .ARM.attributes
                0x00000000000005ee       0x39 _build/nrf52832_xxaa/nrfx_uart.c.o
 .ARM.attributes
                0x0000000000000627       0x39 _build/nrf52832_xxaa/nrfx_uarte.c.o
 .ARM.attributes
                0x0000000000000660       0x39 _build/nrf52832_xxaa/bsp.c.o
 .ARM.attributes
                0x0000000000000699       0x39 ../../../nRF5_SDK_15.3.0_59ac345//components/proprietary_rf/gzll/gcc/gzll_nrf52_sd_resources_gcc.a(nrf_gzll.c.o)
 .ARM.attributes
                0x00000000000006d2       0x39 ../../../nRF5_SDK_15.3.0_59ac345//components/proprietary_rf/gzll/gcc/gzll_nrf52_sd_resources_gcc.a(nrf_impala.c.o)
 .ARM.attributes
                0x000000000000070b       0x39 ../../../nRF5_SDK_15.3.0_59ac345//components/proprietary_rf/gzll/gcc/gzll_nrf52_sd_resources_gcc.a(nrf_link_core.c.o)
 .ARM.attributes
                0x0000000000000744       0x39 ../../../nRF5_SDK_15.3.0_59ac345//components/proprietary_rf/gzll/gcc/gzll_nrf52_sd_resources_gcc.a(nrf_notification_manager.c.o)
 .ARM.attributes
                0x000000000000077d       0x39 ../../../nRF5_SDK_15.3.0_59ac345//components/proprietary_rf/gzll/gcc/gzll_nrf52_sd_resources_gcc.a(nrf_packet_manager.c.o)
 .ARM.attributes
                0x00000000000007b6       0x39 ../../../nRF5_SDK_15.3.0_59ac345//components/proprietary_rf/gzll/gcc/gzll_nrf52_sd_resources_gcc.a(nrf_state_machine.c.o)
 .ARM.attributes
                0x00000000000007ef       0x39 ../../../nRF5_SDK_15.3.0_59ac345//components/proprietary_rf/gzll/gcc/gzll_nrf52_sd_resources_gcc.a(nrf_assert_internal.c.o)
 .ARM.attributes
                0x0000000000000828       0x39 ../../../nRF5_SDK_15.3.0_59ac345//components/proprietary_rf/gzll/gcc/gzll_nrf52_sd_resources_gcc.a(nrf_channel_manager.c.o)
 .ARM.attributes
                0x0000000000000861       0x39 ../../../nRF5_SDK_15.3.0_59ac345//components/proprietary_rf/gzll/gcc/gzll_nrf52_sd_resources_gcc.a(nrf_fifo.c.o)
 .ARM.attributes
                0x000000000000089a       0x39 ../../../nRF5_SDK_15.3.0_59ac345//components/proprietary_rf/gzll/gcc/gzll_nrf52_sd_resources_gcc.a(nrf_flywheel.c.o)
 .ARM.attributes
                0x00000000000008d3       0x34 /usr/lib/gcc/arm-none-eabi/7.3.1/../../../arm-none-eabi/lib/thumb/v7e-m/fpv4-sp/hard/libc_nano.a(lib_a-atexit.o)
 .ARM.attributes
                0x0000000000000907       0x34 /usr/lib/gcc/arm-none-eabi/7.3.1/../../../arm-none-eabi/lib/thumb/v7e-m/fpv4-sp/hard/libc_nano.a(lib_a-ctype_.o)
 .ARM.attributes
                0x000000000000093b       0x34 /usr/lib/gcc/arm-none-eabi/7.3.1/../../../arm-none-eabi/lib/thumb/v7e-m/fpv4-sp/hard/libc_nano.a(lib_a-exit.o)
 .ARM.attributes
                0x000000000000096f       0x34 /usr/lib/gcc/arm-none-eabi/7.3.1/../../../arm-none-eabi/lib/thumb/v7e-m/fpv4-sp/hard/libc_nano.a(lib_a-fini.o)
 .ARM.attributes
                0x00000000000009a3       0x34 /usr/lib/gcc/arm-none-eabi/7.3.1/../../../arm-none-eabi/lib/thumb/v7e-m/fpv4-sp/hard/libc_nano.a(lib_a-impure.o)
 .ARM.attributes
                0x00000000000009d7       0x34 /usr/lib/gcc/arm-none-eabi/7.3.1/../../../arm-none-eabi/lib/thumb/v7e-m/fpv4-sp/hard/libc_nano.a(lib_a-init.o)
 .ARM.attributes
                0x0000000000000a0b       0x20 /usr/lib/gcc/arm-none-eabi/7.3.1/../../../arm-none-eabi/lib/thumb/v7e-m/fpv4-sp/hard/libc_nano.a(lib_a-memcpy.o)
 .ARM.attributes
                0x0000000000000a2b       0x34 /usr/lib/gcc/arm-none-eabi/7.3.1/../../../arm-none-eabi/lib/thumb/v7e-m/fpv4-sp/hard/libc_nano.a(lib_a-memset.o)
 .ARM.attributes
                0x0000000000000a5f       0x20 /usr/lib/gcc/arm-none-eabi/7.3.1/../../../arm-none-eabi/lib/thumb/v7e-m/fpv4-sp/hard/libc_nano.a(lib_a-strlen.o)
 .ARM.attributes
                0x0000000000000a7f       0x34 /usr/lib/gcc/arm-none-eabi/7.3.1/../../../arm-none-eabi/lib/thumb/v7e-m/fpv4-sp/hard/libc_nano.a(lib_a-__atexit.o)
 .ARM.attributes
                0x0000000000000ab3       0x34 /usr/lib/gcc/arm-none-eabi/7.3.1/../../../arm-none-eabi/lib/thumb/v7e-m/fpv4-sp/hard/libc_nano.a(lib_a-__call_atexit.o)
 .ARM.attributes
                0x0000000000000ae7       0x34 /usr/lib/gcc/arm-none-eabi/7.3.1/../../../arm-none-eabi/lib/thumb/v7e-m/fpv4-sp/hard/libnosys.a(_exit.o)
 .ARM.attributes
                0x0000000000000b1b       0x22 /usr/lib/gcc/arm-none-eabi/7.3.1/thumb/v7e-m/fpv4-sp/hard/libgcc.a(_aeabi_uldivmod.o)
 .ARM.attributes
                0x0000000000000b3d       0x34 /usr/lib/gcc/arm-none-eabi/7.3.1/thumb/v7e-m/fpv4-sp/hard/libgcc.a(_udivmoddi4.o)
 .ARM.attributes
                0x0000000000000b71       0x22 /usr/lib/gcc/arm-none-eabi/7.3.1/thumb/v7e-m/fpv4-sp/hard/libgcc.a(_dvmd_tls.o)
 .ARM.attributes
                0x0000000000000b93       0x34 /usr/lib/gcc/arm-none-eabi/7.3.1/thumb/v7e-m/fpv4-sp/hard/crtend.o
 .ARM.attributes
                0x0000000000000bc7       0x22 /usr/lib/gcc/arm-none-eabi/7.3.1/thumb/v7e-m/fpv4-sp/hard/crtn.o

.comment        0x0000000000000000      0x12d
 .comment       0x0000000000000000       0x57 /usr/lib/gcc/arm-none-eabi/7.3.1/thumb/v7e-m/fpv4-sp/hard/crtbegin.o
                                         0x58 (size before relaxing)
 .comment       0x0000000000000057       0x58 _build/nrf52832_xxaa/main.c.o
 .comment       0x0000000000000057       0x58 _build/nrf52832_xxaa/oled.c.o
 .comment       0x0000000000000057       0x58 _build/nrf52832_xxaa/key.c.o
 .comment       0x0000000000000057       0x58 _build/nrf52832_xxaa/system_nrf52.c.o
 .comment       0x0000000000000057       0x58 _build/nrf52832_xxaa/nrf_log_backend_serial.c.o
 .comment       0x0000000000000057       0x58 _build/nrf52832_xxaa/nrf_log_backend_uart.c.o
 .comment       0x0000000000000057       0x58 _build/nrf52832_xxaa/nrf_log_default_backends.c.o
 .comment       0x0000000000000057       0x58 _build/nrf52832_xxaa/nrf_log_frontend.c.o
 .comment       0x0000000000000057       0x58 _build/nrf52832_xxaa/nrf_log_str_formatter.c.o
 .comment       0x0000000000000057       0x58 _build/nrf52832_xxaa/boards.c.o
 .comment       0x0000000000000057       0x58 _build/nrf52832_xxaa/app_button.c.o
 .comment       0x0000000000000057       0x58 _build/nrf52832_xxaa/app_error.c.o
 .comment       0x0000000000000057       0x58 _build/nrf52832_xxaa/app_error_weak.c.o
 .comment       0x0000000000000057       0x58 _build/nrf52832_xxaa/app_timer.c.o
 .comment       0x0000000000000057       0x58 _build/nrf52832_xxaa/app_util_platform.c.o
 .comment       0x0000000000000057       0x58 _build/nrf52832_xxaa/nrf_atomic.c.o
 .comment       0x0000000000000057       0x58 _build/nrf52832_xxaa/nrf_balloc.c.o
 .comment       0x0000000000000057       0x58 _build/nrf52832_xxaa/nrf_fprintf.c.o
 .comment       0x0000000000000057       0x58 _build/nrf52832_xxaa/nrf_fprintf_format.c.o
 .comment       0x0000000000000057       0x58 _build/nrf52832_xxaa/nrf_memobj.c.o
 .comment       0x0000000000000057       0x58 _build/nrf52832_xxaa/nrf_ringbuf.c.o
 .comment       0x0000000000000057       0x58 _build/nrf52832_xxaa/nrf_drv_uart.c.o
 .comment       0x0000000000000057       0x58 _build/nrf52832_xxaa/nrfx_gpiote.c.o
 .comment       0x0000000000000057       0x58 _build/nrf52832_xxaa/nrfx_prs.c.o
 .comment       0x0000000000000057       0x58 _build/nrf52832_xxaa/nrfx_uart.c.o
 .comment       0x0000000000000057       0x58 _build/nrf52832_xxaa/nrfx_uarte.c.o
 .comment       0x0000000000000057       0x58 _build/nrf52832_xxaa/bsp.c.o
 .comment       0x0000000000000057       0x7f ../../../nRF5_SDK_15.3.0_59ac345//components/proprietary_rf/gzll/gcc/gzll_nrf52_sd_resources_gcc.a(nrf_gzll.c.o)
                                         0x80 (size before relaxing)
 .comment       0x00000000000000d6       0x80 ../../../nRF5_SDK_15.3.0_59ac345//components/proprietary_rf/gzll/gcc/gzll_nrf52_sd_resources_gcc.a(nrf_impala.c.o)
 .comment       0x00000000000000d6       0x80 ../../../nRF5_SDK_15.3.0_59ac345//components/proprietary_rf/gzll/gcc/gzll_nrf52_sd_resources_gcc.a(nrf_link_core.c.o)
 .comment       0x00000000000000d6       0x80 ../../../nRF5_SDK_15.3.0_59ac345//components/proprietary_rf/gzll/gcc/gzll_nrf52_sd_resources_gcc.a(nrf_notification_manager.c.o)
 .comment       0x00000000000000d6       0x80 ../../../nRF5_SDK_15.3.0_59ac345//components/proprietary_rf/gzll/gcc/gzll_nrf52_sd_resources_gcc.a(nrf_packet_manager.c.o)
 .comment       0x00000000000000d6       0x80 ../../../nRF5_SDK_15.3.0_59ac345//components/proprietary_rf/gzll/gcc/gzll_nrf52_sd_resources_gcc.a(nrf_state_machine.c.o)
 .comment       0x00000000000000d6       0x80 ../../../nRF5_SDK_15.3.0_59ac345//components/proprietary_rf/gzll/gcc/gzll_nrf52_sd_resources_gcc.a(nrf_assert_internal.c.o)
 .comment       0x00000000000000d6       0x80 ../../../nRF5_SDK_15.3.0_59ac345//components/proprietary_rf/gzll/gcc/gzll_nrf52_sd_resources_gcc.a(nrf_channel_manager.c.o)
 .comment       0x00000000000000d6       0x80 ../../../nRF5_SDK_15.3.0_59ac345//components/proprietary_rf/gzll/gcc/gzll_nrf52_sd_resources_gcc.a(nrf_fifo.c.o)
 .comment       0x00000000000000d6       0x80 ../../../nRF5_SDK_15.3.0_59ac345//components/proprietary_rf/gzll/gcc/gzll_nrf52_sd_resources_gcc.a(nrf_flywheel.c.o)