Archive member included to satisfy reference by file (symbol)

../../../nRF5_SDK_15.3.0_59ac345//components/proprietary_rf/gzll/gcc/gzll_nrf52_sd_resources_gcc.a(nrf_gzll.c.o)
                              _build/nrf52832_xxaa/main.c.o (nrf_gzll_init)
../../../nRF5_SDK_15.3.0_59ac345//components/proprietary_rf/gzll/gcc/gzll_nrf52_sd_resources_gcc.a(nrf_impala.c.o)
                              ../../../nRF5_SDK_15.3.0_59ac345//components/proprietary_rf/gzll/gcc/gzll_nrf52_sd_resources_gcc.a(nrf_gzll.c.o) (nrf_impl_pa_lna_cfg_set)
../../../nRF5_SDK_15.3.0_59ac345//components/proprietary_rf/gzll/gcc/gzll_nrf52_sd_resources_gcc.a(nrf_link_core.c.o)
                              ../../../nRF5_SDK_15.3.0_59ac345//components/proprietary_rf/gzll/gcc/gzll_nrf52_sd_resources_gcc.a(nrf_impala.c.o) (nrf_lcore_device_pa_control_setup)
../../../nRF5_SDK_15.3.0_59ac345//components/proprietary_rf/gzll/gcc/gzll_nrf52_sd_resources_gcc.a(nrf_notification_manager.c.o)
                              ../../../nRF5_SDK_15.3.0_59ac345//components/proprietary_rf/gzll/gcc/gzll_nrf52_sd_resources_gcc.a(nrf_impala.c.o) (nrf_nm_init)
../../../nRF5_SDK_15.3.0_59ac345//components/proprietary_rf/gzll/gcc/gzll_nrf52_sd_resources_gcc.a(nrf_packet_manager.c.o)
                              ../../../nRF5_SDK_15.3.0_59ac345//components/proprietary_rf/gzll/gcc/gzll_nrf52_sd_resources_gcc.a(nrf_impala.c.o) (nrf_pm_init)
../../../nRF5_SDK_15.3.0_59ac345//components/proprietary_rf/gzll/gcc/gzll_nrf52_sd_resources_gcc.a(nrf_state_machine.c.o)
                              ../../../nRF5_SDK_15.3.0_59ac345//components/proprietary_rf/gzll/gcc/gzll_nrf52_sd_resources_gcc.a(nrf_impala.c.o) (nrf_sm_init)
../../../nRF5_SDK_15.3.0_59ac345//components/proprietary_rf/gzll/gcc/gzll_nrf52_sd_resources_gcc.a(nrf_assert_internal.c.o)
                              ../../../nRF5_SDK_15.3.0_59ac345//components/proprietary_rf/gzll/gcc/gzll_nrf52_sd_resources_gcc.a(nrf_gzll.c.o) (nrf_assert_internal_parse_and_forward)
../../../nRF5_SDK_15.3.0_59ac345//components/proprietary_rf/gzll/gcc/gzll_nrf52_sd_resources_gcc.a(nrf_channel_manager.c.o)
                              ../../../nRF5_SDK_15.3.0_59ac345//components/proprietary_rf/gzll/gcc/gzll_nrf52_sd_resources_gcc.a(nrf_impala.c.o) (nrf_chm_init)
../../../nRF5_SDK_15.3.0_59ac345//components/proprietary_rf/gzll/gcc/gzll_nrf52_sd_resources_gcc.a(nrf_fifo.c.o)
                              ../../../nRF5_SDK_15.3.0_59ac345//components/proprietary_rf/gzll/gcc/gzll_nrf52_sd_resources_gcc.a(nrf_packet_manager.c.o) (nrf_fifo_init)
../../../nRF5_SDK_15.3.0_59ac345//components/proprietary_rf/gzll/gcc/gzll_nrf52_sd_resources_gcc.a(nrf_flywheel.c.o)
                              ../../../nRF5_SDK_15.3.0_59ac345//components/proprietary_rf/gzll/gcc/gzll_nrf52_sd_resources_gcc.a(nrf_impala.c.o) (nrf_flw_init)
/usr/lib/gcc/arm-none-eabi/7.3.1/../../../arm-none-eabi/lib/thumb/v7e-m/fpv4-sp/hard/libc_nano.a(lib_a-atexit.o)
                              /usr/lib/gcc/arm-none-eabi/7.3.1/../../../arm-none-eabi/lib/thumb/v7e-m/fpv4-sp/hard/crt0.o (atexit)
/usr/lib/gcc/arm-none-eabi/7.3.1/../../../arm-none-eabi/lib/thumb/v7e-m/fpv4-sp/hard/libc_nano.a(lib_a-ctype_.o)
                              _build/nrf52832_xxaa/nrf_log_str_formatter.c.o (_ctype_)
/usr/lib/gcc/arm-none-eabi/7.3.1/../../../arm-none-eabi/lib/thumb/v7e-m/fpv4-sp/hard/libc_nano.a(lib_a-exit.o)
                              /usr/lib/gcc/arm-none-eabi/7.3.1/../../../arm-none-eabi/lib/thumb/v7e-m/fpv4-sp/hard/crt0.o (exit)
/usr/lib/gcc/arm-none-eabi/7.3.1/../../../arm-none-eabi/lib/thumb/v7e-m/fpv4-sp/hard/libc_nano.a(lib_a-fini.o)
                              /usr/lib/gcc/arm-none-eabi/7.3.1/../../../arm-none-eabi/lib/thumb/v7e-m/fpv4-sp/hard/crt0.o (__libc_fini_array)
/usr/lib/gcc/arm-none-eabi/7.3.1/../../../arm-none-eabi/lib/thumb/v7e-m/fpv4-sp/hard/libc_nano.a(lib_a-impure.o)
                              /usr/lib/gcc/arm-none-eabi/7.3.1/../../../arm-none-eabi/lib/thumb/v7e-m/fpv4-sp/hard/libc_nano.a(lib_a-exit.o) (_global_impure_ptr)
/usr/lib/gcc/arm-none-eabi/7.3.1/../../../arm-none-eabi/lib/thumb/v7e-m/fpv4-sp/hard/libc_nano.a(lib_a-init.o)
                              /usr/lib/gcc/arm-none-eabi/7.3.1/../../../arm-none-eabi/lib/thumb/v7e-m/fpv4-sp/hard/crt0.o (__libc_init_array)
/usr/lib/gcc/arm-none-eabi/7.3.1/../../../arm-none-eabi/lib/thumb/v7e-m/fpv4-sp/hard/libc_nano.a(lib_a-memcpy.o)
                              _build/nrf52832_xxaa/nrf_log_frontend.c.o (memcpy)
/usr/lib/gcc/arm-none-eabi/7.3.1/../../../arm-none-eabi/lib/thumb/v7e-m/fpv4-sp/hard/libc_nano.a(lib_a-memset.o)
                              /usr/lib/gcc/arm-none-eabi/7.3.1/../../../arm-none-eabi/lib/thumb/v7e-m/fpv4-sp/hard/crt0.o (memset)
/usr/lib/gcc/arm-none-eabi/7.3.1/../../../arm-none-eabi/lib/thumb/v7e-m/fpv4-sp/hard/libc_nano.a(lib_a-strcpy.o)
                              _build/nrf52832_xxaa/SEGGER_RTT.c.o (strcpy)
[...]
Memory Configuration

Name             Origin             Length             Attributes
FLASH            0x0000000000000000 0x0000000000080000 xr
RAM              0x0000000020000000 0x0000000000010000 xrw
*default*        0x0000000000000000 0xffffffffffffffff

Linker script and memory map


.text           0x0000000000000000     0xabd8
 *(.isr_vector)
 .isr_vector    0x0000000000000000      0x200 _build/nrf52832_xxaa/gcc_startup_nrf52.S.o
                0x0000000000000000                __isr_vector
 *(.text*)
 .text          0x0000000000000200       0x88 /usr/lib/gcc/arm-none-eabi/7.3.1/thumb/v7e-m/fpv4-sp/hard/crtbegin.o
 .text          0x0000000000000288       0x68 /usr/lib/gcc/arm-none-eabi/7.3.1/../../../arm-none-eabi/lib/thumb/v7e-m/fpv4-sp/hard/crt0.o
                0x0000000000000288                _mainCRTStartup
                0x0000000000000288                _start
 .text.LCD_Fill
                0x00000000000002f0      0x278 _build/nrf52832_xxaa/oled.c.o
                0x00000000000002f0                LCD_Fill
 .text.LCD_Init
                0x0000000000000568     0x1124 _build/nrf52832_xxaa/oled.c.o
                0x0000000000000568                LCD_Init
 .text.LCD_P8x16Str
                0x000000000000168c      0x62c _build/nrf52832_xxaa/oled.c.o
                0x000000000000168c                LCD_P8x16Str
 .text          0x0000000000001cb8       0x3c _build/nrf52832_xxaa/gcc_startup_nrf52.S.o
                0x0000000000001cb8                Reset_Handler
                0x0000000000001ce0                NMI_Handler
                0x0000000000001ce2                HardFault_Handler
                0x0000000000001ce4                MemoryManagement_Handler
                0x0000000000001ce6                BusFault_Handler
                0x0000000000001ce8                UsageFault_Handler
                0x0000000000001cea                SVC_Handler
                0x0000000000001cec                DebugMon_Handler
                0x0000000000001cee                PendSV_Handler
                0x0000000000001cf0                SysTick_Handler
                0x0000000000001cf2                TIMER2_IRQHandler
                0x0000000000001cf2                RTC0_IRQHandler
                0x0000000000001cf2                SWI2_EGU2_IRQHandler
                0x0000000000001cf2                PWM1_IRQHandler
                0x0000000000001cf2                POWER_CLOCK_IRQHandler
                0x0000000000001cf2                PDM_IRQHandler
                0x0000000000001cf2                TEMP_IRQHandler
                0x0000000000001cf2                QDEC_IRQHandler
                0x0000000000001cf2                TIMER3_IRQHandler
                0x0000000000001cf2                FPU_IRQHandler
                0x0000000000001cf2                SPIM0_SPIS0_TWIM0_TWIS0_SPI0_TWI0_IRQHandler
                0x0000000000001cf2                TIMER4_IRQHandler
                0x0000000000001cf2                I2S_IRQHandler
                0x0000000000001cf2                SWI4_EGU4_IRQHandler
                0x0000000000001cf2                TIMER1_IRQHandler
                0x0000000000001cf2                PWM2_IRQHandler
                0x0000000000001cf2                ECB_IRQHandler
                0x0000000000001cf2                SPIM1_SPIS1_TWIM1_TWIS1_SPI1_TWI1_IRQHandler
                0x0000000000001cf2                Default_Handler
                0x0000000000001cf2                SAADC_IRQHandler
                0x0000000000001cf2                CCM_AAR_IRQHandler
                0x0000000000001cf2                WDT_IRQHandler
                0x0000000000001cf2                SWI5_EGU5_IRQHandler
                0x0000000000001cf2                RNG_IRQHandler
                0x0000000000001cf2                RTC2_IRQHandler
                0x0000000000001cf2                PWM0_IRQHandler
                0x0000000000001cf2                SWI3_EGU3_IRQHandler
                0x0000000000001cf2                SPIM2_SPIS2_SPI2_IRQHandler
                0x0000000000001cf2                NFCT_IRQHandler
                0x0000000000001cf2                MWU_IRQHandler
                0x0000000000001cf2                COMP_LPCOMP_IRQHandler
 .text.nrf_log_backend_serial_put
                0x0000000000001cf4       0xd4 _build/nrf52832_xxaa/nrf_log_backend_serial.c.o
                0x0000000000001cf4                nrf_log_backend_serial_put
 .text.uart_evt_handler
                0x0000000000001dc8        0xc _build/nrf52832_xxaa/nrf_log_backend_uart.c.o
 .text.nrf_log_backend_uart_flush
                0x0000000000001dd4        0x4 _build/nrf52832_xxaa/nrf_log_backend_uart.c.o
 .text.nrf_log_backend_uart_put
                0x0000000000001dd8       0x20 _build/nrf52832_xxaa/nrf_log_backend_uart.c.o
 .text.serial_tx
                0x0000000000001df8       0x4c _build/nrf52832_xxaa/nrf_log_backend_uart.c.o
 .text.nrf_log_backend_uart_panic_set
                0x0000000000001e44       0x60 _build/nrf52832_xxaa/nrf_log_backend_uart.c.o
 .text.nrf_log_backend_uart_init
                0x0000000000001ea4       0x48 _build/nrf52832_xxaa/nrf_log_backend_uart.c.o
                0x0000000000001ea4                nrf_log_backend_uart_init
 .text.nrf_log_default_backends_init
                0x0000000000001eec       0x20 _build/nrf52832_xxaa/nrf_log_default_backends.c.o
                0x0000000000001eec                nrf_log_default_backends_init
 .text.log_skip
                0x0000000000001f0c       0xd4 _build/nrf52832_xxaa/nrf_log_frontend.c.o
 .text.nrf_log_init
                0x0000000000001fe0       0x3c _build/nrf52832_xxaa/nrf_log_frontend.c.o
                0x0000000000001fe0                nrf_log_init
 .text.nrf_log_module_name_get
                0x000000000000201c       0x58 _build/nrf52832_xxaa/nrf_log_frontend.c.o
                0x000000000000201c                nrf_log_module_name_get
 .text.nrf_log_color_id_get
                0x0000000000002074       0x2c _build/nrf52832_xxaa/nrf_log_frontend.c.o
                0x0000000000002074                nrf_log_color_id_get
 .text.nrf_log_frontend_std_0
                0x00000000000020a0       0xe4 _build/nrf52832_xxaa/nrf_log_frontend.c.o
                0x00000000000020a0                nrf_log_frontend_std_0
 .text.nrf_log_frontend_dequeue.part.6
                0x0000000000002184      0x264 _build/nrf52832_xxaa/nrf_log_frontend.c.o
 .text.nrf_log_frontend_std_1
                0x00000000000023e8       0xf0 _build/nrf52832_xxaa/nrf_log_frontend.c.o
                0x00000000000023e8                nrf_log_frontend_std_1
 .text.nrf_log_frontend_std_3
                0x00000000000024d8      0x104 _build/nrf52832_xxaa/nrf_log_frontend.c.o
                0x00000000000024d8                nrf_log_frontend_std_3
 .text.nrf_log_frontend_dequeue
                0x00000000000025dc       0x18 _build/nrf52832_xxaa/nrf_log_frontend.c.o
                0x00000000000025dc                nrf_log_frontend_dequeue
 .text.nrf_log_backend_add
                0x00000000000025f4       0x68 _build/nrf52832_xxaa/nrf_log_frontend.c.o
                0x00000000000025f4                nrf_log_backend_add
 .text.nrf_log_panic
                0x000000000000265c       0x2c _build/nrf52832_xxaa/nrf_log_frontend.c.o
                0x000000000000265c                nrf_log_panic
 .text.nrf_log_std_entry_process
                0x0000000000002688      0x14c _build/nrf52832_xxaa/nrf_log_str_formatter.c.o
                0x0000000000002688                nrf_log_std_entry_process
 .text.nrf_log_hexdump_entry_process
                0x00000000000027d4      0x168 _build/nrf52832_xxaa/nrf_log_str_formatter.c.o
                0x00000000000027d4                nrf_log_hexdump_entry_process
 .text.bsp_board_led_state_get
                0x000000000000293c       0x1c _build/nrf52832_xxaa/boards.c.o
                0x000000000000293c                bsp_board_led_state_get
 .text.bsp_board_led_on
                0x0000000000002958       0x18 _build/nrf52832_xxaa/boards.c.o
                0x0000000000002958                bsp_board_led_on
 .text.bsp_board_led_off
                0x0000000000002970       0x18 _build/nrf52832_xxaa/boards.c.o
                0x0000000000002970                bsp_board_led_off
 .text.bsp_board_leds_off
                0x0000000000002988       0x2c _build/nrf52832_xxaa/boards.c.o
                0x0000000000002988                bsp_board_leds_off
 .text.bsp_board_leds_on
                0x00000000000029b4       0x2c _build/nrf52832_xxaa/boards.c.o
                0x00000000000029b4                bsp_board_leds_on
 .text.bsp_board_led_invert
                0x00000000000029e0       0x24 _build/nrf52832_xxaa/boards.c.o
                0x00000000000029e0                bsp_board_led_invert
 .text.bsp_board_button_state_get
                0x0000000000002a04       0x1c _build/nrf52832_xxaa/boards.c.o
                0x0000000000002a04                bsp_board_button_state_get
 .text.bsp_board_pin_to_button_idx
                0x0000000000002a20       0x24 _build/nrf52832_xxaa/boards.c.o
                0x0000000000002a20                bsp_board_pin_to_button_idx
 .text.bsp_board_init
                0x0000000000002a44       0x5c _build/nrf52832_xxaa/boards.c.o
                0x0000000000002a44                bsp_board_init
 .text.detection_delay_timeout_handler
                0x0000000000002aa0      0x120 _build/nrf52832_xxaa/app_button.c.o
 .text.gpiote_event_handler
                0x0000000000002bc0       0xa8 _build/nrf52832_xxaa/app_button.c.o
 .text.app_button_init
                0x0000000000002c68       0xb0 _build/nrf52832_xxaa/app_button.c.o
                0x0000000000002c68                app_button_init
 .text.app_button_enable
                0x0000000000002d18       0x2c _build/nrf52832_xxaa/app_button.c.o
                0x0000000000002d18                app_button_enable
 .text.app_error_handler_bare
                0x0000000000002d44       0x20 _build/nrf52832_xxaa/app_error.c.o
                0x0000000000002d44                app_error_handler_bare
 .text.app_error_fault_handler
                0x0000000000002d64       0x70 _build/nrf52832_xxaa/app_error_weak.c.o
                0x0000000000002d64                app_error_fault_handler
 .text.RTC1_IRQHandler
                0x0000000000002dd4       0xa0 _build/nrf52832_xxaa/app_timer.c.o
                0x0000000000002dd4                RTC1_IRQHandler
 .text.SWI0_EGU0_IRQHandler
                0x0000000000002e74      0x394 _build/nrf52832_xxaa/app_timer.c.o
                0x0000000000002e74                SWI0_EGU0_IRQHandler
 .text.app_timer_init
                0x0000000000003208       0xa8 _build/nrf52832_xxaa/app_timer.c.o
                0x0000000000003208                app_timer_init
 .text.app_timer_create
                0x00000000000032b0       0x24 _build/nrf52832_xxaa/app_timer.c.o
                0x00000000000032b0                app_timer_create
 .text.app_timer_start
                0x00000000000032d4       0x9c _build/nrf52832_xxaa/app_timer.c.o
                0x00000000000032d4                app_timer_start
 .text.app_timer_stop
                0x0000000000003370       0x68 _build/nrf52832_xxaa/app_timer.c.o
                0x0000000000003370                app_timer_stop
 .text.app_util_critical_region_enter
                0x00000000000033d8       0x10 _build/nrf52832_xxaa/app_util_platform.c.o
                0x00000000000033d8                app_util_critical_region_enter
 .text.app_util_critical_region_exit
                0x00000000000033e8       0x14 _build/nrf52832_xxaa/app_util_platform.c.o
                0x00000000000033e8                app_util_critical_region_exit
 .text.nrf_atomic_u32_fetch_store
                0x00000000000033fc       0x14 _build/nrf52832_xxaa/nrf_atomic.c.o
                0x00000000000033fc                nrf_atomic_u32_fetch_store
 .text.nrf_atomic_u32_add
                0x0000000000003410       0x18 _build/nrf52832_xxaa/nrf_atomic.c.o
                0x0000000000003410                nrf_atomic_u32_add
 .text.nrf_atomic_u32_sub
                0x0000000000003428       0x18 _build/nrf52832_xxaa/nrf_atomic.c.o
                0x0000000000003428                nrf_atomic_u32_sub
 .text.nrf_atomic_flag_set
                0x0000000000003440       0x18 _build/nrf52832_xxaa/nrf_atomic.c.o
                0x0000000000003440                nrf_atomic_flag_set
 .text.nrf_atomic_flag_clear_fetch
                0x0000000000003458       0x18 _build/nrf52832_xxaa/nrf_atomic.c.o
                0x0000000000003458                nrf_atomic_flag_clear_fetch
 .text.nrf_balloc_init
                0x0000000000003470       0x38 _build/nrf52832_xxaa/nrf_balloc.c.o
                0x0000000000003470                nrf_balloc_init
 .text.nrf_balloc_alloc
                0x00000000000034a8       0x44 _build/nrf52832_xxaa/nrf_balloc.c.o
                0x00000000000034a8                nrf_balloc_alloc
 .text.nrf_balloc_free
                0x00000000000034ec       0x2c _build/nrf52832_xxaa/nrf_balloc.c.o
                0x00000000000034ec                nrf_balloc_free
 .text.nrf_fprintf_buffer_flush
                0x0000000000003518       0x18 _build/nrf52832_xxaa/nrf_fprintf.c.o
                0x0000000000003518                nrf_fprintf_buffer_flush
 .text.nrf_fprintf
                0x0000000000003530       0x20 _build/nrf52832_xxaa/nrf_fprintf.c.o
                0x0000000000003530                nrf_fprintf
 .text.unsigned_print
                0x0000000000003550      0x148 _build/nrf52832_xxaa/nrf_fprintf_format.c.o
 .text.nrf_fprintf_fmt
                0x0000000000003698      0x6e4 _build/nrf52832_xxaa/nrf_fprintf_format.c.o
                0x0000000000003698                nrf_fprintf_fmt
 .text.nrf_memobj_pool_init
                0x0000000000003d7c        0x4 _build/nrf52832_xxaa/nrf_memobj.c.o
                0x0000000000003d7c                nrf_memobj_pool_init
 .text.nrf_memobj_alloc
                0x0000000000003d80       0x84 _build/nrf52832_xxaa/nrf_memobj.c.o
                0x0000000000003d80                nrf_memobj_alloc
 .text.nrf_memobj_get
                0x0000000000003e04        0x8 _build/nrf52832_xxaa/nrf_memobj.c.o
                0x0000000000003e04                nrf_memobj_get
 .text.nrf_memobj_put
                0x0000000000003e0c       0x44 _build/nrf52832_xxaa/nrf_memobj.c.o
                0x0000000000003e0c                nrf_memobj_put
 .text.nrf_memobj_write
                0x0000000000003e50       0x68 _build/nrf52832_xxaa/nrf_memobj.c.o
                0x0000000000003e50                nrf_memobj_write
 .text.nrf_memobj_read
                0x0000000000003eb8       0x68 _build/nrf52832_xxaa/nrf_memobj.c.o
                0x0000000000003eb8                nrf_memobj_read
 .text.nrf_ringbuf_init
                0x0000000000003f20       0x1c _build/nrf52832_xxaa/nrf_ringbuf.c.o
                0x0000000000003f20                nrf_ringbuf_init
 .text.uarte_evt_handler
                0x0000000000003f3c       0x34 _build/nrf52832_xxaa/nrf_drv_uart.c.o
 .text.uart_evt_handler
                0x0000000000003f70       0x34 _build/nrf52832_xxaa/nrf_drv_uart.c.o
 .text.nrf_drv_uart_init
                0x0000000000003fa4       0x80 _build/nrf52832_xxaa/nrf_drv_uart.c.o
                0x0000000000003fa4                nrf_drv_uart_init
 .text.nrfx_gpiote_init
                0x0000000000004024       0x88 _build/nrf52832_xxaa/nrfx_gpiote.c.o
                0x0000000000004024                nrfx_gpiote_init
 .text.nrfx_gpiote_is_init
                0x00000000000040ac       0x14 _build/nrf52832_xxaa/nrfx_gpiote.c.o
                0x00000000000040ac                nrfx_gpiote_is_init
 .text.nrfx_gpiote_in_init
                0x00000000000040c0      0x1bc _build/nrf52832_xxaa/nrfx_gpiote.c.o
                0x00000000000040c0                nrfx_gpiote_in_init
 .text.nrfx_gpiote_in_event_enable
                0x000000000000427c       0xc4 _build/nrf52832_xxaa/nrfx_gpiote.c.o
                0x000000000000427c                nrfx_gpiote_in_event_enable
 .text.nrfx_gpiote_in_is_set
                0x0000000000004340       0x14 _build/nrf52832_xxaa/nrfx_gpiote.c.o
                0x0000000000004340                nrfx_gpiote_in_is_set
 .text.GPIOTE_IRQHandler
                0x0000000000004354      0x548 _build/nrf52832_xxaa/nrfx_gpiote.c.o
                0x0000000000004354                GPIOTE_IRQHandler
 .text.UARTE0_UART0_IRQHandler
                0x000000000000489c        0xc _build/nrf52832_xxaa/nrfx_prs.c.o
                0x000000000000489c                UARTE0_UART0_IRQHandler
 .text.nrfx_prs_acquire
                0x00000000000048a8       0x3c _build/nrf52832_xxaa/nrfx_prs.c.o
                0x00000000000048a8                nrfx_prs_acquire
 .text.nrfx_prs_release
                0x00000000000048e4       0x18 _build/nrf52832_xxaa/nrfx_prs.c.o
                0x00000000000048e4                nrfx_prs_release
 .text.nrfx_uart_0_irq_handler
                0x00000000000048fc      0x1bc _build/nrf52832_xxaa/nrfx_uart.c.o
                0x00000000000048fc                nrfx_uart_0_irq_handler
 .text.nrfx_uart_init
                0x0000000000004ab8      0x194 _build/nrf52832_xxaa/nrfx_uart.c.o
                0x0000000000004ab8                nrfx_uart_init
 .text.nrfx_uart_uninit
                0x0000000000004c4c       0xcc _build/nrf52832_xxaa/nrfx_uart.c.o
                0x0000000000004c4c                nrfx_uart_uninit
 .text.nrfx_uart_tx
                0x0000000000004d18       0xcc _build/nrf52832_xxaa/nrfx_uart.c.o
                0x0000000000004d18                nrfx_uart_tx
 .text.nrfx_uarte_0_irq_handler
                0x0000000000004de4      0x11c _build/nrf52832_xxaa/nrfx_uarte.c.o
                0x0000000000004de4                nrfx_uarte_0_irq_handler
 .text.nrfx_uarte_init
                0x0000000000004f00      0x1b8 _build/nrf52832_xxaa/nrfx_uarte.c.o
                0x0000000000004f00                nrfx_uarte_init
 .text.nrfx_uarte_uninit
                0x00000000000050b8       0xd0 _build/nrf52832_xxaa/nrfx_uarte.c.o
                0x00000000000050b8                nrfx_uarte_uninit
 .text.nrfx_uarte_tx
                0x0000000000005188       0xa4 _build/nrf52832_xxaa/nrfx_uarte.c.o
                0x0000000000005188                nrfx_uarte_tx
 .text.alert_timer_handler
                0x000000000000522c        0x8 _build/nrf52832_xxaa/bsp.c.o
 .text.bsp_button_event_handler
                0x0000000000005234       0xa0 _build/nrf52832_xxaa/bsp.c.o
 .text.button_timer_handler
                0x00000000000052d4       0x30 _build/nrf52832_xxaa/bsp.c.o
 .text.leds_timer_handler
                0x0000000000005304      0x2ec _build/nrf52832_xxaa/bsp.c.o
 .text.bsp_button_is_pressed
                0x00000000000055f0        0xc _build/nrf52832_xxaa/bsp.c.o
                0x00000000000055f0                bsp_button_is_pressed
 .text.bsp_init
                0x00000000000055fc       0xbc _build/nrf52832_xxaa/bsp.c.o
                0x00000000000055fc                bsp_init
 .text.nrf_gzll_device_tx_success
                0x00000000000056b8       0xc8 _build/nrf52832_xxaa/main.c.o
                0x00000000000056b8                nrf_gzll_device_tx_success
 .text.nrf_gzll_device_tx_failed
                0x0000000000005780       0x7c _build/nrf52832_xxaa/main.c.o
                0x0000000000005780                nrf_gzll_device_tx_failed
 .text.nrf_gzll_host_rx_data_ready
                0x00000000000057fc        0x8 _build/nrf52832_xxaa/main.c.o
                0x00000000000057fc                nrf_gzll_host_rx_data_ready
 .text.nrf_gzll_disabled
                0x0000000000005804        0x4 _build/nrf52832_xxaa/main.c.o
                0x0000000000005804                nrf_gzll_disabled
 .text.startup.main
                0x0000000000005808      0x1b4 _build/nrf52832_xxaa/main.c.o
                0x0000000000005808                main
 .text.SystemInit
                0x00000000000059bc      0x3c0 _build/nrf52832_xxaa/system_nrf52.c.o
                0x00000000000059bc                SystemInit
 .text.nrf_gzll_init
                0x0000000000005d7c      0x124 ../../../nRF5_SDK_15.3.0_59ac345//components/proprietary_rf/gzll/gcc/gzll_nrf52_sd_resources_gcc.a(nrf_gzll.c.o)
                0x0000000000005d7c                nrf_gzll_init
 .text.nrf_gzll_enable
                0x0000000000005ea0       0x38 ../../../nRF5_SDK_15.3.0_59ac345//components/proprietary_rf/gzll/gcc/gzll_nrf52_sd_resources_gcc.a(nrf_gzll.c.o)
                0x0000000000005ea0                nrf_gzll_enable
 .text.nrf_gzll_add_packet_to_tx_fifo
                0x0000000000005ed8       0xb4 ../../../nRF5_SDK_15.3.0_59ac345//components/proprietary_rf/gzll/gcc/gzll_nrf52_sd_resources_gcc.a(nrf_gzll.c.o)
                0x0000000000005ed8                nrf_gzll_add_packet_to_tx_fifo
 .text.nrf_gzll_fetch_packet_from_rx_fifo
                0x0000000000005f8c       0x74 ../../../nRF5_SDK_15.3.0_59ac345//components/proprietary_rf/gzll/gcc/gzll_nrf52_sd_resources_gcc.a(nrf_gzll.c.o)
                0x0000000000005f8c                nrf_gzll_fetch_packet_from_rx_fifo
 .text.nrf_gzll_get_channel_table_size
                0x0000000000006000        0xc ../../../nRF5_SDK_15.3.0_59ac345//components/proprietary_rf/gzll/gcc/gzll_nrf52_sd_resources_gcc.a(nrf_gzll.c.o)
                0x0000000000006000                nrf_gzll_get_channel_table_size
 .text.nrf_gzll_reset_tx_statistics
                0x000000000000600c       0x64 ../../../nRF5_SDK_15.3.0_59ac345//components/proprietary_rf/gzll/gcc/gzll_nrf52_sd_resources_gcc.a(nrf_gzll.c.o)
                0x000000000000600c                nrf_gzll_reset_tx_statistics
 .text.nrf_gzll_tx_statistics_enable
                0x0000000000006070       0x74 ../../../nRF5_SDK_15.3.0_59ac345//components/proprietary_rf/gzll/gcc/gzll_nrf52_sd_resources_gcc.a(nrf_gzll.c.o)
                0x0000000000006070                nrf_gzll_tx_statistics_enable
 .text.nrf_gzll_set_max_tx_attempts
                0x00000000000060e4        0x4 ../../../nRF5_SDK_15.3.0_59ac345//components/proprietary_rf/gzll/gcc/gzll_nrf52_sd_resources_gcc.a(nrf_gzll.c.o)
                0x00000000000060e4                nrf_gzll_set_max_tx_attempts
 .text.nrf_gzll_get_error_code
                0x00000000000060e8        0xc ../../../nRF5_SDK_15.3.0_59ac345//components/proprietary_rf/gzll/gcc/gzll_nrf52_sd_resources_gcc.a(nrf_gzll.c.o)
                0x00000000000060e8                nrf_gzll_get_error_code
 .text.nrf_gzll_mode_changed
                0x00000000000060f4        0x4 ../../../nRF5_SDK_15.3.0_59ac345//components/proprietary_rf/gzll/gcc/gzll_nrf52_sd_resources_gcc.a(nrf_gzll.c.o)
                0x00000000000060f4                nrf_gzll_mode_changed
 .text.notification_cb
                0x00000000000060f8      0x1dc ../../../nRF5_SDK_15.3.0_59ac345//components/proprietary_rf/gzll/gcc/gzll_nrf52_sd_resources_gcc.a(nrf_gzll.c.o)
 .text.nrf_assert_internal_callback
                0x00000000000062d4       0x14 ../../../nRF5_SDK_15.3.0_59ac345//components/proprietary_rf/gzll/gcc/gzll_nrf52_sd_resources_gcc.a(nrf_gzll.c.o)
                0x00000000000062d4                nrf_assert_internal_callback
 .text.nrf_impl_device_ack_received
                0x00000000000062e8      0x19c ../../../nRF5_SDK_15.3.0_59ac345//components/proprietary_rf/gzll/gcc/gzll_nrf52_sd_resources_gcc.a(nrf_impala.c.o)
 .text.nrf_impl_async_state_rx_enabling
                0x0000000000006484       0xb0 ../../../nRF5_SDK_15.3.0_59ac345//components/proprietary_rf/gzll/gcc/gzll_nrf52_sd_resources_gcc.a(nrf_impala.c.o)
 .text.nrf_impl_async_state_packet_received
                0x0000000000006534      0x1c4 ../../../nRF5_SDK_15.3.0_59ac345//components/proprietary_rf/gzll/gcc/gzll_nrf52_sd_resources_gcc.a(nrf_impala.c.o)
 .text.nrf_impl_goto_disable.part.4
                0x00000000000066f8       0x9c ../../../nRF5_SDK_15.3.0_59ac345//components/proprietary_rf/gzll/gcc/gzll_nrf52_sd_resources_gcc.a(nrf_impala.c.o)
 .text.nrf_impl_restore_all_hw_params
                0x0000000000006794      0x4e0 ../../../nRF5_SDK_15.3.0_59ac345//components/proprietary_rf/gzll/gcc/gzll_nrf52_sd_resources_gcc.a(nrf_impala.c.o)
 .text.nrf_impl_ptx_session_start.part.2
                0x0000000000006c74       0xe0 ../../../nRF5_SDK_15.3.0_59ac345//components/proprietary_rf/gzll/gcc/gzll_nrf52_sd_resources_gcc.a(nrf_impala.c.o)
 .text.nrf_impl_async_state_tx_ack_complete
                0x0000000000006d54       0xb4 ../../../nRF5_SDK_15.3.0_59ac345//components/proprietary_rf/gzll/gcc/gzll_nrf52_sd_resources_gcc.a(nrf_impala.c.o)
 .text.nrf_impl_pa_lna_cfg_set
                0x0000000000006e08        0xc ../../../nRF5_SDK_15.3.0_59ac345//components/proprietary_rf/gzll/gcc/gzll_nrf52_sd_resources_gcc.a(nrf_impala.c.o)
                0x0000000000006e08                nrf_impl_pa_lna_cfg_set
 .text.nrf_impl_enable
                0x0000000000006e14       0xb4 ../../../nRF5_SDK_15.3.0_59ac345//components/proprietary_rf/gzll/gcc/gzll_nrf52_sd_resources_gcc.a(nrf_impala.c.o)
                0x0000000000006e14                nrf_impl_enable
 .text.nrf_impl_disable
                0x0000000000006ec8       0x7c ../../../nRF5_SDK_15.3.0_59ac345//components/proprietary_rf/gzll/gcc/gzll_nrf52_sd_resources_gcc.a(nrf_impala.c.o)
                0x0000000000006ec8                nrf_impl_disable
 .text.nrf_impl_is_disabled
                0x0000000000006f44       0x10 ../../../nRF5_SDK_15.3.0_59ac345//components/proprietary_rf/gzll/gcc/gzll_nrf52_sd_resources_gcc.a(nrf_impala.c.o)
                0x0000000000006f44                nrf_impl_is_disabled
 .text.nrf_impl_mode_set
                0x0000000000006f54      0x178 ../../../nRF5_SDK_15.3.0_59ac345//components/proprietary_rf/gzll/gcc/gzll_nrf52_sd_resources_gcc.a(nrf_impala.c.o)
                0x0000000000006f54                nrf_impl_mode_set
 .text.nrf_impl_init
                0x00000000000070cc      0x148 ../../../nRF5_SDK_15.3.0_59ac345//components/proprietary_rf/gzll/gcc/gzll_nrf52_sd_resources_gcc.a(nrf_impala.c.o)
                0x00000000000070cc                nrf_impl_init
 .text.nrf_impl_packet_reserve
                0x0000000000007214       0x14 ../../../nRF5_SDK_15.3.0_59ac345//components/proprietary_rf/gzll/gcc/gzll_nrf52_sd_resources_gcc.a(nrf_impala.c.o)
                0x0000000000007214                nrf_impl_packet_reserve
 .text.nrf_impl_packet_free
                0x0000000000007228       0x14 ../../../nRF5_SDK_15.3.0_59ac345//components/proprietary_rf/gzll/gcc/gzll_nrf52_sd_resources_gcc.a(nrf_impala.c.o)
                0x0000000000007228                nrf_impl_packet_free
 .text.nrf_impl_tx_fifo_put
                0x000000000000723c       0x8c ../../../nRF5_SDK_15.3.0_59ac345//components/proprietary_rf/gzll/gcc/gzll_nrf52_sd_resources_gcc.a(nrf_impala.c.o)
                0x000000000000723c                nrf_impl_tx_fifo_put
 .text.nrf_impl_rx_fifo_pop
                0x00000000000072c8       0x14 ../../../nRF5_SDK_15.3.0_59ac345//components/proprietary_rf/gzll/gcc/gzll_nrf52_sd_resources_gcc.a(nrf_impala.c.o)
                0x00000000000072c8                nrf_impl_rx_fifo_pop
 .text.nrf_impl_rx_fifo_read
                0x00000000000072dc        0x4 ../../../nRF5_SDK_15.3.0_59ac345//components/proprietary_rf/gzll/gcc/gzll_nrf52_sd_resources_gcc.a(nrf_impala.c.o)
                0x00000000000072dc                nrf_impl_rx_fifo_read
 .text.nrf_impl_tx_fifo_packet_num_get
                0x00000000000072e0        0x4 ../../../nRF5_SDK_15.3.0_59ac345//components/proprietary_rf/gzll/gcc/gzll_nrf52_sd_resources_gcc.a(nrf_impala.c.o)
                0x00000000000072e0                nrf_impl_tx_fifo_packet_num_get
 .text.nrf_impl_rx_fifo_packet_num_get
                0x00000000000072e4        0x4 ../../../nRF5_SDK_15.3.0_59ac345//components/proprietary_rf/gzll/gcc/gzll_nrf52_sd_resources_gcc.a(nrf_impala.c.o)
                0x00000000000072e4                nrf_impl_rx_fifo_packet_num_get
 .text.nrf_impl_fifo_free_packet_num_get
                0x00000000000072e8        0x4 ../../../nRF5_SDK_15.3.0_59ac345//components/proprietary_rf/gzll/gcc/gzll_nrf52_sd_resources_gcc.a(nrf_impala.c.o)
                0x00000000000072e8                nrf_impl_fifo_free_packet_num_get
 .text.nrf_impl_base_address_0_get
                0x00000000000072ec        0xc ../../../nRF5_SDK_15.3.0_59ac345//components/proprietary_rf/gzll/gcc/gzll_nrf52_sd_resources_gcc.a(nrf_impala.c.o)
                0x00000000000072ec                nrf_impl_base_address_0_get
 .text.nrf_impl_prefix_addr_get
                0x00000000000072f8       0x20 ../../../nRF5_SDK_15.3.0_59ac345//components/proprietary_rf/gzll/gcc/gzll_nrf52_sd_resources_gcc.a(nrf_impala.c.o)
                0x00000000000072f8                nrf_impl_prefix_addr_get
 .text.nrf_impl_channel_table_set
                0x0000000000007318       0x38 ../../../nRF5_SDK_15.3.0_59ac345//components/proprietary_rf/gzll/gcc/gzll_nrf52_sd_resources_gcc.a(nrf_impala.c.o)
                0x0000000000007318                nrf_impl_channel_table_set
 .text.nrf_impl_base_address_length_set
                0x0000000000007350       0x20 ../../../nRF5_SDK_15.3.0_59ac345//components/proprietary_rf/gzll/gcc/gzll_nrf52_sd_resources_gcc.a(nrf_impala.c.o)
                0x0000000000007350                nrf_impl_base_address_length_set
 .text.nrf_impl_max_tx_attempts_set
                0x0000000000007370        0xc ../../../nRF5_SDK_15.3.0_59ac345//components/proprietary_rf/gzll/gcc/gzll_nrf52_sd_resources_gcc.a(nrf_impala.c.o)
                0x0000000000007370                nrf_impl_max_tx_attempts_set
 .text.nrf_impl_tx_power_set
                0x000000000000737c       0x18 ../../../nRF5_SDK_15.3.0_59ac345//components/proprietary_rf/gzll/gcc/gzll_nrf52_sd_resources_gcc.a(nrf_impala.c.o)
                0x000000000000737c                nrf_impl_tx_power_set
 .text.nrf_impl_datarate_set
                0x0000000000007394       0x20 ../../../nRF5_SDK_15.3.0_59ac345//components/proprietary_rf/gzll/gcc/gzll_nrf52_sd_resources_gcc.a(nrf_impala.c.o)
                0x0000000000007394                nrf_impl_datarate_set
 .text.nrf_impl_rssi_state_set
                0x00000000000073b4       0x28 ../../../nRF5_SDK_15.3.0_59ac345//components/proprietary_rf/gzll/gcc/gzll_nrf52_sd_resources_gcc.a(nrf_impala.c.o)
                0x00000000000073b4                nrf_impl_rssi_state_set
 .text.nrf_impl_chan_select_policy_set
                0x00000000000073dc        0xc ../../../nRF5_SDK_15.3.0_59ac345//components/proprietary_rf/gzll/gcc/gzll_nrf52_sd_resources_gcc.a(nrf_impala.c.o)
                0x00000000000073dc                nrf_impl_chan_select_policy_set
 .text.nrf_impl_xosc_ctl_set
                0x00000000000073e8        0xc ../../../nRF5_SDK_15.3.0_59ac345//components/proprietary_rf/gzll/gcc/gzll_nrf52_sd_resources_gcc.a(nrf_impala.c.o)
                0x00000000000073e8                nrf_impl_xosc_ctl_set
 .text.nrf_impl_state_fun_timeslot_start
                0x00000000000073f4      0x568 ../../../nRF5_SDK_15.3.0_59ac345//components/proprietary_rf/gzll/gcc/gzll_nrf52_sd_resources_gcc.a(nrf_impala.c.o)
                0x00000000000073f4                nrf_impl_state_fun_timeslot_start
 .text.nrf_impl_state_fun_device_send_packet
                0x000000000000795c       0x64 ../../../nRF5_SDK_15.3.0_59ac345//components/proprietary_rf/gzll/gcc/gzll_nrf52_sd_resources_gcc.a(nrf_impala.c.o)
                0x000000000000795c                nrf_impl_state_fun_device_send_packet
 .text.nrf_lcore_device_pa_control_setup
                0x00000000000079c0       0xc4 ../../../nRF5_SDK_15.3.0_59ac345//components/proprietary_rf/gzll/gcc/gzll_nrf52_sd_resources_gcc.a(nrf_link_core.c.o)
                0x00000000000079c0                nrf_lcore_device_pa_control_setup
 .text.nrf_lcore_device_lna_timer_setup
                0x0000000000007a84       0x3c ../../../nRF5_SDK_15.3.0_59ac345//components/proprietary_rf/gzll/gcc/gzll_nrf52_sd_resources_gcc.a(nrf_link_core.c.o)
                0x0000000000007a84                nrf_lcore_device_lna_timer_setup
 .text.nrf_lcore_device_lna_output_clear
                0x0000000000007ac0       0x24 ../../../nRF5_SDK_15.3.0_59ac345//components/proprietary_rf/gzll/gcc/gzll_nrf52_sd_resources_gcc.a(nrf_link_core.c.o)
                0x0000000000007ac0                nrf_lcore_device_lna_output_clear
 .text.nrf_lcore_get_last_transaction_rf_channel
                0x0000000000007ae4        0xc ../../../nRF5_SDK_15.3.0_59ac345//components/proprietary_rf/gzll/gcc/gzll_nrf52_sd_resources_gcc.a(nrf_link_core.c.o)
                0x0000000000007ae4                nrf_lcore_get_last_transaction_rf_channel
 .text.nrf_lcore_init
                0x0000000000007af0      0x324 ../../../nRF5_SDK_15.3.0_59ac345//components/proprietary_rf/gzll/gcc/gzll_nrf52_sd_resources_gcc.a(nrf_link_core.c.o)
                0x0000000000007af0                nrf_lcore_init
 .text.nrf_lcore_operation_prepare
                0x0000000000007e14       0xd4 ../../../nRF5_SDK_15.3.0_59ac345//components/proprietary_rf/gzll/gcc/gzll_nrf52_sd_resources_gcc.a(nrf_link_core.c.o)
                0x0000000000007e14                nrf_lcore_operation_prepare
 .text.nrf_lcore_operation_start
                0x0000000000007ee8      0x17c ../../../nRF5_SDK_15.3.0_59ac345//components/proprietary_rf/gzll/gcc/gzll_nrf52_sd_resources_gcc.a(nrf_link_core.c.o)
                0x0000000000007ee8                nrf_lcore_operation_start
 .text.nrf_lcore_rx_address_match
                0x0000000000008064       0x18 ../../../nRF5_SDK_15.3.0_59ac345//components/proprietary_rf/gzll/gcc/gzll_nrf52_sd_resources_gcc.a(nrf_link_core.c.o)
                0x0000000000008064                nrf_lcore_rx_address_match
 .text.nrf_lcore_disable
                0x000000000000807c      0x1f0 ../../../nRF5_SDK_15.3.0_59ac345//components/proprietary_rf/gzll/gcc/gzll_nrf52_sd_resources_gcc.a(nrf_link_core.c.o)
                0x000000000000807c                nrf_lcore_disable
 .text.RADIO_IRQHandler
                0x000000000000826c      0x8ec ../../../nRF5_SDK_15.3.0_59ac345//components/proprietary_rf/gzll/gcc/gzll_nrf52_sd_resources_gcc.a(nrf_link_core.c.o)
                0x000000000000826c                RADIO_IRQHandler
 .text.nrf_nm_init
                0x0000000000008b58       0x38 ../../../nRF5_SDK_15.3.0_59ac345//components/proprietary_rf/gzll/gcc/gzll_nrf52_sd_resources_gcc.a(nrf_notification_manager.c.o)
                0x0000000000008b58                nrf_nm_init
 .text.nrf_nm_add
                0x0000000000008b90       0x78 ../../../nRF5_SDK_15.3.0_59ac345//components/proprietary_rf/gzll/gcc/gzll_nrf52_sd_resources_gcc.a(nrf_notification_manager.c.o)
                0x0000000000008b90                nrf_nm_add
 .text.nrf_nm_notify_queue_space_get
                0x0000000000008c08       0x28 ../../../nRF5_SDK_15.3.0_59ac345//components/proprietary_rf/gzll/gcc/gzll_nrf52_sd_resources_gcc.a(nrf_notification_manager.c.o)
                0x0000000000008c08                nrf_nm_notify_queue_space_get
 .text.SWI1_EGU1_IRQHandler
                0x0000000000008c30       0x78 ../../../nRF5_SDK_15.3.0_59ac345//components/proprietary_rf/gzll/gcc/gzll_nrf52_sd_resources_gcc.a(nrf_notification_manager.c.o)
                0x0000000000008c30                SWI1_EGU1_IRQHandler
 .text.nrf_pm_init
                0x0000000000008ca8       0x58 ../../../nRF5_SDK_15.3.0_59ac345//components/proprietary_rf/gzll/gcc/gzll_nrf52_sd_resources_gcc.a(nrf_packet_manager.c.o)
                0x0000000000008ca8                nrf_pm_init
 .text.nrf_pm_ptx_fifo_not_empty
                0x0000000000008d00        0xc ../../../nRF5_SDK_15.3.0_59ac345//components/proprietary_rf/gzll/gcc/gzll_nrf52_sd_resources_gcc.a(nrf_packet_manager.c.o)
                0x0000000000008d00                nrf_pm_ptx_fifo_not_empty
 .text.nrf_pm_ptx_start
                0x0000000000008d0c       0xbc ../../../nRF5_SDK_15.3.0_59ac345//components/proprietary_rf/gzll/gcc/gzll_nrf52_sd_resources_gcc.a(nrf_packet_manager.c.o)
                0x0000000000008d0c                nrf_pm_ptx_start
 .text.nrf_pm_ptx_end
                0x0000000000008dc8      0x108 ../../../nRF5_SDK_15.3.0_59ac345//components/proprietary_rf/gzll/gcc/gzll_nrf52_sd_resources_gcc.a(nrf_packet_manager.c.o)
                0x0000000000008dc8                nrf_pm_ptx_end
 .text.nrf_pm_current_ptx_pipe_get
                0x0000000000008ed0        0xc ../../../nRF5_SDK_15.3.0_59ac345//components/proprietary_rf/gzll/gcc/gzll_nrf52_sd_resources_gcc.a(nrf_packet_manager.c.o)
                0x0000000000008ed0                nrf_pm_current_ptx_pipe_get
 .text.nrf_pm_current_ptx_packet_get
                0x0000000000008edc        0xc ../../../nRF5_SDK_15.3.0_59ac345//components/proprietary_rf/gzll/gcc/gzll_nrf52_sd_resources_gcc.a(nrf_packet_manager.c.o)
                0x0000000000008edc                nrf_pm_current_ptx_packet_get
 .text.nrf_pm_current_ptx_ack_ptr_get
                0x0000000000008ee8        0xc ../../../nRF5_SDK_15.3.0_59ac345//components/proprietary_rf/gzll/gcc/gzll_nrf52_sd_resources_gcc.a(nrf_packet_manager.c.o)
                0x0000000000008ee8                nrf_pm_current_ptx_ack_ptr_get
 .text.nrf_pm_prx_start
                0x0000000000008ef4       0xdc ../../../nRF5_SDK_15.3.0_59ac345//components/proprietary_rf/gzll/gcc/gzll_nrf52_sd_resources_gcc.a(nrf_packet_manager.c.o)
                0x0000000000008ef4                nrf_pm_prx_start
 .text.nrf_pm_prx_end
                0x0000000000008fd0      0x1b4 ../../../nRF5_SDK_15.3.0_59ac345//components/proprietary_rf/gzll/gcc/gzll_nrf52_sd_resources_gcc.a(nrf_packet_manager.c.o)
                0x0000000000008fd0                nrf_pm_prx_end
 .text.nrf_pm_state_get
                0x0000000000009184        0xc ../../../nRF5_SDK_15.3.0_59ac345//components/proprietary_rf/gzll/gcc/gzll_nrf52_sd_resources_gcc.a(nrf_packet_manager.c.o)
                0x0000000000009184                nrf_pm_state_get
 .text.nrf_pm_tx_fifo_put
                0x0000000000009190       0x70 ../../../nRF5_SDK_15.3.0_59ac345//components/proprietary_rf/gzll/gcc/gzll_nrf52_sd_resources_gcc.a(nrf_packet_manager.c.o)
                0x0000000000009190                nrf_pm_tx_fifo_put
 .text.nrf_pm_tx_fifo_packet_num_get
                0x0000000000009200        0x4 ../../../nRF5_SDK_15.3.0_59ac345//components/proprietary_rf/gzll/gcc/gzll_nrf52_sd_resources_gcc.a(nrf_packet_manager.c.o)
                0x0000000000009200                nrf_pm_tx_fifo_packet_num_get
 .text.nrf_pm_rx_fifo_read
                0x0000000000009204        0x8 ../../../nRF5_SDK_15.3.0_59ac345//components/proprietary_rf/gzll/gcc/gzll_nrf52_sd_resources_gcc.a(nrf_packet_manager.c.o)
                0x0000000000009204                nrf_pm_rx_fifo_read
 .text.nrf_pm_rx_fifo_pop
                0x000000000000920c        0x8 ../../../nRF5_SDK_15.3.0_59ac345//components/proprietary_rf/gzll/gcc/gzll_nrf52_sd_resources_gcc.a(nrf_packet_manager.c.o)
                0x000000000000920c                nrf_pm_rx_fifo_pop
 .text.nrf_pm_rx_fifo_packet_num_get
                0x0000000000009214        0x8 ../../../nRF5_SDK_15.3.0_59ac345//components/proprietary_rf/gzll/gcc/gzll_nrf52_sd_resources_gcc.a(nrf_packet_manager.c.o)
                0x0000000000009214                nrf_pm_rx_fifo_packet_num_get
 .text.nrf_pm_packet_reserve
                0x000000000000921c        0x4 ../../../nRF5_SDK_15.3.0_59ac345//components/proprietary_rf/gzll/gcc/gzll_nrf52_sd_resources_gcc.a(nrf_packet_manager.c.o)
                0x000000000000921c                nrf_pm_packet_reserve
 .text.nrf_pm_packet_free
                0x0000000000009220        0x4 ../../../nRF5_SDK_15.3.0_59ac345//components/proprietary_rf/gzll/gcc/gzll_nrf52_sd_resources_gcc.a(nrf_packet_manager.c.o)
                0x0000000000009220                nrf_pm_packet_free
 .text.nrf_pm_fifo_free_packet_num_get
                0x0000000000009224        0x4 ../../../nRF5_SDK_15.3.0_59ac345//components/proprietary_rf/gzll/gcc/gzll_nrf52_sd_resources_gcc.a(nrf_packet_manager.c.o)
                0x0000000000009224                nrf_pm_fifo_free_packet_num_get
 .text.nrf_pm_dyn_ack_status_set
                0x0000000000009228        0xc ../../../nRF5_SDK_15.3.0_59ac345//components/proprietary_rf/gzll/gcc/gzll_nrf52_sd_resources_gcc.a(nrf_packet_manager.c.o)
                0x0000000000009228                nrf_pm_dyn_ack_status_set
 .text.nrf_sm_init
                0x0000000000009234       0x10 ../../../nRF5_SDK_15.3.0_59ac345//components/proprietary_rf/gzll/gcc/gzll_nrf52_sd_resources_gcc.a(nrf_state_machine.c.o)
                0x0000000000009234                nrf_sm_init
 .text.nrf_sm_next_state_set
                0x0000000000009244       0x1c ../../../nRF5_SDK_15.3.0_59ac345//components/proprietary_rf/gzll/gcc/gzll_nrf52_sd_resources_gcc.a(nrf_state_machine.c.o)
                0x0000000000009244                nrf_sm_next_state_set
 .text.nrf_sm_current_state_get
                0x0000000000009260        0xc ../../../nRF5_SDK_15.3.0_59ac345//components/proprietary_rf/gzll/gcc/gzll_nrf52_sd_resources_gcc.a(nrf_state_machine.c.o)
                0x0000000000009260                nrf_sm_current_state_get
 .text.nrf_sm_next_state_get
                0x000000000000926c        0xc ../../../nRF5_SDK_15.3.0_59ac345//components/proprietary_rf/gzll/gcc/gzll_nrf52_sd_resources_gcc.a(nrf_state_machine.c.o)
                0x000000000000926c                nrf_sm_next_state_get
 .text.nrf_sm_execute
                0x0000000000009278       0x1c ../../../nRF5_SDK_15.3.0_59ac345//components/proprietary_rf/gzll/gcc/gzll_nrf52_sd_resources_gcc.a(nrf_state_machine.c.o)
                0x0000000000009278                nrf_sm_execute
 .text.nrf_assert_internal_parse_and_forward
                0x0000000000009294        0x4 ../../../nRF5_SDK_15.3.0_59ac345//components/proprietary_rf/gzll/gcc/gzll_nrf52_sd_resources_gcc.a(nrf_assert_internal.c.o)
                0x0000000000009294                nrf_assert_internal_parse_and_forward
 .text.nrf_chm_init
                0x0000000000009298       0x28 ../../../nRF5_SDK_15.3.0_59ac345//components/proprietary_rf/gzll/gcc/gzll_nrf52_sd_resources_gcc.a(nrf_channel_manager.c.o)
                0x0000000000009298                nrf_chm_init
 .text.nrf_chm_single_tick_execute
                0x00000000000092c0       0x30 ../../../nRF5_SDK_15.3.0_59ac345//components/proprietary_rf/gzll/gcc/gzll_nrf52_sd_resources_gcc.a(nrf_channel_manager.c.o)
                0x00000000000092c0                nrf_chm_single_tick_execute
 .text.nrf_chm_current_chan_get
                0x00000000000092f0       0x2c ../../../nRF5_SDK_15.3.0_59ac345//components/proprietary_rf/gzll/gcc/gzll_nrf52_sd_resources_gcc.a(nrf_channel_manager.c.o)
                0x00000000000092f0                nrf_chm_current_chan_get
 .text.nrf_chm_current_chan_index_set
                0x000000000000931c       0x28 ../../../nRF5_SDK_15.3.0_59ac345//components/proprietary_rf/gzll/gcc/gzll_nrf52_sd_resources_gcc.a(nrf_channel_manager.c.o)
                0x000000000000931c                nrf_chm_current_chan_index_set
 .text.nrf_chm_current_chan_index_get
                0x0000000000009344        0xc ../../../nRF5_SDK_15.3.0_59ac345//components/proprietary_rf/gzll/gcc/gzll_nrf52_sd_resources_gcc.a(nrf_channel_manager.c.o)
                0x0000000000009344                nrf_chm_current_chan_index_get
 .text.nrf_chm_current_timeslot_set
                0x0000000000009350       0x28 ../../../nRF5_SDK_15.3.0_59ac345//components/proprietary_rf/gzll/gcc/gzll_nrf52_sd_resources_gcc.a(nrf_channel_manager.c.o)
                0x0000000000009350                nrf_chm_current_timeslot_set
 .text.nrf_chm_current_timeslot_get
                0x0000000000009378        0xc ../../../nRF5_SDK_15.3.0_59ac345//components/proprietary_rf/gzll/gcc/gzll_nrf52_sd_resources_gcc.a(nrf_channel_manager.c.o)
                0x0000000000009378                nrf_chm_current_timeslot_get
 .text.nrf_fifo_init
                0x0000000000009384       0xcc ../../../nRF5_SDK_15.3.0_59ac345//components/proprietary_rf/gzll/gcc/gzll_nrf52_sd_resources_gcc.a(nrf_fifo.c.o)
                0x0000000000009384                nrf_fifo_init
 .text.nrf_fifo_packet_reserve
                0x0000000000009450       0x8c ../../../nRF5_SDK_15.3.0_59ac345//components/proprietary_rf/gzll/gcc/gzll_nrf52_sd_resources_gcc.a(nrf_fifo.c.o)
                0x0000000000009450                nrf_fifo_packet_reserve
 .text.nrf_fifo_packet_free
                0x00000000000094dc       0xac ../../../nRF5_SDK_15.3.0_59ac345//components/proprietary_rf/gzll/gcc/gzll_nrf52_sd_resources_gcc.a(nrf_fifo.c.o)
                0x00000000000094dc                nrf_fifo_packet_free
 .text.nrf_fifo_packet_put
                0x0000000000009588       0xd4 ../../../nRF5_SDK_15.3.0_59ac345//components/proprietary_rf/gzll/gcc/gzll_nrf52_sd_resources_gcc.a(nrf_fifo.c.o)
                0x0000000000009588                nrf_fifo_packet_put
 .text.nrf_fifo_packet_pop
                0x000000000000965c       0x58 ../../../nRF5_SDK_15.3.0_59ac345//components/proprietary_rf/gzll/gcc/gzll_nrf52_sd_resources_gcc.a(nrf_fifo.c.o)
                0x000000000000965c                nrf_fifo_packet_pop
 .text.nrf_fifo_packet_read
                0x00000000000096b4       0x3c ../../../nRF5_SDK_15.3.0_59ac345//components/proprietary_rf/gzll/gcc/gzll_nrf52_sd_resources_gcc.a(nrf_fifo.c.o)
                0x00000000000096b4                nrf_fifo_packet_read
 .text.nrf_fifo_packet_num_get
                0x00000000000096f0       0x24 ../../../nRF5_SDK_15.3.0_59ac345//components/proprietary_rf/gzll/gcc/gzll_nrf52_sd_resources_gcc.a(nrf_fifo.c.o)
                0x00000000000096f0                nrf_fifo_packet_num_get
 .text.nrf_fifo_free_packet_num_get
                0x0000000000009714        0xc ../../../nRF5_SDK_15.3.0_59ac345//components/proprietary_rf/gzll/gcc/gzll_nrf52_sd_resources_gcc.a(nrf_fifo.c.o)
                0x0000000000009714                nrf_fifo_free_packet_num_get
 .text.nrf_flw_init
                0x0000000000009720       0x70 ../../../nRF5_SDK_15.3.0_59ac345//components/proprietary_rf/gzll/gcc/gzll_nrf52_sd_resources_gcc.a(nrf_flywheel.c.o)
                0x0000000000009720                nrf_flw_init
 .text.nrf_flw_start
                0x0000000000009790       0x18 ../../../nRF5_SDK_15.3.0_59ac345//components/proprietary_rf/gzll/gcc/gzll_nrf52_sd_resources_gcc.a(nrf_flywheel.c.o)
                0x0000000000009790                nrf_flw_start
 .text.nrf_flw_stop
                0x00000000000097a8       0x44 ../../../nRF5_SDK_15.3.0_59ac345//components/proprietary_rf/gzll/gcc/gzll_nrf52_sd_resources_gcc.a(nrf_flywheel.c.o)
                0x00000000000097a8                nrf_flw_stop
 .text.nrf_flw_runstate_get
                0x00000000000097ec        0xc ../../../nRF5_SDK_15.3.0_59ac345//components/proprietary_rf/gzll/gcc/gzll_nrf52_sd_resources_gcc.a(nrf_flywheel.c.o)
                0x00000000000097ec                nrf_flw_runstate_get
 .text.nrf_flw_task_is_delayed
                0x00000000000097f8        0xc ../../../nRF5_SDK_15.3.0_59ac345//components/proprietary_rf/gzll/gcc/gzll_nrf52_sd_resources_gcc.a(nrf_flywheel.c.o)
                0x00000000000097f8                nrf_flw_task_is_delayed
 .text.nrf_flw_call_prepare
                0x0000000000009804      0x140 ../../../nRF5_SDK_15.3.0_59ac345//components/proprietary_rf/gzll/gcc/gzll_nrf52_sd_resources_gcc.a(nrf_flywheel.c.o)
                0x0000000000009804                nrf_flw_call_prepare
 .text.nrf_flw_capture_task_get
                0x0000000000009944        0x8 ../../../nRF5_SDK_15.3.0_59ac345//components/proprietary_rf/gzll/gcc/gzll_nrf52_sd_resources_gcc.a(nrf_flywheel.c.o)
                0x0000000000009944                nrf_flw_capture_task_get
 .text.nrf_flw_call_event_get
                0x000000000000994c        0x8 ../../../nRF5_SDK_15.3.0_59ac345//components/proprietary_rf/gzll/gcc/gzll_nrf52_sd_resources_gcc.a(nrf_flywheel.c.o)
                0x000000000000994c                nrf_flw_call_event_get
 .text.TIMER0_IRQHandler
                0x0000000000009954       0x70 ../../../nRF5_SDK_15.3.0_59ac345//components/proprietary_rf/gzll/gcc/gzll_nrf52_sd_resources_gcc.a(nrf_flywheel.c.o)
                0x0000000000009954                TIMER0_IRQHandler
 .text          0x00000000000099c4        0xc /usr/lib/gcc/arm-none-eabi/7.3.1/../../../arm-none-eabi/lib/thumb/v7e-m/fpv4-sp/hard/libc_nano.a(lib_a-atexit.o)
                0x00000000000099c4                atexit
 .text          0x00000000000099d0       0x28 /usr/lib/gcc/arm-none-eabi/7.3.1/../../../arm-none-eabi/lib/thumb/v7e-m/fpv4-sp/hard/libc_nano.a(lib_a-exit.o)
                0x00000000000099d0                exit
 .text          0x00000000000099f8       0x34 /usr/lib/gcc/arm-none-eabi/7.3.1/../../../arm-none-eabi/lib/thumb/v7e-m/fpv4-sp/hard/libc_nano.a(lib_a-fini.o)
                0x00000000000099f8                __libc_fini_array
 .text          0x0000000000009a2c       0x48 /usr/lib/gcc/arm-none-eabi/7.3.1/../../../arm-none-eabi/lib/thumb/v7e-m/fpv4-sp/hard/libc_nano.a(lib_a-init.o)
                0x0000000000009a2c                __libc_init_array
 .text          0x0000000000009a74      0x134 /usr/lib/gcc/arm-none-eabi/7.3.1/../../../arm-none-eabi/lib/thumb/v7e-m/fpv4-sp/hard/libc_nano.a(lib_a-memcpy.o)
                0x0000000000009a74                memcpy
 .text          0x0000000000009ba8       0x94 /usr/lib/gcc/arm-none-eabi/7.3.1/../../../arm-none-eabi/lib/thumb/v7e-m/fpv4-sp/hard/libc_nano.a(lib_a-memset.o)
                0x0000000000009ba8                memset
 *fill*         0x0000000000009c3c        0x4 
 .text          0x0000000000009c40       0xdc /usr/lib/gcc/arm-none-eabi/7.3.1/../../../arm-none-eabi/lib/thumb/v7e-m/fpv4-sp/hard/libc_nano.a(lib_a-strlen.o)
                0x0000000000009c40                strlen
 .text          0x0000000000009d1c       0xa4 /usr/lib/gcc/arm-none-eabi/7.3.1/../../../arm-none-eabi/lib/thumb/v7e-m/fpv4-sp/hard/libc_nano.a(lib_a-__atexit.o)
                0x0000000000009d1c                __register_exitproc
 .text          0x0000000000009dc0       0xa4 /usr/lib/gcc/arm-none-eabi/7.3.1/../../../arm-none-eabi/lib/thumb/v7e-m/fpv4-sp/hard/libc_nano.a(lib_a-__call_atexit.o)
                0x0000000000009dc0                __call_exitprocs
 .text          0x0000000000009e64        0x4 /usr/lib/gcc/arm-none-eabi/7.3.1/../../../arm-none-eabi/lib/thumb/v7e-m/fpv4-sp/hard/libnosys.a(_exit.o)
                0x0000000000009e64                _exit
 .text          0x0000000000009e68       0x30 /usr/lib/gcc/arm-none-eabi/7.3.1/thumb/v7e-m/fpv4-sp/hard/libgcc.a(_aeabi_uldivmod.o)
                0x0000000000009e68                __aeabi_uldivmod
 .text          0x0000000000009e98      0x2cc /usr/lib/gcc/arm-none-eabi/7.3.1/thumb/v7e-m/fpv4-sp/hard/libgcc.a(_udivmoddi4.o)
                0x0000000000009e98                __udivmoddi4
 .text          0x000000000000a164        0x4 /usr/lib/gcc/arm-none-eabi/7.3.1/thumb/v7e-m/fpv4-sp/hard/libgcc.a(_dvmd_tls.o)
                0x000000000000a164                __aeabi_ldiv0
                0x000000000000a164                __aeabi_idiv0
 *(.init)
 .init          0x000000000000a168        0x4 /usr/lib/gcc/arm-none-eabi/7.3.1/thumb/v7e-m/fpv4-sp/hard/crti.o
                0x000000000000a168                _init
 .init          0x000000000000a16c        0x8 /usr/lib/gcc/arm-none-eabi/7.3.1/thumb/v7e-m/fpv4-sp/hard/crtn.o
 *(.fini)
 .fini          0x000000000000a174        0x4 /usr/lib/gcc/arm-none-eabi/7.3.1/thumb/v7e-m/fpv4-sp/hard/crti.o
                0x000000000000a174                _fini
 .fini          0x000000000000a178        0x8 /usr/lib/gcc/arm-none-eabi/7.3.1/thumb/v7e-m/fpv4-sp/hard/crtn.o
 *crtbegin.o(.ctors)
 *crtbegin?.o(.ctors)
 *(EXCLUDE_FILE(*crtend.o *crtend?.o) .ctors)
 *(SORT_BY_NAME(.ctors.*))
 *(.ctors)
 *crtbegin.o(.dtors)
 *crtbegin?.o(.dtors)
 *(EXCLUDE_FILE(*crtend.o *crtend?.o) .dtors)
 *(SORT_BY_NAME(.dtors.*))
 *(.dtors)
 *(.rodata*)
 .rodata.F8X16  0x000000000000a180      0x5f0 _build/nrf52832_xxaa/oled.c.o
                0x000000000000a180                F8X16
 .rodata.delay_machine_code.7893
                0x000000000000a770        0x6 _build/nrf52832_xxaa/oled.c.o
 *fill*         0x000000000000a776        0x2 
 .rodata        0x000000000000a778       0x20 _build/nrf52832_xxaa/nrf_log_backend_uart.c.o
 .rodata.nrf_log_backend_uart_api
                0x000000000000a798        0xc _build/nrf52832_xxaa/nrf_log_backend_uart.c.o
                0x000000000000a798                nrf_log_backend_uart_api
 .rodata.str1.4
                0x000000000000a7a4       0x11 _build/nrf52832_xxaa/nrf_log_default_backends.c.o
 *fill*         0x000000000000a7b5        0x3 
 .rodata.m_log_push_ringbuf
                0x000000000000a7b8        0xc _build/nrf52832_xxaa/nrf_log_frontend.c.o
 .rodata.nrf_log_frontend_dequeue.part.6.str1.4
                0x000000000000a7c4       0x11 _build/nrf52832_xxaa/nrf_log_frontend.c.o
 *fill*         0x000000000000a7d5        0x3 
 .rodata.str1.4
                0x000000000000a7d8        0x4 _build/nrf52832_xxaa/nrf_log_frontend.c.o
 .rodata.m_colors
                0x000000000000a7dc       0x24 _build/nrf52832_xxaa/nrf_log_str_formatter.c.o
 .rodata.nrf_log_hexdump_entry_process.str1.4
                0x000000000000a800       0x13 _build/nrf52832_xxaa/nrf_log_str_formatter.c.o
                                         0x16 (size before relaxing)
 *fill*         0x000000000000a813        0x1 
 .rodata.nrf_log_std_entry_process.str1.4
                0x000000000000a814       0x3b _build/nrf52832_xxaa/nrf_log_str_formatter.c.o
 *fill*         0x000000000000a84f        0x1 
 .rodata.severity_names
                0x000000000000a850       0x14 _build/nrf52832_xxaa/nrf_log_str_formatter.c.o
 .rodata.str1.4
                0x000000000000a864       0x56 _build/nrf52832_xxaa/nrf_log_str_formatter.c.o
 *fill*         0x000000000000a8ba        0x2 
 .rodata.m_board_btn_list
                0x000000000000a8bc        0x4 _build/nrf52832_xxaa/boards.c.o
 .rodata.m_board_led_list
                0x000000000000a8c0        0x4 _build/nrf52832_xxaa/boards.c.o
 .rodata.m_detection_delay_timer_id
                0x000000000000a8c4        0x4 _build/nrf52832_xxaa/app_button.c.o
 .rodata.app_error_fault_handler.str1.4
                0x000000000000a8c8       0x19 _build/nrf52832_xxaa/app_error_weak.c.o
 *fill*         0x000000000000a8e1        0xf 
 .rodata.delay_machine_code.8295
                0x000000000000a8f0        0x6 _build/nrf52832_xxaa/app_timer.c.o
 *fill*         0x000000000000a8f6        0x2 
 .rodata._aV2C.7380
                0x000000000000a8f8       0x10 _build/nrf52832_xxaa/nrf_fprintf_format.c.o
 .rodata.str1.4
                0x000000000000a908        0x7 _build/nrf52832_xxaa/nrfx_gpiote.c.o
 *fill*         0x000000000000a90f        0x1 
 .rodata.str1.4
                0x000000000000a910        0x4 _build/nrf52832_xxaa/nrfx_prs.c.o
 .rodata.str1.4
                0x000000000000a914        0x5 _build/nrf52832_xxaa/nrfx_uart.c.o
 *fill*         0x000000000000a919        0x3 
 .rodata.str1.4
                0x000000000000a91c        0x6 _build/nrf52832_xxaa/nrfx_uarte.c.o
 *fill*         0x000000000000a922        0x2 
 .rodata.app_buttons
                0x000000000000a924       0x20 _build/nrf52832_xxaa/bsp.c.o
 .rodata.m_bsp_alert_tmr
                0x000000000000a944        0x4 _build/nrf52832_xxaa/bsp.c.o
 .rodata.m_bsp_button_tmr
                0x000000000000a948        0x4 _build/nrf52832_xxaa/bsp.c.o
 .rodata.m_bsp_leds_tmr
                0x000000000000a94c        0x4 _build/nrf52832_xxaa/bsp.c.o
 .rodata.main.str1.4
                0x000000000000a950      0x10d _build/nrf52832_xxaa/main.c.o
                                        0x111 (size before relaxing)
 *fill*         0x000000000000aa5d        0x3 
 .rodata.nrf_gzll_device_tx_failed.str1.4
                0x000000000000aa60       0x1b _build/nrf52832_xxaa/main.c.o
 *fill*         0x000000000000aa7b        0x1 
 .rodata.nrf_gzll_device_tx_success.str1.4
                0x000000000000aa7c       0x20 _build/nrf52832_xxaa/main.c.o
                                         0x1f (size before relaxing)
 .rodata.m_lcore_operation_params
                0x000000000000aa9c       0x30 ../../../nRF5_SDK_15.3.0_59ac345//components/proprietary_rf/gzll/gcc/gzll_nrf52_sd_resources_gcc.a(nrf_link_core.c.o)
 .rodata        0x000000000000aacc      0x101 /usr/lib/gcc/arm-none-eabi/7.3.1/../../../arm-none-eabi/lib/thumb/v7e-m/fpv4-sp/hard/libc_nano.a(lib_a-ctype_.o)
                0x000000000000aacc                _ctype_
 *fill*         0x000000000000abcd        0x3 
 .rodata        0x000000000000abd0        0x4 /usr/lib/gcc/arm-none-eabi/7.3.1/../../../arm-none-eabi/lib/thumb/v7e-m/fpv4-sp/hard/libc_nano.a(lib_a-impure.o)
                0x000000000000abd0                _global_impure_ptr
 *(.eh_frame*)
 .eh_frame      0x000000000000abd4        0x0 /usr/lib/gcc/arm-none-eabi/7.3.1/thumb/v7e-m/fpv4-sp/hard/crtbegin.o
 .eh_frame      0x000000000000abd4        0x4 /usr/lib/gcc/arm-none-eabi/7.3.1/thumb/v7e-m/fpv4-sp/hard/crtend.o

.glue_7         0x000000000000abd8        0x0
 .glue_7        0x000000000000abd8        0x0 linker stubs

.glue_7t        0x000000000000abd8        0x0
 .glue_7t       0x000000000000abd8        0x0 linker stubs

.vfp11_veneer   0x000000000000abd8        0x0
 .vfp11_veneer  0x000000000000abd8        0x0 linker stubs

.v4_bx          0x000000000000abd8        0x0
 .v4_bx         0x000000000000abd8        0x0 linker stubs

.iplt           0x000000000000abd8        0x0
 .iplt          0x000000000000abd8        0x0 /usr/lib/gcc/arm-none-eabi/7.3.1/thumb/v7e-m/fpv4-sp/hard/crtbegin.o

.mem_section_dummy_rom

.log_const_data
                0x000000000000abd8       0x28
                0x000000000000abd8                PROVIDE (__start_log_const_data = .)
 *(SORT_BY_NAME(.log_const_data*))
 .log_const_data_GPIOTE
                0x000000000000abd8        0x8 _build/nrf52832_xxaa/nrfx_gpiote.c.o
                0x000000000000abd8                m_nrf_log_GPIOTE_logs_data_const
 .log_const_data_PRS
                0x000000000000abe0        0x8 _build/nrf52832_xxaa/nrfx_prs.c.o
                0x000000000000abe0                m_nrf_log_PRS_logs_data_const
 .log_const_data_UART
                0x000000000000abe8        0x8 _build/nrf52832_xxaa/nrfx_uart.c.o
                0x000000000000abe8                m_nrf_log_UART_logs_data_const
 .log_const_data_UARTE
                0x000000000000abf0        0x8 _build/nrf52832_xxaa/nrfx_uarte.c.o
                0x000000000000abf0                m_nrf_log_UARTE_logs_data_const
 .log_const_data_app
                0x000000000000abf8        0x8 _build/nrf52832_xxaa/nrf_log_frontend.c.o
                0x000000000000abf8                m_nrf_log_app_logs_data_const
                0x000000000000ac00                PROVIDE (__stop_log_const_data = .)

.log_backends   0x000000000000ac00       0x10
                [!provide]                        PROVIDE (__start_log_backends = .)
 *(SORT_BY_NAME(.log_backends*))
 .log_backends  0x000000000000ac00       0x10 _build/nrf52832_xxaa/nrf_log_default_backends.c.o
                [!provide]                        PROVIDE (__stop_log_backends = .)

.nrf_balloc     0x000000000000ac10       0x14
                [!provide]                        PROVIDE (__start_nrf_balloc = .)
 *(.nrf_balloc)
 .nrf_balloc    0x000000000000ac10       0x14 _build/nrf52832_xxaa/nrf_log_frontend.c.o
                0x000000000000ac10                log_mempool
                [!provide]                        PROVIDE (__stop_nrf_balloc = .)

.ARM.extab
 *(.ARM.extab* .gnu.linkonce.armextab.*)
                0x000000000000ac24                __exidx_start = .

.ARM.exidx      0x000000000000ac24        0x8
 *(.ARM.exidx* .gnu.linkonce.armexidx.*)
 .ARM.exidx     0x000000000000ac24        0x8 /usr/lib/gcc/arm-none-eabi/7.3.1/../../../arm-none-eabi/lib/thumb/v7e-m/fpv4-sp/hard/crt0.o
 .ARM.exidx     0x000000000000ac2c        0x0 /usr/lib/gcc/arm-none-eabi/7.3.1/thumb/v7e-m/fpv4-sp/hard/libgcc.a(_udivmoddi4.o)
                                          0x8 (size before relaxing)
                0x000000000000ac2c                __exidx_end = .
                0x000000000000ac2c                __etext = .

.rel.dyn        0x000000000000ac2c        0x0
 .rel.iplt      0x000000000000ac2c        0x0 /usr/lib/gcc/arm-none-eabi/7.3.1/thumb/v7e-m/fpv4-sp/hard/crtbegin.o

.data           0x0000000020000000      0x4a8 load address 0x000000000000ac2c
                0x0000000020000000                __data_start__ = .
 *(vtable)
 *(.data*)
 .data.F16x16   0x0000000020000000      0x400 _build/nrf52832_xxaa/oled.c.o
                0x0000000020000000                F16x16
 .data.m_uart   0x0000000020000400       0x14 _build/nrf52832_xxaa/nrf_log_backend_uart.c.o
                0x0000000020000400                m_uart
 .data.log_backend_cb_uart_log_backend
                0x0000000020000414        0x8 _build/nrf52832_xxaa/nrf_log_default_backends.c.o
 .data.SystemCoreClock
                0x000000002000041c        0x4 _build/nrf52832_xxaa/system_nrf52.c.o
                0x000000002000041c                SystemCoreClock
 .data.m_channel_table
                0x0000000020000420       0x10 ../../../nRF5_SDK_15.3.0_59ac345//components/proprietary_rf/gzll/gcc/gzll_nrf52_sd_resources_gcc.a(nrf_gzll.c.o)
 .data.m_channel_table_size
                0x0000000020000430        0x4 ../../../nRF5_SDK_15.3.0_59ac345//components/proprietary_rf/gzll/gcc/gzll_nrf52_sd_resources_gcc.a(nrf_gzll.c.o)
 .data.m_state_functions
                0x0000000020000434        0x8 ../../../nRF5_SDK_15.3.0_59ac345//components/proprietary_rf/gzll/gcc/gzll_nrf52_sd_resources_gcc.a(nrf_state_machine.c.o)
                0x0000000020000434                m_state_functions
 .data          0x000000002000043c       0x64 /usr/lib/gcc/arm-none-eabi/7.3.1/../../../arm-none-eabi/lib/thumb/v7e-m/fpv4-sp/hard/libc_nano.a(lib_a-impure.o)
                0x000000002000043c                _impure_ptr
                0x00000000200004a0                . = ALIGN (0x4)
                0x00000000200004a0                PROVIDE (__preinit_array_start = .)
 *(.preinit_array)
                0x00000000200004a0                PROVIDE (__preinit_array_end = .)
                0x00000000200004a0                . = ALIGN (0x4)
                0x00000000200004a0                PROVIDE (__init_array_start = .)
 *(SORT_BY_NAME(.init_array.*))
 *(.init_array)
 .init_array    0x00000000200004a0        0x4 /usr/lib/gcc/arm-none-eabi/7.3.1/thumb/v7e-m/fpv4-sp/hard/crtbegin.o
                0x00000000200004a4                PROVIDE (__init_array_end = .)
                0x00000000200004a4                . = ALIGN (0x4)
                0x00000000200004a4                PROVIDE (__fini_array_start = .)
 *(SORT_BY_NAME(.fini_array.*))
 *(.fini_array)
 .fini_array    0x00000000200004a4        0x4 /usr/lib/gcc/arm-none-eabi/7.3.1/thumb/v7e-m/fpv4-sp/hard/crtbegin.o
                0x00000000200004a8                PROVIDE (__fini_array_end = .)
 *(.jcr*)
                0x00000000200004a8                . = ALIGN (0x4)
                0x00000000200004a8                __data_end__ = .
LOAD /usr/lib/gcc/arm-none-eabi/7.3.1/thumb/v7e-m/fpv4-sp/hard/crti.o
LOAD /usr/lib/gcc/arm-none-eabi/7.3.1/thumb/v7e-m/fpv4-sp/hard/crtbegin.o
LOAD /usr/lib/gcc/arm-none-eabi/7.3.1/../../../arm-none-eabi/lib/thumb/v7e-m/fpv4-sp/hard/crt0.o
LOAD _build/nrf52832_xxaa/oled.c.o
LOAD _build/nrf52832_xxaa/beep.c.o
LOAD _build/nrf52832_xxaa/led.c.o
LOAD _build/nrf52832_xxaa/key.c.o
LOAD _build/nrf52832_xxaa/gcc_startup_nrf52.S.o
LOAD _build/nrf52832_xxaa/nrf_log_backend_rtt.c.o
LOAD _build/nrf52832_xxaa/nrf_log_backend_serial.c.o
LOAD _build/nrf52832_xxaa/nrf_log_backend_uart.c.o
LOAD _build/nrf52832_xxaa/nrf_log_default_backends.c.o
LOAD _build/nrf52832_xxaa/nrf_log_frontend.c.o
LOAD _build/nrf52832_xxaa/nrf_log_str_formatter.c.o
LOAD _build/nrf52832_xxaa/boards.c.o
LOAD _build/nrf52832_xxaa/app_button.c.o
LOAD _build/nrf52832_xxaa/app_error.c.o
LOAD _build/nrf52832_xxaa/app_error_handler_gcc.c.o
LOAD _build/nrf52832_xxaa/app_error_weak.c.o
LOAD _build/nrf52832_xxaa/app_scheduler.c.o
LOAD _build/nrf52832_xxaa/app_timer.c.o
LOAD _build/nrf52832_xxaa/app_util_platform.c.o
LOAD _build/nrf52832_xxaa/nrf_assert.c.o
LOAD _build/nrf52832_xxaa/nrf_atomic.c.o
LOAD _build/nrf52832_xxaa/nrf_balloc.c.o
LOAD _build/nrf52832_xxaa/nrf_fprintf.c.o
LOAD _build/nrf52832_xxaa/nrf_fprintf_format.c.o
LOAD _build/nrf52832_xxaa/nrf_memobj.c.o
LOAD _build/nrf52832_xxaa/nrf_ringbuf.c.o
LOAD _build/nrf52832_xxaa/nrf_strerror.c.o
LOAD _build/nrf52832_xxaa/nrf_drv_uart.c.o
LOAD _build/nrf52832_xxaa/nrfx_atomic.c.o
LOAD _build/nrf52832_xxaa/nrfx_gpiote.c.o
LOAD _build/nrf52832_xxaa/nrfx_prs.c.o
LOAD _build/nrf52832_xxaa/nrfx_uart.c.o
LOAD _build/nrf52832_xxaa/nrfx_uarte.c.o
LOAD _build/nrf52832_xxaa/bsp.c.o
LOAD _build/nrf52832_xxaa/main.c.o
LOAD _build/nrf52832_xxaa/SEGGER_RTT.c.o
LOAD _build/nrf52832_xxaa/SEGGER_RTT_Syscalls_GCC.c.o
LOAD _build/nrf52832_xxaa/SEGGER_RTT_printf.c.o
LOAD _build/nrf52832_xxaa/system_nrf52.c.o
LOAD ../../../nRF5_SDK_15.3.0_59ac345//components/proprietary_rf/gzll/gcc/gzll_nrf52_sd_resources_gcc.a
LOAD /usr/lib/gcc/arm-none-eabi/7.3.1/../../../arm-none-eabi/lib/thumb/v7e-m/fpv4-sp/hard/libc_nano.a
LOAD /usr/lib/gcc/arm-none-eabi/7.3.1/../../../arm-none-eabi/lib/thumb/v7e-m/fpv4-sp/hard/libnosys.a
LOAD /usr/lib/gcc/arm-none-eabi/7.3.1/../../../arm-none-eabi/lib/thumb/v7e-m/fpv4-sp/hard/libm.a
START GROUP
LOAD /usr/lib/gcc/arm-none-eabi/7.3.1/thumb/v7e-m/fpv4-sp/hard/libgcc.a
LOAD /usr/lib/gcc/arm-none-eabi/7.3.1/../../../arm-none-eabi/lib/thumb/v7e-m/fpv4-sp/hard/libg_nano.a
LOAD /usr/lib/gcc/arm-none-eabi/7.3.1/../../../arm-none-eabi/lib/thumb/v7e-m/fpv4-sp/hard/libc_nano.a
END GROUP
START GROUP
LOAD /usr/lib/gcc/arm-none-eabi/7.3.1/thumb/v7e-m/fpv4-sp/hard/libgcc.a
LOAD /usr/lib/gcc/arm-none-eabi/7.3.1/../../../arm-none-eabi/lib/thumb/v7e-m/fpv4-sp/hard/libc_nano.a
END GROUP
LOAD /usr/lib/gcc/arm-none-eabi/7.3.1/thumb/v7e-m/fpv4-sp/hard/crtend.o
LOAD /usr/lib/gcc/arm-none-eabi/7.3.1/thumb/v7e-m/fpv4-sp/hard/crtn.o
START GROUP
LOAD /usr/lib/gcc/arm-none-eabi/7.3.1/thumb/v7e-m/fpv4-sp/hard/libgcc.a
LOAD /usr/lib/gcc/arm-none-eabi/7.3.1/../../../arm-none-eabi/lib/thumb/v7e-m/fpv4-sp/hard/libc.a
LOAD /usr/lib/gcc/arm-none-eabi/7.3.1/../../../arm-none-eabi/lib/thumb/v7e-m/fpv4-sp/hard/libnosys.a
END GROUP

.tm_clone_table
                0x00000000200004a8        0x0 load address 0x000000000000b0d4
 .tm_clone_table
                0x00000000200004a8        0x0 /usr/lib/gcc/arm-none-eabi/7.3.1/thumb/v7e-m/fpv4-sp/hard/crtbegin.o
 .tm_clone_table
                0x00000000200004a8        0x0 /usr/lib/gcc/arm-none-eabi/7.3.1/thumb/v7e-m/fpv4-sp/hard/crtend.o

.igot.plt       0x00000000200004a8        0x0 load address 0x000000000000b0d4
 .igot.plt      0x00000000200004a8        0x0 /usr/lib/gcc/arm-none-eabi/7.3.1/thumb/v7e-m/fpv4-sp/hard/crtbegin.o
                0x00000000200004a8                . = ALIGN (0x4)

.mem_section_dummy_ram

.log_dynamic_data
                0x00000000200004a8        0x0
                0x00000000200004a8                PROVIDE (__start_log_dynamic_data = .)
 *(SORT_BY_NAME(.log_dynamic_data*))
                [!provide]                        PROVIDE (__stop_log_dynamic_data = .)

.log_filter_data
                0x00000000200004a8        0x0
                [!provide]                        PROVIDE (__start_log_filter_data = .)
 *(SORT_BY_NAME(.log_filter_data*))
                [!provide]                        PROVIDE (__stop_log_filter_data = .)

.bss            0x00000000200004a8      0xdf0 load address 0x000000000000b0d8
                0x00000000200004a8                . = ALIGN (0x4)
                0x00000000200004a8                __bss_start__ = .
 *(.bss*)
 .bss           0x00000000200004a8       0x1c /usr/lib/gcc/arm-none-eabi/7.3.1/thumb/v7e-m/fpv4-sp/hard/crtbegin.o
 .bss.m_async_mode
                0x00000000200004c4        0x1 _build/nrf52832_xxaa/nrf_log_backend_uart.c.o
 *fill*         0x00000000200004c5        0x3 
 .bss.m_string_buff
                0x00000000200004c8       0x40 _build/nrf52832_xxaa/nrf_log_backend_uart.c.o
 .bss.m_xfer_done
                0x0000000020000508        0x1 _build/nrf52832_xxaa/nrf_log_backend_uart.c.o
 *fill*         0x0000000020000509        0x3 
 .bss.log_mempool_nrf_balloc_cb
                0x000000002000050c        0x8 _build/nrf52832_xxaa/nrf_log_frontend.c.o
 .bss.log_mempool_nrf_balloc_pool_mem
                0x0000000020000514       0xc0 _build/nrf52832_xxaa/nrf_log_frontend.c.o
 .bss.log_mempool_nrf_balloc_pool_stack
                0x00000000200005d4        0x8 _build/nrf52832_xxaa/nrf_log_frontend.c.o
 .bss.m_log_data
                0x00000000200005dc      0x424 _build/nrf52832_xxaa/nrf_log_frontend.c.o
 .bss.m_log_push_ringbuf_buf
                0x0000000020000a00       0x80 _build/nrf52832_xxaa/nrf_log_frontend.c.o
 .bss.m_log_push_ringbuf_cb
                0x0000000020000a80       0x18 _build/nrf52832_xxaa/nrf_log_frontend.c.o
 .bss.m_button_count
                0x0000000020000a98        0x1 _build/nrf52832_xxaa/app_button.c.o
 *fill*         0x0000000020000a99        0x3 
 .bss.m_detection_delay
                0x0000000020000a9c        0x4 _build/nrf52832_xxaa/app_button.c.o
 .bss.m_detection_delay_timer_id_data
                0x0000000020000aa0       0x20 _build/nrf52832_xxaa/app_button.c.o
 .bss.m_pin_state
                0x0000000020000ac0        0x8 _build/nrf52832_xxaa/app_button.c.o
 .bss.m_pin_transition
                0x0000000020000ac8        0x8 _build/nrf52832_xxaa/app_button.c.o
 .bss.mp_buttons
                0x0000000020000ad0        0x4 _build/nrf52832_xxaa/app_button.c.o
 .bss.m_op_queue
                0x0000000020000ad4      0x10c _build/nrf52832_xxaa/app_timer.c.o
 .bss.m_rtc1_reset
                0x0000000020000be0        0x1 _build/nrf52832_xxaa/app_timer.c.o
 .bss.m_rtc1_running
                0x0000000020000be1        0x1 _build/nrf52832_xxaa/app_timer.c.o
 *fill*         0x0000000020000be2        0x2 
 .bss.m_ticks_elapsed
                0x0000000020000be4        0x8 _build/nrf52832_xxaa/app_timer.c.o
 .bss.m_ticks_elapsed_q_read_ind
                0x0000000020000bec        0x1 _build/nrf52832_xxaa/app_timer.c.o
 .bss.m_ticks_elapsed_q_write_ind
                0x0000000020000bed        0x1 _build/nrf52832_xxaa/app_timer.c.o
 *fill*         0x0000000020000bee        0x2 
 .bss.m_ticks_latest
                0x0000000020000bf0        0x4 _build/nrf52832_xxaa/app_timer.c.o
 .bss.mp_timer_id_head
                0x0000000020000bf4        0x4 _build/nrf52832_xxaa/app_timer.c.o
 .bss.m_in_critical_region
                0x0000000020000bf8        0x4 _build/nrf52832_xxaa/app_util_platform.c.o
 .bss.m_contexts
                0x0000000020000bfc        0x4 _build/nrf52832_xxaa/nrf_drv_uart.c.o
 .bss.m_handlers
                0x0000000020000c00        0x4 _build/nrf52832_xxaa/nrf_drv_uart.c.o
 .bss.m_cb      0x0000000020000c04       0x5c _build/nrf52832_xxaa/nrfx_gpiote.c.o
 .bss.m_prs_box_4
                0x0000000020000c60        0x8 _build/nrf52832_xxaa/nrfx_prs.c.o
 .bss.m_cb      0x0000000020000c68       0x2c _build/nrf52832_xxaa/nrfx_uart.c.o
 .bss.m_cb      0x0000000020000c94       0x24 _build/nrf52832_xxaa/nrfx_uarte.c.o
 .bss.current_long_push_pin_no.8427
                0x0000000020000cb8        0x1 _build/nrf52832_xxaa/bsp.c.o
 .bss.m_alert_on
                0x0000000020000cb9        0x1 _build/nrf52832_xxaa/bsp.c.o
 *fill*         0x0000000020000cba        0x2 
 .bss.m_bsp_alert_tmr_data
                0x0000000020000cbc       0x20 _build/nrf52832_xxaa/bsp.c.o
 .bss.m_bsp_button_tmr_data
                0x0000000020000cdc       0x20 _build/nrf52832_xxaa/bsp.c.o
 .bss.m_bsp_leds_tmr_data
                0x0000000020000cfc       0x20 _build/nrf52832_xxaa/bsp.c.o
 .bss.m_events_list
                0x0000000020000d1c        0xc _build/nrf52832_xxaa/bsp.c.o
 .bss.m_indication_type
                0x0000000020000d28        0x4 _build/nrf52832_xxaa/bsp.c.o
 .bss.m_leds_clear
                0x0000000020000d2c        0x1 _build/nrf52832_xxaa/bsp.c.o
 *fill*         0x0000000020000d2d        0x3 
 .bss.m_registered_callback
                0x0000000020000d30        0x4 _build/nrf52832_xxaa/bsp.c.o
 .bss.m_stable_state
                0x0000000020000d34        0x1 _build/nrf52832_xxaa/bsp.c.o
 *fill*         0x0000000020000d35        0x3 
 .bss.release_event_at_push.8428
                0x0000000020000d38        0x4 _build/nrf52832_xxaa/bsp.c.o
 .bss.m_ack_payload
                0x0000000020000d3c       0x20 _build/nrf52832_xxaa/main.c.o
 .bss.m_data_payload
                0x0000000020000d5c        0x1 _build/nrf52832_xxaa/main.c.o
 *fill*         0x0000000020000d5d        0x3 
 .bss.m_statistics
                0x0000000020000d60       0x88 _build/nrf52832_xxaa/main.c.o
 .bss.m_crc_failure_callback
                0x0000000020000de8        0x4 ../../../nRF5_SDK_15.3.0_59ac345//components/proprietary_rf/gzll/gcc/gzll_nrf52_sd_resources_gcc.a(nrf_gzll.c.o)
 .bss.m_nrf_gzll_error_code
                0x0000000020000dec        0x1 ../../../nRF5_SDK_15.3.0_59ac345//components/proprietary_rf/gzll/gcc/gzll_nrf52_sd_resources_gcc.a(nrf_gzll.c.o)
 *fill*         0x0000000020000ded        0x3 
 .bss.m_nrf_gzll_internal_debug_code
                0x0000000020000df0        0x4 ../../../nRF5_SDK_15.3.0_59ac345//components/proprietary_rf/gzll/gcc/gzll_nrf52_sd_resources_gcc.a(nrf_gzll.c.o)
 .bss.m_p_impl_status
                0x0000000020000df4        0x4 ../../../nRF5_SDK_15.3.0_59ac345//components/proprietary_rf/gzll/gcc/gzll_nrf52_sd_resources_gcc.a(nrf_gzll.c.o)
 .bss.m_p_statistics
                0x0000000020000df8        0x4 ../../../nRF5_SDK_15.3.0_59ac345//components/proprietary_rf/gzll/gcc/gzll_nrf52_sd_resources_gcc.a(nrf_gzll.c.o)
 .bss.m_status  0x0000000020000dfc        0xc ../../../nRF5_SDK_15.3.0_59ac345//components/proprietary_rf/gzll/gcc/gzll_nrf52_sd_resources_gcc.a(nrf_gzll.c.o)
 .bss.m_tx_timeout_callback
                0x0000000020000e08        0x4 ../../../nRF5_SDK_15.3.0_59ac345//components/proprietary_rf/gzll/gcc/gzll_nrf52_sd_resources_gcc.a(nrf_gzll.c.o)
 .bss.m_chm_config
                0x0000000020000e0c        0xc ../../../nRF5_SDK_15.3.0_59ac345//components/proprietary_rf/gzll/gcc/gzll_nrf52_sd_resources_gcc.a(nrf_impala.c.o)
 .bss.m_crc_failure
                0x0000000020000e18        0x1 ../../../nRF5_SDK_15.3.0_59ac345//components/proprietary_rf/gzll/gcc/gzll_nrf52_sd_resources_gcc.a(nrf_impala.c.o)
 .bss.m_impl_async_state
                0x0000000020000e19        0x1 ../../../nRF5_SDK_15.3.0_59ac345//components/proprietary_rf/gzll/gcc/gzll_nrf52_sd_resources_gcc.a(nrf_impala.c.o)
 *fill*         0x0000000020000e1a        0x2 
 .bss.m_impl_pa_lna_cfg
                0x0000000020000e1c        0x4 ../../../nRF5_SDK_15.3.0_59ac345//components/proprietary_rf/gzll/gcc/gzll_nrf52_sd_resources_gcc.a(nrf_impala.c.o)
 .bss.m_impl_params
                0x0000000020000e20       0x34 ../../../nRF5_SDK_15.3.0_59ac345//components/proprietary_rf/gzll/gcc/gzll_nrf52_sd_resources_gcc.a(nrf_impala.c.o)
 .bss.m_impl_status
                0x0000000020000e54       0x18 ../../../nRF5_SDK_15.3.0_59ac345//components/proprietary_rf/gzll/gcc/gzll_nrf52_sd_resources_gcc.a(nrf_impala.c.o)
 .bss.m_lcore_config
                0x0000000020000e6c       0x18 ../../../nRF5_SDK_15.3.0_59ac345//components/proprietary_rf/gzll/gcc/gzll_nrf52_sd_resources_gcc.a(nrf_impala.c.o)
 .bss.m_p_lcore_status
                0x0000000020000e84        0x4 ../../../nRF5_SDK_15.3.0_59ac345//components/proprietary_rf/gzll/gcc/gzll_nrf52_sd_resources_gcc.a(nrf_impala.c.o)
 .bss.m_lcore_cfg
                0x0000000020000e88        0x4 ../../../nRF5_SDK_15.3.0_59ac345//components/proprietary_rf/gzll/gcc/gzll_nrf52_sd_resources_gcc.a(nrf_link_core.c.o)
 .bss.m_lcore_current_rf_channel
                0x0000000020000e8c        0x1 ../../../nRF5_SDK_15.3.0_59ac345//components/proprietary_rf/gzll/gcc/gzll_nrf52_sd_resources_gcc.a(nrf_link_core.c.o)
 *fill*         0x0000000020000e8d        0x3 
 .bss.m_lcore_status
                0x0000000020000e90       0x1c ../../../nRF5_SDK_15.3.0_59ac345//components/proprietary_rf/gzll/gcc/gzll_nrf52_sd_resources_gcc.a(nrf_link_core.c.o)
 .bss.m_p_lcore_pa_lna_cfg
                0x0000000020000eac        0x4 ../../../nRF5_SDK_15.3.0_59ac345//components/proprietary_rf/gzll/gcc/gzll_nrf52_sd_resources_gcc.a(nrf_link_core.c.o)
 .bss.m_nm_status
                0x0000000020000eb0       0xd8 ../../../nRF5_SDK_15.3.0_59ac345//components/proprietary_rf/gzll/gcc/gzll_nrf52_sd_resources_gcc.a(nrf_notification_manager.c.o)
 .bss.m_pm_ack_payload_pending
                0x0000000020000f88        0x8 ../../../nRF5_SDK_15.3.0_59ac345//components/proprietary_rf/gzll/gcc/gzll_nrf52_sd_resources_gcc.a(nrf_packet_manager.c.o)
 .bss.m_pm_status
                0x0000000020000f90       0x84 ../../../nRF5_SDK_15.3.0_59ac345//components/proprietary_rf/gzll/gcc/gzll_nrf52_sd_resources_gcc.a(nrf_packet_manager.c.o)
 .bss.m_sm_status
                0x0000000020001014        0x3 ../../../nRF5_SDK_15.3.0_59ac345//components/proprietary_rf/gzll/gcc/gzll_nrf52_sd_resources_gcc.a(nrf_state_machine.c.o)
 *fill*         0x0000000020001017        0x1 
 .bss.m_p_config
                0x0000000020001018        0x4 ../../../nRF5_SDK_15.3.0_59ac345//components/proprietary_rf/gzll/gcc/gzll_nrf52_sd_resources_gcc.a(nrf_channel_manager.c.o)
 .bss.m_status  0x000000002000101c        0x8 ../../../nRF5_SDK_15.3.0_59ac345//components/proprietary_rf/gzll/gcc/gzll_nrf52_sd_resources_gcc.a(nrf_channel_manager.c.o)
 .bss.m_available_packet_count
                0x0000000020001024        0x4 ../../../nRF5_SDK_15.3.0_59ac345//components/proprietary_rf/gzll/gcc/gzll_nrf52_sd_resources_gcc.a(nrf_fifo.c.o)
 .bss.m_p_available_packets
                0x0000000020001028       0x18 ../../../nRF5_SDK_15.3.0_59ac345//components/proprietary_rf/gzll/gcc/gzll_nrf52_sd_resources_gcc.a(nrf_fifo.c.o)
 .bss.m_p_fifo_contents
                0x0000000020001040       0xc0 ../../../nRF5_SDK_15.3.0_59ac345//components/proprietary_rf/gzll/gcc/gzll_nrf52_sd_resources_gcc.a(nrf_fifo.c.o)
 .bss.m_packet_pool
                0x0000000020001100       0xcc ../../../nRF5_SDK_15.3.0_59ac345//components/proprietary_rf/gzll/gcc/gzll_nrf52_sd_resources_gcc.a(nrf_fifo.c.o)
 .bss.m_pipe_status
                0x00000000200011cc       0x30 ../../../nRF5_SDK_15.3.0_59ac345//components/proprietary_rf/gzll/gcc/gzll_nrf52_sd_resources_gcc.a(nrf_fifo.c.o)
 .bss.m_pending_cb
                0x00000000200011fc        0x4 ../../../nRF5_SDK_15.3.0_59ac345//components/proprietary_rf/gzll/gcc/gzll_nrf52_sd_resources_gcc.a(nrf_flywheel.c.o)
 .bss.m_runstate
                0x0000000020001200        0x1 ../../../nRF5_SDK_15.3.0_59ac345//components/proprietary_rf/gzll/gcc/gzll_nrf52_sd_resources_gcc.a(nrf_flywheel.c.o)
 .bss.m_task_is_delayed
                0x0000000020001201        0x1 ../../../nRF5_SDK_15.3.0_59ac345//components/proprietary_rf/gzll/gcc/gzll_nrf52_sd_resources_gcc.a(nrf_flywheel.c.o)
 .bss.m_waiting_on_handler
                0x0000000020001202        0x1 ../../../nRF5_SDK_15.3.0_59ac345//components/proprietary_rf/gzll/gcc/gzll_nrf52_sd_resources_gcc.a(nrf_flywheel.c.o)
 *fill*         0x0000000020001203        0x1 
 .bss           0x0000000020001204       0x8c /usr/lib/gcc/arm-none-eabi/7.3.1/../../../arm-none-eabi/lib/thumb/v7e-m/fpv4-sp/hard/libc_nano.a(lib_a-__atexit.o)
 .bss           0x0000000020001290        0x4 /usr/lib/gcc/arm-none-eabi/7.3.1/../../../arm-none-eabi/lib/thumb/v7e-m/fpv4-sp/hard/libc_nano.a(lib_a-__call_atexit.o)
                0x0000000020001290                _global_atexit
 *(COMMON)
 COMMON         0x0000000020001294        0x1 _build/nrf52832_xxaa/nrf_drv_uart.c.o
                0x0000000020001294                nrf_drv_uart_use_easy_dma
                0x0000000020001298                . = ALIGN (0x4)
 *fill*         0x0000000020001295        0x3 
                0x0000000020001298                __bss_end__ = .

.heap           0x0000000020001298     0x2000
                0x0000000020001298                __HeapBase = .
                0x0000000020001298                __end__ = .
                [!provide]                        PROVIDE (end = .)
 *(.heap*)
 .heap          0x0000000020001298     0x2000 _build/nrf52832_xxaa/gcc_startup_nrf52.S.o
                0x0000000020003298                __HeapLimit = .

.stack_dummy    0x0000000020001298     0x2000
 *(.stack*)
 .stack         0x0000000020001298     0x2000 _build/nrf52832_xxaa/gcc_startup_nrf52.S.o
                0x0000000020010000                __StackTop = (ORIGIN (RAM) + LENGTH (RAM))
                0x000000002000e000                __StackLimit = (__StackTop - SIZEOF (.stack_dummy))
                0x0000000020010000                PROVIDE (__stack = __StackTop)
                0x0000000000000001                ASSERT ((__StackLimit >= __HeapLimit), region RAM overflowed with stack)
                0x00000000000004a8                DataInitFlashUsed = (__bss_start__ - __data_start__)
                0x000000000000ac2c                CodeFlashUsed = (__etext - ORIGIN (FLASH))
                0x000000000000b0d4                TotalFlashUsed = (CodeFlashUsed + DataInitFlashUsed)
                0x0000000000000001                ASSERT ((TotalFlashUsed <= LENGTH (FLASH)), region FLASH overflowed with .data and user data)
OUTPUT(_build/nrf52832_xxaa.out elf32-littlearm)

.ARM.attributes
                0x0000000000000000       0x30
 .ARM.attributes
                0x0000000000000000       0x22 /usr/lib/gcc/arm-none-eabi/7.3.1/thumb/v7e-m/fpv4-sp/hard/crti.o
 .ARM.attributes
                0x0000000000000022       0x34 /usr/lib/gcc/arm-none-eabi/7.3.1/thumb/v7e-m/fpv4-sp/hard/crtbegin.o
 .ARM.attributes
                0x0000000000000056       0x20 /usr/lib/gcc/arm-none-eabi/7.3.1/../../../arm-none-eabi/lib/thumb/v7e-m/fpv4-sp/hard/crt0.o
 .ARM.attributes
                0x0000000000000076       0x39 _build/nrf52832_xxaa/oled.c.o
 .ARM.attributes
                0x00000000000000af       0x20 _build/nrf52832_xxaa/gcc_startup_nrf52.S.o
 .ARM.attributes
                0x00000000000000cf       0x39 _build/nrf52832_xxaa/nrf_log_backend_serial.c.o
 .ARM.attributes
                0x0000000000000108       0x39 _build/nrf52832_xxaa/nrf_log_backend_uart.c.o
 .ARM.attributes
                0x0000000000000141       0x39 _build/nrf52832_xxaa/nrf_log_default_backends.c.o
 .ARM.attributes
                0x000000000000017a       0x39 _build/nrf52832_xxaa/nrf_log_frontend.c.o
 .ARM.attributes
                0x00000000000001b3       0x39 _build/nrf52832_xxaa/nrf_log_str_formatter.c.o
 .ARM.attributes
                0x00000000000001ec       0x39 _build/nrf52832_xxaa/boards.c.o
 .ARM.attributes
                0x0000000000000225       0x39 _build/nrf52832_xxaa/app_button.c.o
 .ARM.attributes
                0x000000000000025e       0x39 _build/nrf52832_xxaa/app_error.c.o
 .ARM.attributes
                0x0000000000000297       0x39 _build/nrf52832_xxaa/app_error_weak.c.o
 .ARM.attributes
                0x00000000000002d0       0x39 _build/nrf52832_xxaa/app_timer.c.o
 .ARM.attributes
                0x0000000000000309       0x39 _build/nrf52832_xxaa/app_util_platform.c.o
 .ARM.attributes
                0x0000000000000342       0x39 _build/nrf52832_xxaa/nrf_atomic.c.o
 .ARM.attributes
                0x000000000000037b       0x39 _build/nrf52832_xxaa/nrf_balloc.c.o
 .ARM.attributes
                0x00000000000003b4       0x39 _build/nrf52832_xxaa/nrf_fprintf.c.o
 .ARM.attributes
                0x00000000000003ed       0x39 _build/nrf52832_xxaa/nrf_fprintf_format.c.o
 .ARM.attributes
                0x0000000000000426       0x39 _build/nrf52832_xxaa/nrf_memobj.c.o
 .ARM.attributes
                0x000000000000045f       0x39 _build/nrf52832_xxaa/nrf_ringbuf.c.o
 .ARM.attributes
                0x0000000000000498       0x39 _build/nrf52832_xxaa/nrf_drv_uart.c.o
 .ARM.attributes
                0x00000000000004d1       0x39 _build/nrf52832_xxaa/nrfx_gpiote.c.o
 .ARM.attributes
                0x000000000000050a       0x39 _build/nrf52832_xxaa/nrfx_prs.c.o
 .ARM.attributes
                0x0000000000000543       0x39 _build/nrf52832_xxaa/nrfx_uart.c.o
 .ARM.attributes
                0x000000000000057c       0x39 _build/nrf52832_xxaa/nrfx_uarte.c.o
 .ARM.attributes
                0x00000000000005b5       0x39 _build/nrf52832_xxaa/bsp.c.o
 .ARM.attributes
                0x00000000000005ee       0x39 _build/nrf52832_xxaa/main.c.o
 .ARM.attributes
                0x0000000000000627       0x39 _build/nrf52832_xxaa/system_nrf52.c.o
 .ARM.attributes
                0x0000000000000660       0x39 ../../../nRF5_SDK_15.3.0_59ac345//components/proprietary_rf/gzll/gcc/gzll_nrf52_sd_resources_gcc.a(nrf_gzll.c.o)
 .ARM.attributes
                0x0000000000000699       0x39 ../../../nRF5_SDK_15.3.0_59ac345//components/proprietary_rf/gzll/gcc/gzll_nrf52_sd_resources_gcc.a(nrf_impala.c.o)
 .ARM.attributes
                0x00000000000006d2       0x39 ../../../nRF5_SDK_15.3.0_59ac345//components/proprietary_rf/gzll/gcc/gzll_nrf52_sd_resources_gcc.a(nrf_link_core.c.o)
 .ARM.attributes
                0x000000000000070b       0x39 ../../../nRF5_SDK_15.3.0_59ac345//components/proprietary_rf/gzll/gcc/gzll_nrf52_sd_resources_gcc.a(nrf_notification_manager.c.o)
 .ARM.attributes
                0x0000000000000744       0x39 ../../../nRF5_SDK_15.3.0_59ac345//components/proprietary_rf/gzll/gcc/gzll_nrf52_sd_resources_gcc.a(nrf_packet_manager.c.o)
 .ARM.attributes
                0x000000000000077d       0x39 ../../../nRF5_SDK_15.3.0_59ac345//components/proprietary_rf/gzll/gcc/gzll_nrf52_sd_resources_gcc.a(nrf_state_machine.c.o)
 .ARM.attributes
                0x00000000000007b6       0x39 ../../../nRF5_SDK_15.3.0_59ac345//components/proprietary_rf/gzll/gcc/gzll_nrf52_sd_resources_gcc.a(nrf_assert_internal.c.o)
 .ARM.attributes
                0x00000000000007ef       0x39 ../../../nRF5_SDK_15.3.0_59ac345//components/proprietary_rf/gzll/gcc/gzll_nrf52_sd_resources_gcc.a(nrf_channel_manager.c.o)
 .ARM.attributes
                0x0000000000000828       0x39 ../../../nRF5_SDK_15.3.0_59ac345//components/proprietary_rf/gzll/gcc/gzll_nrf52_sd_resources_gcc.a(nrf_fifo.c.o)
 .ARM.attributes
                0x0000000000000861       0x39 ../../../nRF5_SDK_15.3.0_59ac345//components/proprietary_rf/gzll/gcc/gzll_nrf52_sd_resources_gcc.a(nrf_flywheel.c.o)
 .ARM.attributes
                0x000000000000089a       0x34 /usr/lib/gcc/arm-none-eabi/7.3.1/../../../arm-none-eabi/lib/thumb/v7e-m/fpv4-sp/hard/libc_nano.a(lib_a-atexit.o)
 .ARM.attributes
                0x00000000000008ce       0x34 /usr/lib/gcc/arm-none-eabi/7.3.1/../../../arm-none-eabi/lib/thumb/v7e-m/fpv4-sp/hard/libc_nano.a(lib_a-ctype_.o)
 .ARM.attributes
                0x0000000000000902       0x34 /usr/lib/gcc/arm-none-eabi/7.3.1/../../../arm-none-eabi/lib/thumb/v7e-m/fpv4-sp/hard/libc_nano.a(lib_a-exit.o)
 .ARM.attributes
                0x0000000000000936       0x34 /usr/lib/gcc/arm-none-eabi/7.3.1/../../../arm-none-eabi/lib/thumb/v7e-m/fpv4-sp/hard/libc_nano.a(lib_a-fini.o)
 .ARM.attributes
                0x000000000000096a       0x34 /usr/lib/gcc/arm-none-eabi/7.3.1/../../../arm-none-eabi/lib/thumb/v7e-m/fpv4-sp/hard/libc_nano.a(lib_a-impure.o)
 .ARM.attributes
                0x000000000000099e       0x34 /usr/lib/gcc/arm-none-eabi/7.3.1/../../../arm-none-eabi/lib/thumb/v7e-m/fpv4-sp/hard/libc_nano.a(lib_a-init.o)
 .ARM.attributes
                0x00000000000009d2       0x20 /usr/lib/gcc/arm-none-eabi/7.3.1/../../../arm-none-eabi/lib/thumb/v7e-m/fpv4-sp/hard/libc_nano.a(lib_a-memcpy.o)
 .ARM.attributes
                0x00000000000009f2       0x34 /usr/lib/gcc/arm-none-eabi/7.3.1/../../../arm-none-eabi/lib/thumb/v7e-m/fpv4-sp/hard/libc_nano.a(lib_a-memset.o)
 .ARM.attributes
                0x0000000000000a26       0x20 /usr/lib/gcc/arm-none-eabi/7.3.1/../../../arm-none-eabi/lib/thumb/v7e-m/fpv4-sp/hard/libc_nano.a(lib_a-strlen.o)
 .ARM.attributes
                0x0000000000000a46       0x34 /usr/lib/gcc/arm-none-eabi/7.3.1/../../../arm-none-eabi/lib/thumb/v7e-m/fpv4-sp/hard/libc_nano.a(lib_a-__atexit.o)
 .ARM.attributes
                0x0000000000000a7a       0x34 /usr/lib/gcc/arm-none-eabi/7.3.1/../../../arm-none-eabi/lib/thumb/v7e-m/fpv4-sp/hard/libc_nano.a(lib_a-__call_atexit.o)
 .ARM.attributes
                0x0000000000000aae       0x34 /usr/lib/gcc/arm-none-eabi/7.3.1/../../../arm-none-eabi/lib/thumb/v7e-m/fpv4-sp/hard/libnosys.a(_exit.o)
 .ARM.attributes
                0x0000000000000ae2       0x22 /usr/lib/gcc/arm-none-eabi/7.3.1/thumb/v7e-m/fpv4-sp/hard/libgcc.a(_aeabi_uldivmod.o)
 .ARM.attributes
                0x0000000000000b04       0x34 /usr/lib/gcc/arm-none-eabi/7.3.1/thumb/v7e-m/fpv4-sp/hard/libgcc.a(_udivmoddi4.o)
 .ARM.attributes
                0x0000000000000b38       0x22 /usr/lib/gcc/arm-none-eabi/7.3.1/thumb/v7e-m/fpv4-sp/hard/libgcc.a(_dvmd_tls.o)
 .ARM.attributes
                0x0000000000000b5a       0x34 /usr/lib/gcc/arm-none-eabi/7.3.1/thumb/v7e-m/fpv4-sp/hard/crtend.o
 .ARM.attributes
                0x0000000000000b8e       0x22 /usr/lib/gcc/arm-none-eabi/7.3.1/thumb/v7e-m/fpv4-sp/hard/crtn.o

.comment        0x0000000000000000      0x12d
 .comment       0x0000000000000000       0x57 /usr/lib/gcc/arm-none-eabi/7.3.1/thumb/v7e-m/fpv4-sp/hard/crtbegin.o
                                         0x58 (size before relaxing)
 .comment       0x0000000000000057       0x58 _build/nrf52832_xxaa/oled.c.o
 .comment       0x0000000000000057       0x58 _build/nrf52832_xxaa/nrf_log_backend_serial.c.o
 .comment       0x0000000000000057       0x58 _build/nrf52832_xxaa/nrf_log_backend_uart.c.o
 .comment       0x0000000000000057       0x58 _build/nrf52832_xxaa/nrf_log_default_backends.c.o
 .comment       0x0000000000000057       0x58 _build/nrf52832_xxaa/nrf_log_frontend.c.o
 .comment       0x0000000000000057       0x58 _build/nrf52832_xxaa/nrf_log_str_formatter.c.o
 .comment       0x0000000000000057       0x58 _build/nrf52832_xxaa/boards.c.o
 .comment       0x0000000000000057       0x58 _build/nrf52832_xxaa/app_button.c.o
 .comment       0x0000000000000057       0x58 _build/nrf52832_xxaa/app_error.c.o
 .comment       0x0000000000000057       0x58 _build/nrf52832_xxaa/app_error_weak.c.o
 .comment       0x0000000000000057       0x58 _build/nrf52832_xxaa/app_timer.c.o
 .comment       0x0000000000000057       0x58 _build/nrf52832_xxaa/app_util_platform.c.o
 .comment       0x0000000000000057       0x58 _build/nrf52832_xxaa/nrf_atomic.c.o
 .comment       0x0000000000000057       0x58 _build/nrf52832_xxaa/nrf_balloc.c.o
 .comment       0x0000000000000057       0x58 _build/nrf52832_xxaa/nrf_fprintf.c.o
 .comment       0x0000000000000057       0x58 _build/nrf52832_xxaa/nrf_fprintf_format.c.o
 .comment       0x0000000000000057       0x58 _build/nrf52832_xxaa/nrf_memobj.c.o
 .comment       0x0000000000000057       0x58 _build/nrf52832_xxaa/nrf_ringbuf.c.o
 .comment       0x0000000000000057       0x58 _build/nrf52832_xxaa/nrf_drv_uart.c.o
 .comment       0x0000000000000057       0x58 _build/nrf52832_xxaa/nrfx_gpiote.c.o
 .comment       0x0000000000000057       0x58 _build/nrf52832_xxaa/nrfx_prs.c.o
 .comment       0x0000000000000057       0x58 _build/nrf52832_xxaa/nrfx_uart.c.o
 .comment       0x0000000000000057       0x58 _build/nrf52832_xxaa/nrfx_uarte.c.o
 .comment       0x0000000000000057       0x58 _build/nrf52832_xxaa/bsp.c.o
 .comment       0x0000000000000057       0x58 _build/nrf52832_xxaa/main.c.o
 .comment       0x0000000000000057       0x58 _build/nrf52832_xxaa/system_nrf52.c.o
 .comment       0x0000000000000057       0x7f ../../../nRF5_SDK_15.3.0_59ac345//components/proprietary_rf/gzll/gcc/gzll_nrf52_sd_resources_gcc.a(nrf_gzll.c.o)
                                         0x80 (size before relaxing)
 .comment       0x00000000000000d6       0x80 ../../../nRF5_SDK_15.3.0_59ac345//components/proprietary_rf/gzll/gcc/gzll_nrf52_sd_resources_gcc.a(nrf_impala.c.o)
 .comment       0x00000000000000d6       0x80 ../../../nRF5_SDK_15.3.0_59ac345//components/proprietary_rf/gzll/gcc/gzll_nrf52_sd_resources_gcc.a(nrf_link_core.c.o)
 .comment       0x00000000000000d6       0x80 ../../../nRF5_SDK_15.3.0_59ac345//components/proprietary_rf/gzll/gcc/gzll_nrf52_sd_resources_gcc.a(nrf_notification_manager.c.o)
 .comment       0x00000000000000d6       0x80 ../../../nRF5_SDK_15.3.0_59ac345//components/proprietary_rf/gzll/gcc/gzll_nrf52_sd_resources_gcc.a(nrf_packet_manager.c.o)
 .comment       0x00000000000000d6       0x80 ../../../nRF5_SDK_15.3.0_59ac345//components/proprietary_rf/gzll/gcc/gzll_nrf52_sd_resources_gcc.a(nrf_state_machine.c.o)
 .comment       0x00000000000000d6       0x80 ../../../nRF5_SDK_15.3.0_59ac345//components/proprietary_rf/gzll/gcc/gzll_nrf52_sd_resources_gcc.a(nrf_assert_internal.c.o)
 .comment       0x00000000000000d6       0x80 ../../../nRF5_SDK_15.3.0_59ac345//components/proprietary_rf/gzll/gcc/gzll_nrf52_sd_resources_gcc.a(nrf_channel_manager.c.o)
 .comment       0x00000000000000d6       0x80 ../../../nRF5_SDK_15.3.0_59ac345//components/proprietary_rf/gzll/gcc/gzll_nrf52_sd_resources_gcc.a(nrf_fifo.c.o)
 .comment       0x00000000000000d6       0x80 ../../../nRF5_SDK_15.3.0_59ac345//components/proprietary_rf/gzll/gcc/gzll_nrf52_sd_resources_gcc.a(nrf_flywheel.c.o)
 .comment       0x00000000000000d6       0x57 /usr/lib/gcc/arm-none-eabi/7.3.1/../../../arm-none-eabi/lib/thumb/v7e-m/fpv4-sp/hard/libc_nano.a(lib_a-atexit.o)
                                         0x58 (size before relaxing)
 .comment       0x000000000000012d       0x58 /usr/lib/gcc/arm-none-eabi/7.3.1/../../../arm-none-eabi/lib/thumb/v7e-m/fpv4-sp/hard/libc_nano.a(lib_a-ctype_.o)
 .comment       0x000000000000012d       0x58 /usr/lib/gcc/arm-none-eabi/7.3.1/../../../arm-none-eabi/lib/thumb/v7e-m/fpv4-sp/hard/libc_nano.a(lib_a-exit.o)
 .comment       0x000000000000012d       0x58 /usr/lib/gcc/arm-none-eabi/7.3.1/../../../arm-none-eabi/lib/thumb/v7e-m/fpv4-sp/hard/libc_nano.a(lib_a-fini.o)