Archive member included to satisfy reference by file (symbol)

../../../nRF5_SDK_15.3.0_59ac345//components/proprietary_rf/gzll/gcc/gzll_nrf52_sd_resources_gcc.a(nrf_gzll.c.o)
                              _build/nrf52832_xxaa/main.c.o (nrf_gzll_init)
../../../nRF5_SDK_15.3.0_59ac345//components/proprietary_rf/gzll/gcc/gzll_nrf52_sd_resources_gcc.a(nrf_impala.c.o)
                              ../../../nRF5_SDK_15.3.0_59ac345//components/proprietary_rf/gzll/gcc/gzll_nrf52_sd_resources_gcc.a(nrf_gzll.c.o) (nrf_impl_pa_lna_cfg_set)
../../../nRF5_SDK_15.3.0_59ac345//components/proprietary_rf/gzll/gcc/gzll_nrf52_sd_resources_gcc.a(nrf_link_core.c.o)
                              ../../../nRF5_SDK_15.3.0_59ac345//components/proprietary_rf/gzll/gcc/gzll_nrf52_sd_resources_gcc.a(nrf_impala.c.o) (nrf_lcore_device_pa_control_setup)
../../../nRF5_SDK_15.3.0_59ac345//components/proprietary_rf/gzll/gcc/gzll_nrf52_sd_resources_gcc.a(nrf_notification_manager.c.o)
                              ../../../nRF5_SDK_15.3.0_59ac345//components/proprietary_rf/gzll/gcc/gzll_nrf52_sd_resources_gcc.a(nrf_impala.c.o) (nrf_nm_init)
../../../nRF5_SDK_15.3.0_59ac345//components/proprietary_rf/gzll/gcc/gzll_nrf52_sd_resources_gcc.a(nrf_packet_manager.c.o)
                              ../../../nRF5_SDK_15.3.0_59ac345//components/proprietary_rf/gzll/gcc/gzll_nrf52_sd_resources_gcc.a(nrf_impala.c.o) (nrf_pm_init)
../../../nRF5_SDK_15.3.0_59ac345//components/proprietary_rf/gzll/gcc/gzll_nrf52_sd_resources_gcc.a(nrf_state_machine.c.o)
                              ../../../nRF5_SDK_15.3.0_59ac345//components/proprietary_rf/gzll/gcc/gzll_nrf52_sd_resources_gcc.a(nrf_impala.c.o) (nrf_sm_init)
../../../nRF5_SDK_15.3.0_59ac345//components/proprietary_rf/gzll/gcc/gzll_nrf52_sd_resources_gcc.a(nrf_assert_internal.c.o)
                              ../../../nRF5_SDK_15.3.0_59ac345//components/proprietary_rf/gzll/gcc/gzll_nrf52_sd_resources_gcc.a(nrf_gzll.c.o) (nrf_assert_internal_parse_and_forward)
../../../nRF5_SDK_15.3.0_59ac345//components/proprietary_rf/gzll/gcc/gzll_nrf52_sd_resources_gcc.a(nrf_channel_manager.c.o)
                              ../../../nRF5_SDK_15.3.0_59ac345//components/proprietary_rf/gzll/gcc/gzll_nrf52_sd_resources_gcc.a(nrf_impala.c.o) (nrf_chm_init)
../../../nRF5_SDK_15.3.0_59ac345//components/proprietary_rf/gzll/gcc/gzll_nrf52_sd_resources_gcc.a(nrf_fifo.c.o)
                              ../../../nRF5_SDK_15.3.0_59ac345//components/proprietary_rf/gzll/gcc/gzll_nrf52_sd_resources_gcc.a(nrf_packet_manager.c.o) (nrf_fifo_init)
../../../nRF5_SDK_15.3.0_59ac345//components/proprietary_rf/gzll/gcc/gzll_nrf52_sd_resources_gcc.a(nrf_flywheel.c.o)
                              ../../../nRF5_SDK_15.3.0_59ac345//components/proprietary_rf/gzll/gcc/gzll_nrf52_sd_resources_gcc.a(nrf_impala.c.o) (nrf_flw_init)
/usr/lib/gcc/arm-none-eabi/7.3.1/../../../arm-none-eabi/lib/thumb/v7e-m/fpv4-sp/hard/libc_nano.a(lib_a-atexit.o)
                              /usr/lib/gcc/arm-none-eabi/7.3.1/../../../arm-none-eabi/lib/thumb/v7e-m/fpv4-sp/hard/crt0.o (atexit)
/usr/lib/gcc/arm-none-eabi/7.3.1/../../../arm-none-eabi/lib/thumb/v7e-m/fpv4-sp/hard/libc_nano.a(lib_a-ctype_.o)
                              _build/nrf52832_xxaa/nrf_log_str_formatter.c.o (_ctype_)
/usr/lib/gcc/arm-none-eabi/7.3.1/../../../arm-none-eabi/lib/thumb/v7e-m/fpv4-sp/hard/libc_nano.a(lib_a-exit.o)
                              /usr/lib/gcc/arm-none-eabi/7.3.1/../../../arm-none-eabi/lib/thumb/v7e-m/fpv4-sp/hard/crt0.o (exit)
/usr/lib/gcc/arm-none-eabi/7.3.1/../../../arm-none-eabi/lib/thumb/v7e-m/fpv4-sp/hard/libc_nano.a(lib_a-fini.o)
                              /usr/lib/gcc/arm-none-eabi/7.3.1/../../../arm-none-eabi/lib/thumb/v7e-m/fpv4-sp/hard/crt0.o (__libc_fini_array)
/usr/lib/gcc/arm-none-eabi/7.3.1/../../../arm-none-eabi/lib/thumb/v7e-m/fpv4-sp/hard/libc_nano.a(lib_a-impure.o)
                              /usr/lib/gcc/arm-none-eabi/7.3.1/../../../arm-none-eabi/lib/thumb/v7e-m/fpv4-sp/hard/libc_nano.a(lib_a-exit.o) (_global_impure_ptr)
/usr/lib/gcc/arm-none-eabi/7.3.1/../../../arm-none-eabi/lib/thumb/v7e-m/fpv4-sp/hard/libc_nano.a(lib_a-init.o)
                              /usr/lib/gcc/arm-none-eabi/7.3.1/../../../arm-none-eabi/lib/thumb/v7e-m/fpv4-sp/hard/crt0.o (__libc_init_array)
/usr/lib/gcc/arm-none-eabi/7.3.1/../../../arm-none-eabi/lib/thumb/v7e-m/fpv4-sp/hard/libc_nano.a(lib_a-memcpy.o)
                              _build/nrf52832_xxaa/nrf_log_frontend.c.o (memcpy)
/usr/lib/gcc/arm-none-eabi/7.3.1/../../../arm-none-eabi/lib/thumb/v7e-m/fpv4-sp/hard/libc_nano.a(lib_a-memset.o)
                              /usr/lib/gcc/arm-none-eabi/7.3.1/../../../arm-none-eabi/lib/thumb/v7e-m/fpv4-sp/hard/crt0.o (memset)
/usr/lib/gcc/arm-none-eabi/7.3.1/../../../arm-none-eabi/lib/thumb/v7e-m/fpv4-sp/hard/libc_nano.a(lib_a-strcpy.o)
                              _build/nrf52832_xxaa/SEGGER_RTT.c.o (strcpy)
[...]
Memory Configuration

Name             Origin             Length             Attributes
FLASH            0x0000000000000000 0x0000000000080000 xr
RAM              0x0000000020000000 0x0000000000010000 xrw
*default*        0x0000000000000000 0xffffffffffffffff

Linker script and memory map


.text           0x0000000000000000     0xabbc
 *(.isr_vector)
 .isr_vector    0x0000000000000000      0x200 _build/nrf52832_xxaa/gcc_startup_nrf52.S.o
                0x0000000000000000                __isr_vector
 *(.text*)
 .text          0x0000000000000200       0x88 /usr/lib/gcc/arm-none-eabi/7.3.1/thumb/v7e-m/fpv4-sp/hard/crtbegin.o
 .text          0x0000000000000288       0x68 /usr/lib/gcc/arm-none-eabi/7.3.1/../../../arm-none-eabi/lib/thumb/v7e-m/fpv4-sp/hard/crt0.o
                0x0000000000000288                _mainCRTStartup
                0x0000000000000288                _start
 .text.nrf_gzll_host_rx_data_ready
                0x00000000000002f0       0xd0 _build/nrf52832_xxaa/main.c.o
                0x00000000000002f0                nrf_gzll_host_rx_data_ready
 .text.nrf_gzll_device_tx_success
                0x00000000000003c0        0xc _build/nrf52832_xxaa/main.c.o
                0x00000000000003c0                nrf_gzll_device_tx_success
 .text.nrf_gzll_device_tx_failed
                0x00000000000003cc        0xc _build/nrf52832_xxaa/main.c.o
                0x00000000000003cc                nrf_gzll_device_tx_failed
 .text.nrf_gzll_disabled
                0x00000000000003d8        0x4 _build/nrf52832_xxaa/main.c.o
                0x00000000000003d8                nrf_gzll_disabled
 .text.startup.main
                0x00000000000003dc      0x1ec _build/nrf52832_xxaa/main.c.o
                0x00000000000003dc                main
 .text.LCD_Fill
                0x00000000000005c8      0x278 _build/nrf52832_xxaa/oled.c.o
                0x00000000000005c8                LCD_Fill
 .text.LCD_Init
                0x0000000000000840     0x1124 _build/nrf52832_xxaa/oled.c.o
                0x0000000000000840                LCD_Init
 .text.LCD_P8x16Str
                0x0000000000001964      0x62c _build/nrf52832_xxaa/oled.c.o
                0x0000000000001964                LCD_P8x16Str
 .text.TCH_Init
                0x0000000000001f90        0xc _build/nrf52832_xxaa/key.c.o
                0x0000000000001f90                TCH_Init
 .text.Touch_Press
                0x0000000000001f9c       0x10 _build/nrf52832_xxaa/key.c.o
                0x0000000000001f9c                Touch_Press
 .text          0x0000000000001fac       0x3c _build/nrf52832_xxaa/gcc_startup_nrf52.S.o
                0x0000000000001fac                Reset_Handler
                0x0000000000001fd4                NMI_Handler
                0x0000000000001fd6                HardFault_Handler
                0x0000000000001fd8                MemoryManagement_Handler
                0x0000000000001fda                BusFault_Handler
                0x0000000000001fdc                UsageFault_Handler
                0x0000000000001fde                SVC_Handler
                0x0000000000001fe0                DebugMon_Handler
                0x0000000000001fe2                PendSV_Handler
                0x0000000000001fe4                SysTick_Handler
                0x0000000000001fe6                TIMER2_IRQHandler
                0x0000000000001fe6                RTC0_IRQHandler
                0x0000000000001fe6                SWI2_EGU2_IRQHandler
                0x0000000000001fe6                PWM1_IRQHandler
                0x0000000000001fe6                POWER_CLOCK_IRQHandler
                0x0000000000001fe6                PDM_IRQHandler
                0x0000000000001fe6                TEMP_IRQHandler
                0x0000000000001fe6                QDEC_IRQHandler
                0x0000000000001fe6                TIMER3_IRQHandler
                0x0000000000001fe6                FPU_IRQHandler
                0x0000000000001fe6                SPIM0_SPIS0_TWIM0_TWIS0_SPI0_TWI0_IRQHandler
                0x0000000000001fe6                TIMER4_IRQHandler
                0x0000000000001fe6                I2S_IRQHandler
                0x0000000000001fe6                SWI4_EGU4_IRQHandler
                0x0000000000001fe6                TIMER1_IRQHandler
                0x0000000000001fe6                PWM2_IRQHandler
                0x0000000000001fe6                ECB_IRQHandler
                0x0000000000001fe6                SPIM1_SPIS1_TWIM1_TWIS1_SPI1_TWI1_IRQHandler
                0x0000000000001fe6                Default_Handler
                0x0000000000001fe6                SAADC_IRQHandler
                0x0000000000001fe6                CCM_AAR_IRQHandler
                0x0000000000001fe6                WDT_IRQHandler
                0x0000000000001fe6                SWI5_EGU5_IRQHandler
                0x0000000000001fe6                RNG_IRQHandler
                0x0000000000001fe6                RTC2_IRQHandler
                0x0000000000001fe6                PWM0_IRQHandler
                0x0000000000001fe6                SWI3_EGU3_IRQHandler
                0x0000000000001fe6                SPIM2_SPIS2_SPI2_IRQHandler
                0x0000000000001fe6                NFCT_IRQHandler
                0x0000000000001fe6                MWU_IRQHandler
                0x0000000000001fe6                COMP_LPCOMP_IRQHandler
 .text.SystemInit
                0x0000000000001fe8      0x3c0 _build/nrf52832_xxaa/system_nrf52.c.o
                0x0000000000001fe8                SystemInit
 .text.nrf_log_backend_serial_put
                0x00000000000023a8       0xd4 _build/nrf52832_xxaa/nrf_log_backend_serial.c.o
                0x00000000000023a8                nrf_log_backend_serial_put
 .text.uart_evt_handler
                0x000000000000247c        0xc _build/nrf52832_xxaa/nrf_log_backend_uart.c.o
 .text.nrf_log_backend_uart_flush
                0x0000000000002488        0x4 _build/nrf52832_xxaa/nrf_log_backend_uart.c.o
 .text.nrf_log_backend_uart_put
                0x000000000000248c       0x20 _build/nrf52832_xxaa/nrf_log_backend_uart.c.o
 .text.serial_tx
                0x00000000000024ac       0x4c _build/nrf52832_xxaa/nrf_log_backend_uart.c.o
 .text.nrf_log_backend_uart_panic_set
                0x00000000000024f8       0x60 _build/nrf52832_xxaa/nrf_log_backend_uart.c.o
 .text.nrf_log_backend_uart_init
                0x0000000000002558       0x48 _build/nrf52832_xxaa/nrf_log_backend_uart.c.o
                0x0000000000002558                nrf_log_backend_uart_init
 .text.nrf_log_default_backends_init
                0x00000000000025a0       0x20 _build/nrf52832_xxaa/nrf_log_default_backends.c.o
                0x00000000000025a0                nrf_log_default_backends_init
 .text.log_skip
                0x00000000000025c0       0xd4 _build/nrf52832_xxaa/nrf_log_frontend.c.o
 .text.nrf_log_init
                0x0000000000002694       0x3c _build/nrf52832_xxaa/nrf_log_frontend.c.o
                0x0000000000002694                nrf_log_init
 .text.nrf_log_module_name_get
                0x00000000000026d0       0x58 _build/nrf52832_xxaa/nrf_log_frontend.c.o
                0x00000000000026d0                nrf_log_module_name_get
 .text.nrf_log_color_id_get
                0x0000000000002728       0x2c _build/nrf52832_xxaa/nrf_log_frontend.c.o
                0x0000000000002728                nrf_log_color_id_get
 .text.nrf_log_frontend_std_0
                0x0000000000002754       0xe4 _build/nrf52832_xxaa/nrf_log_frontend.c.o
                0x0000000000002754                nrf_log_frontend_std_0
 .text.nrf_log_frontend_dequeue.part.6
                0x0000000000002838      0x264 _build/nrf52832_xxaa/nrf_log_frontend.c.o
 .text.nrf_log_frontend_std_1
                0x0000000000002a9c       0xf0 _build/nrf52832_xxaa/nrf_log_frontend.c.o
                0x0000000000002a9c                nrf_log_frontend_std_1
 .text.nrf_log_frontend_std_3
                0x0000000000002b8c      0x104 _build/nrf52832_xxaa/nrf_log_frontend.c.o
                0x0000000000002b8c                nrf_log_frontend_std_3
 .text.nrf_log_frontend_dequeue
                0x0000000000002c90       0x18 _build/nrf52832_xxaa/nrf_log_frontend.c.o
                0x0000000000002c90                nrf_log_frontend_dequeue
 .text.nrf_log_backend_add
                0x0000000000002ca8       0x68 _build/nrf52832_xxaa/nrf_log_frontend.c.o
                0x0000000000002ca8                nrf_log_backend_add
 .text.nrf_log_panic
                0x0000000000002d10       0x2c _build/nrf52832_xxaa/nrf_log_frontend.c.o
                0x0000000000002d10                nrf_log_panic
 .text.nrf_log_std_entry_process
                0x0000000000002d3c      0x14c _build/nrf52832_xxaa/nrf_log_str_formatter.c.o
                0x0000000000002d3c                nrf_log_std_entry_process
 .text.nrf_log_hexdump_entry_process
                0x0000000000002e88      0x168 _build/nrf52832_xxaa/nrf_log_str_formatter.c.o
                0x0000000000002e88                nrf_log_hexdump_entry_process
 .text.bsp_board_led_state_get
                0x0000000000002ff0       0x1c _build/nrf52832_xxaa/boards.c.o
                0x0000000000002ff0                bsp_board_led_state_get
 .text.bsp_board_led_on
                0x000000000000300c       0x18 _build/nrf52832_xxaa/boards.c.o
                0x000000000000300c                bsp_board_led_on
 .text.bsp_board_led_off
                0x0000000000003024       0x18 _build/nrf52832_xxaa/boards.c.o
                0x0000000000003024                bsp_board_led_off
 .text.bsp_board_leds_off
                0x000000000000303c       0x2c _build/nrf52832_xxaa/boards.c.o
                0x000000000000303c                bsp_board_leds_off
 .text.bsp_board_leds_on
                0x0000000000003068       0x2c _build/nrf52832_xxaa/boards.c.o
                0x0000000000003068                bsp_board_leds_on
 .text.bsp_board_led_invert
                0x0000000000003094       0x24 _build/nrf52832_xxaa/boards.c.o
                0x0000000000003094                bsp_board_led_invert
 .text.bsp_board_button_state_get
                0x00000000000030b8       0x1c _build/nrf52832_xxaa/boards.c.o
                0x00000000000030b8                bsp_board_button_state_get
 .text.bsp_board_pin_to_button_idx
                0x00000000000030d4       0x24 _build/nrf52832_xxaa/boards.c.o
                0x00000000000030d4                bsp_board_pin_to_button_idx
 .text.bsp_board_init
                0x00000000000030f8       0x5c _build/nrf52832_xxaa/boards.c.o
                0x00000000000030f8                bsp_board_init
 .text.detection_delay_timeout_handler
                0x0000000000003154      0x120 _build/nrf52832_xxaa/app_button.c.o
 .text.gpiote_event_handler
                0x0000000000003274       0xa8 _build/nrf52832_xxaa/app_button.c.o
 .text.app_button_init
                0x000000000000331c       0xb0 _build/nrf52832_xxaa/app_button.c.o
                0x000000000000331c                app_button_init
 .text.app_button_enable
                0x00000000000033cc       0x2c _build/nrf52832_xxaa/app_button.c.o
                0x00000000000033cc                app_button_enable
 .text.app_error_handler_bare
                0x00000000000033f8       0x20 _build/nrf52832_xxaa/app_error.c.o
                0x00000000000033f8                app_error_handler_bare
 .text.app_error_fault_handler
                0x0000000000003418       0x70 _build/nrf52832_xxaa/app_error_weak.c.o
                0x0000000000003418                app_error_fault_handler
 .text.RTC1_IRQHandler
                0x0000000000003488       0xa0 _build/nrf52832_xxaa/app_timer.c.o
                0x0000000000003488                RTC1_IRQHandler
 .text.SWI0_EGU0_IRQHandler
                0x0000000000003528      0x394 _build/nrf52832_xxaa/app_timer.c.o
                0x0000000000003528                SWI0_EGU0_IRQHandler
 .text.app_timer_init
                0x00000000000038bc       0xa8 _build/nrf52832_xxaa/app_timer.c.o
                0x00000000000038bc                app_timer_init
 .text.app_timer_create
                0x0000000000003964       0x24 _build/nrf52832_xxaa/app_timer.c.o
                0x0000000000003964                app_timer_create
 .text.app_timer_start
                0x0000000000003988       0x9c _build/nrf52832_xxaa/app_timer.c.o
                0x0000000000003988                app_timer_start
 .text.app_timer_stop
                0x0000000000003a24       0x68 _build/nrf52832_xxaa/app_timer.c.o
                0x0000000000003a24                app_timer_stop
 .text.app_util_critical_region_enter
                0x0000000000003a8c       0x10 _build/nrf52832_xxaa/app_util_platform.c.o
                0x0000000000003a8c                app_util_critical_region_enter
 .text.app_util_critical_region_exit
                0x0000000000003a9c       0x14 _build/nrf52832_xxaa/app_util_platform.c.o
                0x0000000000003a9c                app_util_critical_region_exit
 .text.nrf_atomic_u32_fetch_store
                0x0000000000003ab0       0x14 _build/nrf52832_xxaa/nrf_atomic.c.o
                0x0000000000003ab0                nrf_atomic_u32_fetch_store
 .text.nrf_atomic_u32_add
                0x0000000000003ac4       0x18 _build/nrf52832_xxaa/nrf_atomic.c.o
                0x0000000000003ac4                nrf_atomic_u32_add
 .text.nrf_atomic_u32_sub
                0x0000000000003adc       0x18 _build/nrf52832_xxaa/nrf_atomic.c.o
                0x0000000000003adc                nrf_atomic_u32_sub
 .text.nrf_atomic_flag_set
                0x0000000000003af4       0x18 _build/nrf52832_xxaa/nrf_atomic.c.o
                0x0000000000003af4                nrf_atomic_flag_set
 .text.nrf_atomic_flag_clear_fetch
                0x0000000000003b0c       0x18 _build/nrf52832_xxaa/nrf_atomic.c.o
                0x0000000000003b0c                nrf_atomic_flag_clear_fetch
 .text.nrf_balloc_init
                0x0000000000003b24       0x38 _build/nrf52832_xxaa/nrf_balloc.c.o
                0x0000000000003b24                nrf_balloc_init
 .text.nrf_balloc_alloc
                0x0000000000003b5c       0x44 _build/nrf52832_xxaa/nrf_balloc.c.o
                0x0000000000003b5c                nrf_balloc_alloc
 .text.nrf_balloc_free
                0x0000000000003ba0       0x2c _build/nrf52832_xxaa/nrf_balloc.c.o
                0x0000000000003ba0                nrf_balloc_free
 .text.nrf_fprintf_buffer_flush
                0x0000000000003bcc       0x18 _build/nrf52832_xxaa/nrf_fprintf.c.o
                0x0000000000003bcc                nrf_fprintf_buffer_flush
 .text.nrf_fprintf
                0x0000000000003be4       0x20 _build/nrf52832_xxaa/nrf_fprintf.c.o
                0x0000000000003be4                nrf_fprintf
 .text.unsigned_print
                0x0000000000003c04      0x148 _build/nrf52832_xxaa/nrf_fprintf_format.c.o
 .text.nrf_fprintf_fmt
                0x0000000000003d4c      0x6e4 _build/nrf52832_xxaa/nrf_fprintf_format.c.o
                0x0000000000003d4c                nrf_fprintf_fmt
 .text.nrf_memobj_pool_init
                0x0000000000004430        0x4 _build/nrf52832_xxaa/nrf_memobj.c.o
                0x0000000000004430                nrf_memobj_pool_init
 .text.nrf_memobj_alloc
                0x0000000000004434       0x84 _build/nrf52832_xxaa/nrf_memobj.c.o
                0x0000000000004434                nrf_memobj_alloc
 .text.nrf_memobj_get
                0x00000000000044b8        0x8 _build/nrf52832_xxaa/nrf_memobj.c.o
                0x00000000000044b8                nrf_memobj_get
 .text.nrf_memobj_put
                0x00000000000044c0       0x44 _build/nrf52832_xxaa/nrf_memobj.c.o
                0x00000000000044c0                nrf_memobj_put
 .text.nrf_memobj_write
                0x0000000000004504       0x68 _build/nrf52832_xxaa/nrf_memobj.c.o
                0x0000000000004504                nrf_memobj_write
 .text.nrf_memobj_read
                0x000000000000456c       0x68 _build/nrf52832_xxaa/nrf_memobj.c.o
                0x000000000000456c                nrf_memobj_read
 .text.nrf_ringbuf_init
                0x00000000000045d4       0x1c _build/nrf52832_xxaa/nrf_ringbuf.c.o
                0x00000000000045d4                nrf_ringbuf_init
 .text.uarte_evt_handler
                0x00000000000045f0       0x34 _build/nrf52832_xxaa/nrf_drv_uart.c.o
 .text.uart_evt_handler
                0x0000000000004624       0x34 _build/nrf52832_xxaa/nrf_drv_uart.c.o
 .text.nrf_drv_uart_init
                0x0000000000004658       0x80 _build/nrf52832_xxaa/nrf_drv_uart.c.o
                0x0000000000004658                nrf_drv_uart_init
 .text.nrfx_gpiote_init
                0x00000000000046d8       0x88 _build/nrf52832_xxaa/nrfx_gpiote.c.o
                0x00000000000046d8                nrfx_gpiote_init
 .text.nrfx_gpiote_is_init
                0x0000000000004760       0x14 _build/nrf52832_xxaa/nrfx_gpiote.c.o
                0x0000000000004760                nrfx_gpiote_is_init
 .text.nrfx_gpiote_in_init
                0x0000000000004774      0x1bc _build/nrf52832_xxaa/nrfx_gpiote.c.o
                0x0000000000004774                nrfx_gpiote_in_init
 .text.nrfx_gpiote_in_event_enable
                0x0000000000004930       0xc4 _build/nrf52832_xxaa/nrfx_gpiote.c.o
                0x0000000000004930                nrfx_gpiote_in_event_enable
 .text.nrfx_gpiote_in_is_set
                0x00000000000049f4       0x14 _build/nrf52832_xxaa/nrfx_gpiote.c.o
                0x00000000000049f4                nrfx_gpiote_in_is_set
 .text.GPIOTE_IRQHandler
                0x0000000000004a08      0x548 _build/nrf52832_xxaa/nrfx_gpiote.c.o
                0x0000000000004a08                GPIOTE_IRQHandler
 .text.UARTE0_UART0_IRQHandler
                0x0000000000004f50        0xc _build/nrf52832_xxaa/nrfx_prs.c.o
                0x0000000000004f50                UARTE0_UART0_IRQHandler
 .text.nrfx_prs_acquire
                0x0000000000004f5c       0x3c _build/nrf52832_xxaa/nrfx_prs.c.o
                0x0000000000004f5c                nrfx_prs_acquire
 .text.nrfx_prs_release
                0x0000000000004f98       0x18 _build/nrf52832_xxaa/nrfx_prs.c.o
                0x0000000000004f98                nrfx_prs_release
 .text.nrfx_uart_0_irq_handler
                0x0000000000004fb0      0x1bc _build/nrf52832_xxaa/nrfx_uart.c.o
                0x0000000000004fb0                nrfx_uart_0_irq_handler
 .text.nrfx_uart_init
                0x000000000000516c      0x194 _build/nrf52832_xxaa/nrfx_uart.c.o
                0x000000000000516c                nrfx_uart_init
 .text.nrfx_uart_uninit
                0x0000000000005300       0xcc _build/nrf52832_xxaa/nrfx_uart.c.o
                0x0000000000005300                nrfx_uart_uninit
 .text.nrfx_uart_tx
                0x00000000000053cc       0xcc _build/nrf52832_xxaa/nrfx_uart.c.o
                0x00000000000053cc                nrfx_uart_tx
 .text.nrfx_uarte_0_irq_handler
                0x0000000000005498      0x11c _build/nrf52832_xxaa/nrfx_uarte.c.o
                0x0000000000005498                nrfx_uarte_0_irq_handler
 .text.nrfx_uarte_init
                0x00000000000055b4      0x1b8 _build/nrf52832_xxaa/nrfx_uarte.c.o
                0x00000000000055b4                nrfx_uarte_init
 .text.nrfx_uarte_uninit
                0x000000000000576c       0xd0 _build/nrf52832_xxaa/nrfx_uarte.c.o
                0x000000000000576c                nrfx_uarte_uninit
 .text.nrfx_uarte_tx
                0x000000000000583c       0xa4 _build/nrf52832_xxaa/nrfx_uarte.c.o
                0x000000000000583c                nrfx_uarte_tx
 .text.alert_timer_handler
                0x00000000000058e0        0x8 _build/nrf52832_xxaa/bsp.c.o
 .text.bsp_button_event_handler
                0x00000000000058e8       0xa0 _build/nrf52832_xxaa/bsp.c.o
 .text.button_timer_handler
                0x0000000000005988       0x30 _build/nrf52832_xxaa/bsp.c.o
 .text.leds_timer_handler
                0x00000000000059b8      0x2ec _build/nrf52832_xxaa/bsp.c.o
 .text.bsp_button_is_pressed
                0x0000000000005ca4        0xc _build/nrf52832_xxaa/bsp.c.o
                0x0000000000005ca4                bsp_button_is_pressed
 .text.bsp_init
                0x0000000000005cb0       0xbc _build/nrf52832_xxaa/bsp.c.o
                0x0000000000005cb0                bsp_init
 .text.nrf_gzll_init
                0x0000000000005d6c      0x124 ../../../nRF5_SDK_15.3.0_59ac345//components/proprietary_rf/gzll/gcc/gzll_nrf52_sd_resources_gcc.a(nrf_gzll.c.o)
                0x0000000000005d6c                nrf_gzll_init
 .text.nrf_gzll_enable
                0x0000000000005e90       0x38 ../../../nRF5_SDK_15.3.0_59ac345//components/proprietary_rf/gzll/gcc/gzll_nrf52_sd_resources_gcc.a(nrf_gzll.c.o)
                0x0000000000005e90                nrf_gzll_enable
 .text.nrf_gzll_add_packet_to_tx_fifo
                0x0000000000005ec8       0xb4 ../../../nRF5_SDK_15.3.0_59ac345//components/proprietary_rf/gzll/gcc/gzll_nrf52_sd_resources_gcc.a(nrf_gzll.c.o)
                0x0000000000005ec8                nrf_gzll_add_packet_to_tx_fifo
 .text.nrf_gzll_fetch_packet_from_rx_fifo
                0x0000000000005f7c       0x74 ../../../nRF5_SDK_15.3.0_59ac345//components/proprietary_rf/gzll/gcc/gzll_nrf52_sd_resources_gcc.a(nrf_gzll.c.o)
                0x0000000000005f7c                nrf_gzll_fetch_packet_from_rx_fifo
 .text.nrf_gzll_get_channel_table_size
                0x0000000000005ff0        0xc ../../../nRF5_SDK_15.3.0_59ac345//components/proprietary_rf/gzll/gcc/gzll_nrf52_sd_resources_gcc.a(nrf_gzll.c.o)
                0x0000000000005ff0                nrf_gzll_get_channel_table_size
 .text.nrf_gzll_reset_tx_statistics
                0x0000000000005ffc       0x64 ../../../nRF5_SDK_15.3.0_59ac345//components/proprietary_rf/gzll/gcc/gzll_nrf52_sd_resources_gcc.a(nrf_gzll.c.o)
                0x0000000000005ffc                nrf_gzll_reset_tx_statistics
 .text.nrf_gzll_tx_statistics_enable
                0x0000000000006060       0x74 ../../../nRF5_SDK_15.3.0_59ac345//components/proprietary_rf/gzll/gcc/gzll_nrf52_sd_resources_gcc.a(nrf_gzll.c.o)
                0x0000000000006060                nrf_gzll_tx_statistics_enable
 .text.nrf_gzll_get_error_code
                0x00000000000060d4        0xc ../../../nRF5_SDK_15.3.0_59ac345//components/proprietary_rf/gzll/gcc/gzll_nrf52_sd_resources_gcc.a(nrf_gzll.c.o)
                0x00000000000060d4                nrf_gzll_get_error_code
 .text.nrf_gzll_mode_changed
                0x00000000000060e0        0x4 ../../../nRF5_SDK_15.3.0_59ac345//components/proprietary_rf/gzll/gcc/gzll_nrf52_sd_resources_gcc.a(nrf_gzll.c.o)
                0x00000000000060e0                nrf_gzll_mode_changed
 .text.notification_cb
                0x00000000000060e4      0x1dc ../../../nRF5_SDK_15.3.0_59ac345//components/proprietary_rf/gzll/gcc/gzll_nrf52_sd_resources_gcc.a(nrf_gzll.c.o)
 .text.nrf_assert_internal_callback
                0x00000000000062c0       0x14 ../../../nRF5_SDK_15.3.0_59ac345//components/proprietary_rf/gzll/gcc/gzll_nrf52_sd_resources_gcc.a(nrf_gzll.c.o)
                0x00000000000062c0                nrf_assert_internal_callback
 .text.nrf_impl_device_ack_received
                0x00000000000062d4      0x19c ../../../nRF5_SDK_15.3.0_59ac345//components/proprietary_rf/gzll/gcc/gzll_nrf52_sd_resources_gcc.a(nrf_impala.c.o)
 .text.nrf_impl_async_state_rx_enabling
                0x0000000000006470       0xb0 ../../../nRF5_SDK_15.3.0_59ac345//components/proprietary_rf/gzll/gcc/gzll_nrf52_sd_resources_gcc.a(nrf_impala.c.o)
 .text.nrf_impl_async_state_packet_received
                0x0000000000006520      0x1c4 ../../../nRF5_SDK_15.3.0_59ac345//components/proprietary_rf/gzll/gcc/gzll_nrf52_sd_resources_gcc.a(nrf_impala.c.o)
 .text.nrf_impl_goto_disable.part.4
                0x00000000000066e4       0x9c ../../../nRF5_SDK_15.3.0_59ac345//components/proprietary_rf/gzll/gcc/gzll_nrf52_sd_resources_gcc.a(nrf_impala.c.o)
 .text.nrf_impl_restore_all_hw_params
                0x0000000000006780      0x4e0 ../../../nRF5_SDK_15.3.0_59ac345//components/proprietary_rf/gzll/gcc/gzll_nrf52_sd_resources_gcc.a(nrf_impala.c.o)
 .text.nrf_impl_ptx_session_start.part.2
                0x0000000000006c60       0xe0 ../../../nRF5_SDK_15.3.0_59ac345//components/proprietary_rf/gzll/gcc/gzll_nrf52_sd_resources_gcc.a(nrf_impala.c.o)
 .text.nrf_impl_async_state_tx_ack_complete
                0x0000000000006d40       0xb4 ../../../nRF5_SDK_15.3.0_59ac345//components/proprietary_rf/gzll/gcc/gzll_nrf52_sd_resources_gcc.a(nrf_impala.c.o)
 .text.nrf_impl_pa_lna_cfg_set
                0x0000000000006df4        0xc ../../../nRF5_SDK_15.3.0_59ac345//components/proprietary_rf/gzll/gcc/gzll_nrf52_sd_resources_gcc.a(nrf_impala.c.o)
                0x0000000000006df4                nrf_impl_pa_lna_cfg_set
 .text.nrf_impl_enable
                0x0000000000006e00       0xb4 ../../../nRF5_SDK_15.3.0_59ac345//components/proprietary_rf/gzll/gcc/gzll_nrf52_sd_resources_gcc.a(nrf_impala.c.o)
                0x0000000000006e00                nrf_impl_enable
 .text.nrf_impl_disable
                0x0000000000006eb4       0x7c ../../../nRF5_SDK_15.3.0_59ac345//components/proprietary_rf/gzll/gcc/gzll_nrf52_sd_resources_gcc.a(nrf_impala.c.o)
                0x0000000000006eb4                nrf_impl_disable
 .text.nrf_impl_is_disabled
                0x0000000000006f30       0x10 ../../../nRF5_SDK_15.3.0_59ac345//components/proprietary_rf/gzll/gcc/gzll_nrf52_sd_resources_gcc.a(nrf_impala.c.o)
                0x0000000000006f30                nrf_impl_is_disabled
 .text.nrf_impl_mode_set
                0x0000000000006f40      0x178 ../../../nRF5_SDK_15.3.0_59ac345//components/proprietary_rf/gzll/gcc/gzll_nrf52_sd_resources_gcc.a(nrf_impala.c.o)
                0x0000000000006f40                nrf_impl_mode_set
 .text.nrf_impl_init
                0x00000000000070b8      0x148 ../../../nRF5_SDK_15.3.0_59ac345//components/proprietary_rf/gzll/gcc/gzll_nrf52_sd_resources_gcc.a(nrf_impala.c.o)
                0x00000000000070b8                nrf_impl_init
 .text.nrf_impl_packet_reserve
                0x0000000000007200       0x14 ../../../nRF5_SDK_15.3.0_59ac345//components/proprietary_rf/gzll/gcc/gzll_nrf52_sd_resources_gcc.a(nrf_impala.c.o)
                0x0000000000007200                nrf_impl_packet_reserve
 .text.nrf_impl_packet_free
                0x0000000000007214       0x14 ../../../nRF5_SDK_15.3.0_59ac345//components/proprietary_rf/gzll/gcc/gzll_nrf52_sd_resources_gcc.a(nrf_impala.c.o)
                0x0000000000007214                nrf_impl_packet_free
 .text.nrf_impl_tx_fifo_put
                0x0000000000007228       0x8c ../../../nRF5_SDK_15.3.0_59ac345//components/proprietary_rf/gzll/gcc/gzll_nrf52_sd_resources_gcc.a(nrf_impala.c.o)
                0x0000000000007228                nrf_impl_tx_fifo_put
 .text.nrf_impl_rx_fifo_pop
                0x00000000000072b4       0x14 ../../../nRF5_SDK_15.3.0_59ac345//components/proprietary_rf/gzll/gcc/gzll_nrf52_sd_resources_gcc.a(nrf_impala.c.o)
                0x00000000000072b4                nrf_impl_rx_fifo_pop
 .text.nrf_impl_rx_fifo_read
                0x00000000000072c8        0x4 ../../../nRF5_SDK_15.3.0_59ac345//components/proprietary_rf/gzll/gcc/gzll_nrf52_sd_resources_gcc.a(nrf_impala.c.o)
                0x00000000000072c8                nrf_impl_rx_fifo_read
 .text.nrf_impl_tx_fifo_packet_num_get
                0x00000000000072cc        0x4 ../../../nRF5_SDK_15.3.0_59ac345//components/proprietary_rf/gzll/gcc/gzll_nrf52_sd_resources_gcc.a(nrf_impala.c.o)
                0x00000000000072cc                nrf_impl_tx_fifo_packet_num_get
 .text.nrf_impl_rx_fifo_packet_num_get
                0x00000000000072d0        0x4 ../../../nRF5_SDK_15.3.0_59ac345//components/proprietary_rf/gzll/gcc/gzll_nrf52_sd_resources_gcc.a(nrf_impala.c.o)
                0x00000000000072d0                nrf_impl_rx_fifo_packet_num_get
 .text.nrf_impl_fifo_free_packet_num_get
                0x00000000000072d4        0x4 ../../../nRF5_SDK_15.3.0_59ac345//components/proprietary_rf/gzll/gcc/gzll_nrf52_sd_resources_gcc.a(nrf_impala.c.o)
                0x00000000000072d4                nrf_impl_fifo_free_packet_num_get
 .text.nrf_impl_base_address_0_get
                0x00000000000072d8        0xc ../../../nRF5_SDK_15.3.0_59ac345//components/proprietary_rf/gzll/gcc/gzll_nrf52_sd_resources_gcc.a(nrf_impala.c.o)
                0x00000000000072d8                nrf_impl_base_address_0_get
 .text.nrf_impl_prefix_addr_get
                0x00000000000072e4       0x20 ../../../nRF5_SDK_15.3.0_59ac345//components/proprietary_rf/gzll/gcc/gzll_nrf52_sd_resources_gcc.a(nrf_impala.c.o)
                0x00000000000072e4                nrf_impl_prefix_addr_get
 .text.nrf_impl_channel_table_set
                0x0000000000007304       0x38 ../../../nRF5_SDK_15.3.0_59ac345//components/proprietary_rf/gzll/gcc/gzll_nrf52_sd_resources_gcc.a(nrf_impala.c.o)
                0x0000000000007304                nrf_impl_channel_table_set
 .text.nrf_impl_base_address_length_set
                0x000000000000733c       0x20 ../../../nRF5_SDK_15.3.0_59ac345//components/proprietary_rf/gzll/gcc/gzll_nrf52_sd_resources_gcc.a(nrf_impala.c.o)
                0x000000000000733c                nrf_impl_base_address_length_set
 .text.nrf_impl_tx_power_set
                0x000000000000735c       0x18 ../../../nRF5_SDK_15.3.0_59ac345//components/proprietary_rf/gzll/gcc/gzll_nrf52_sd_resources_gcc.a(nrf_impala.c.o)
                0x000000000000735c                nrf_impl_tx_power_set
 .text.nrf_impl_datarate_set
                0x0000000000007374       0x20 ../../../nRF5_SDK_15.3.0_59ac345//components/proprietary_rf/gzll/gcc/gzll_nrf52_sd_resources_gcc.a(nrf_impala.c.o)
                0x0000000000007374                nrf_impl_datarate_set
 .text.nrf_impl_rssi_state_set
                0x0000000000007394       0x28 ../../../nRF5_SDK_15.3.0_59ac345//components/proprietary_rf/gzll/gcc/gzll_nrf52_sd_resources_gcc.a(nrf_impala.c.o)
                0x0000000000007394                nrf_impl_rssi_state_set
 .text.nrf_impl_chan_select_policy_set
                0x00000000000073bc        0xc ../../../nRF5_SDK_15.3.0_59ac345//components/proprietary_rf/gzll/gcc/gzll_nrf52_sd_resources_gcc.a(nrf_impala.c.o)
                0x00000000000073bc                nrf_impl_chan_select_policy_set
 .text.nrf_impl_xosc_ctl_set
                0x00000000000073c8        0xc ../../../nRF5_SDK_15.3.0_59ac345//components/proprietary_rf/gzll/gcc/gzll_nrf52_sd_resources_gcc.a(nrf_impala.c.o)
                0x00000000000073c8                nrf_impl_xosc_ctl_set
 .text.nrf_impl_state_fun_timeslot_start
                0x00000000000073d4      0x568 ../../../nRF5_SDK_15.3.0_59ac345//components/proprietary_rf/gzll/gcc/gzll_nrf52_sd_resources_gcc.a(nrf_impala.c.o)
                0x00000000000073d4                nrf_impl_state_fun_timeslot_start
 .text.nrf_impl_state_fun_device_send_packet
                0x000000000000793c       0x64 ../../../nRF5_SDK_15.3.0_59ac345//components/proprietary_rf/gzll/gcc/gzll_nrf52_sd_resources_gcc.a(nrf_impala.c.o)
                0x000000000000793c                nrf_impl_state_fun_device_send_packet
 .text.nrf_lcore_device_pa_control_setup
                0x00000000000079a0       0xc4 ../../../nRF5_SDK_15.3.0_59ac345//components/proprietary_rf/gzll/gcc/gzll_nrf52_sd_resources_gcc.a(nrf_link_core.c.o)
                0x00000000000079a0                nrf_lcore_device_pa_control_setup
 .text.nrf_lcore_device_lna_timer_setup
                0x0000000000007a64       0x3c ../../../nRF5_SDK_15.3.0_59ac345//components/proprietary_rf/gzll/gcc/gzll_nrf52_sd_resources_gcc.a(nrf_link_core.c.o)
                0x0000000000007a64                nrf_lcore_device_lna_timer_setup
 .text.nrf_lcore_device_lna_output_clear
                0x0000000000007aa0       0x24 ../../../nRF5_SDK_15.3.0_59ac345//components/proprietary_rf/gzll/gcc/gzll_nrf52_sd_resources_gcc.a(nrf_link_core.c.o)
                0x0000000000007aa0                nrf_lcore_device_lna_output_clear
 .text.nrf_lcore_get_last_transaction_rf_channel
                0x0000000000007ac4        0xc ../../../nRF5_SDK_15.3.0_59ac345//components/proprietary_rf/gzll/gcc/gzll_nrf52_sd_resources_gcc.a(nrf_link_core.c.o)
                0x0000000000007ac4                nrf_lcore_get_last_transaction_rf_channel
 .text.nrf_lcore_init
                0x0000000000007ad0      0x324 ../../../nRF5_SDK_15.3.0_59ac345//components/proprietary_rf/gzll/gcc/gzll_nrf52_sd_resources_gcc.a(nrf_link_core.c.o)
                0x0000000000007ad0                nrf_lcore_init
 .text.nrf_lcore_operation_prepare
                0x0000000000007df4       0xd4 ../../../nRF5_SDK_15.3.0_59ac345//components/proprietary_rf/gzll/gcc/gzll_nrf52_sd_resources_gcc.a(nrf_link_core.c.o)
                0x0000000000007df4                nrf_lcore_operation_prepare
 .text.nrf_lcore_operation_start
                0x0000000000007ec8      0x17c ../../../nRF5_SDK_15.3.0_59ac345//components/proprietary_rf/gzll/gcc/gzll_nrf52_sd_resources_gcc.a(nrf_link_core.c.o)
                0x0000000000007ec8                nrf_lcore_operation_start
 .text.nrf_lcore_rx_address_match
                0x0000000000008044       0x18 ../../../nRF5_SDK_15.3.0_59ac345//components/proprietary_rf/gzll/gcc/gzll_nrf52_sd_resources_gcc.a(nrf_link_core.c.o)
                0x0000000000008044                nrf_lcore_rx_address_match
 .text.nrf_lcore_disable
                0x000000000000805c      0x1f0 ../../../nRF5_SDK_15.3.0_59ac345//components/proprietary_rf/gzll/gcc/gzll_nrf52_sd_resources_gcc.a(nrf_link_core.c.o)
                0x000000000000805c                nrf_lcore_disable
 .text.RADIO_IRQHandler
                0x000000000000824c      0x8ec ../../../nRF5_SDK_15.3.0_59ac345//components/proprietary_rf/gzll/gcc/gzll_nrf52_sd_resources_gcc.a(nrf_link_core.c.o)
                0x000000000000824c                RADIO_IRQHandler
 .text.nrf_nm_init
                0x0000000000008b38       0x38 ../../../nRF5_SDK_15.3.0_59ac345//components/proprietary_rf/gzll/gcc/gzll_nrf52_sd_resources_gcc.a(nrf_notification_manager.c.o)
                0x0000000000008b38                nrf_nm_init
 .text.nrf_nm_add
                0x0000000000008b70       0x78 ../../../nRF5_SDK_15.3.0_59ac345//components/proprietary_rf/gzll/gcc/gzll_nrf52_sd_resources_gcc.a(nrf_notification_manager.c.o)
                0x0000000000008b70                nrf_nm_add
 .text.nrf_nm_notify_queue_space_get
                0x0000000000008be8       0x28 ../../../nRF5_SDK_15.3.0_59ac345//components/proprietary_rf/gzll/gcc/gzll_nrf52_sd_resources_gcc.a(nrf_notification_manager.c.o)
                0x0000000000008be8                nrf_nm_notify_queue_space_get
 .text.SWI1_EGU1_IRQHandler
                0x0000000000008c10       0x78 ../../../nRF5_SDK_15.3.0_59ac345//components/proprietary_rf/gzll/gcc/gzll_nrf52_sd_resources_gcc.a(nrf_notification_manager.c.o)
                0x0000000000008c10                SWI1_EGU1_IRQHandler
 .text.nrf_pm_init
                0x0000000000008c88       0x58 ../../../nRF5_SDK_15.3.0_59ac345//components/proprietary_rf/gzll/gcc/gzll_nrf52_sd_resources_gcc.a(nrf_packet_manager.c.o)
                0x0000000000008c88                nrf_pm_init
 .text.nrf_pm_ptx_fifo_not_empty
                0x0000000000008ce0        0xc ../../../nRF5_SDK_15.3.0_59ac345//components/proprietary_rf/gzll/gcc/gzll_nrf52_sd_resources_gcc.a(nrf_packet_manager.c.o)
                0x0000000000008ce0                nrf_pm_ptx_fifo_not_empty
 .text.nrf_pm_ptx_start
                0x0000000000008cec       0xbc ../../../nRF5_SDK_15.3.0_59ac345//components/proprietary_rf/gzll/gcc/gzll_nrf52_sd_resources_gcc.a(nrf_packet_manager.c.o)
                0x0000000000008cec                nrf_pm_ptx_start
 .text.nrf_pm_ptx_end
                0x0000000000008da8      0x108 ../../../nRF5_SDK_15.3.0_59ac345//components/proprietary_rf/gzll/gcc/gzll_nrf52_sd_resources_gcc.a(nrf_packet_manager.c.o)
                0x0000000000008da8                nrf_pm_ptx_end
 .text.nrf_pm_current_ptx_pipe_get
                0x0000000000008eb0        0xc ../../../nRF5_SDK_15.3.0_59ac345//components/proprietary_rf/gzll/gcc/gzll_nrf52_sd_resources_gcc.a(nrf_packet_manager.c.o)
                0x0000000000008eb0                nrf_pm_current_ptx_pipe_get
 .text.nrf_pm_current_ptx_packet_get
                0x0000000000008ebc        0xc ../../../nRF5_SDK_15.3.0_59ac345//components/proprietary_rf/gzll/gcc/gzll_nrf52_sd_resources_gcc.a(nrf_packet_manager.c.o)
                0x0000000000008ebc                nrf_pm_current_ptx_packet_get
 .text.nrf_pm_current_ptx_ack_ptr_get
                0x0000000000008ec8        0xc ../../../nRF5_SDK_15.3.0_59ac345//components/proprietary_rf/gzll/gcc/gzll_nrf52_sd_resources_gcc.a(nrf_packet_manager.c.o)
                0x0000000000008ec8                nrf_pm_current_ptx_ack_ptr_get
 .text.nrf_pm_prx_start
                0x0000000000008ed4       0xdc ../../../nRF5_SDK_15.3.0_59ac345//components/proprietary_rf/gzll/gcc/gzll_nrf52_sd_resources_gcc.a(nrf_packet_manager.c.o)
                0x0000000000008ed4                nrf_pm_prx_start
 .text.nrf_pm_prx_end
                0x0000000000008fb0      0x1b4 ../../../nRF5_SDK_15.3.0_59ac345//components/proprietary_rf/gzll/gcc/gzll_nrf52_sd_resources_gcc.a(nrf_packet_manager.c.o)
                0x0000000000008fb0                nrf_pm_prx_end
 .text.nrf_pm_state_get
                0x0000000000009164        0xc ../../../nRF5_SDK_15.3.0_59ac345//components/proprietary_rf/gzll/gcc/gzll_nrf52_sd_resources_gcc.a(nrf_packet_manager.c.o)
                0x0000000000009164                nrf_pm_state_get
 .text.nrf_pm_tx_fifo_put
                0x0000000000009170       0x70 ../../../nRF5_SDK_15.3.0_59ac345//components/proprietary_rf/gzll/gcc/gzll_nrf52_sd_resources_gcc.a(nrf_packet_manager.c.o)
                0x0000000000009170                nrf_pm_tx_fifo_put
 .text.nrf_pm_tx_fifo_packet_num_get
                0x00000000000091e0        0x4 ../../../nRF5_SDK_15.3.0_59ac345//components/proprietary_rf/gzll/gcc/gzll_nrf52_sd_resources_gcc.a(nrf_packet_manager.c.o)
                0x00000000000091e0                nrf_pm_tx_fifo_packet_num_get
 .text.nrf_pm_rx_fifo_read
                0x00000000000091e4        0x8 ../../../nRF5_SDK_15.3.0_59ac345//components/proprietary_rf/gzll/gcc/gzll_nrf52_sd_resources_gcc.a(nrf_packet_manager.c.o)
                0x00000000000091e4                nrf_pm_rx_fifo_read
 .text.nrf_pm_rx_fifo_pop
                0x00000000000091ec        0x8 ../../../nRF5_SDK_15.3.0_59ac345//components/proprietary_rf/gzll/gcc/gzll_nrf52_sd_resources_gcc.a(nrf_packet_manager.c.o)
                0x00000000000091ec                nrf_pm_rx_fifo_pop
 .text.nrf_pm_rx_fifo_packet_num_get
                0x00000000000091f4        0x8 ../../../nRF5_SDK_15.3.0_59ac345//components/proprietary_rf/gzll/gcc/gzll_nrf52_sd_resources_gcc.a(nrf_packet_manager.c.o)
                0x00000000000091f4                nrf_pm_rx_fifo_packet_num_get
 .text.nrf_pm_packet_reserve
                0x00000000000091fc        0x4 ../../../nRF5_SDK_15.3.0_59ac345//components/proprietary_rf/gzll/gcc/gzll_nrf52_sd_resources_gcc.a(nrf_packet_manager.c.o)
                0x00000000000091fc                nrf_pm_packet_reserve
 .text.nrf_pm_packet_free
                0x0000000000009200        0x4 ../../../nRF5_SDK_15.3.0_59ac345//components/proprietary_rf/gzll/gcc/gzll_nrf52_sd_resources_gcc.a(nrf_packet_manager.c.o)
                0x0000000000009200                nrf_pm_packet_free
 .text.nrf_pm_fifo_free_packet_num_get
                0x0000000000009204        0x4 ../../../nRF5_SDK_15.3.0_59ac345//components/proprietary_rf/gzll/gcc/gzll_nrf52_sd_resources_gcc.a(nrf_packet_manager.c.o)
                0x0000000000009204                nrf_pm_fifo_free_packet_num_get
 .text.nrf_pm_dyn_ack_status_set
                0x0000000000009208        0xc ../../../nRF5_SDK_15.3.0_59ac345//components/proprietary_rf/gzll/gcc/gzll_nrf52_sd_resources_gcc.a(nrf_packet_manager.c.o)
                0x0000000000009208                nrf_pm_dyn_ack_status_set
 .text.nrf_sm_init
                0x0000000000009214       0x10 ../../../nRF5_SDK_15.3.0_59ac345//components/proprietary_rf/gzll/gcc/gzll_nrf52_sd_resources_gcc.a(nrf_state_machine.c.o)
                0x0000000000009214                nrf_sm_init
 .text.nrf_sm_next_state_set
                0x0000000000009224       0x1c ../../../nRF5_SDK_15.3.0_59ac345//components/proprietary_rf/gzll/gcc/gzll_nrf52_sd_resources_gcc.a(nrf_state_machine.c.o)
                0x0000000000009224                nrf_sm_next_state_set
 .text.nrf_sm_current_state_get
                0x0000000000009240        0xc ../../../nRF5_SDK_15.3.0_59ac345//components/proprietary_rf/gzll/gcc/gzll_nrf52_sd_resources_gcc.a(nrf_state_machine.c.o)
                0x0000000000009240                nrf_sm_current_state_get
 .text.nrf_sm_next_state_get
                0x000000000000924c        0xc ../../../nRF5_SDK_15.3.0_59ac345//components/proprietary_rf/gzll/gcc/gzll_nrf52_sd_resources_gcc.a(nrf_state_machine.c.o)
                0x000000000000924c                nrf_sm_next_state_get
 .text.nrf_sm_execute
                0x0000000000009258       0x1c ../../../nRF5_SDK_15.3.0_59ac345//components/proprietary_rf/gzll/gcc/gzll_nrf52_sd_resources_gcc.a(nrf_state_machine.c.o)
                0x0000000000009258                nrf_sm_execute
 .text.nrf_assert_internal_parse_and_forward
                0x0000000000009274        0x4 ../../../nRF5_SDK_15.3.0_59ac345//components/proprietary_rf/gzll/gcc/gzll_nrf52_sd_resources_gcc.a(nrf_assert_internal.c.o)
                0x0000000000009274                nrf_assert_internal_parse_and_forward
 .text.nrf_chm_init
                0x0000000000009278       0x28 ../../../nRF5_SDK_15.3.0_59ac345//components/proprietary_rf/gzll/gcc/gzll_nrf52_sd_resources_gcc.a(nrf_channel_manager.c.o)
                0x0000000000009278                nrf_chm_init
 .text.nrf_chm_single_tick_execute
                0x00000000000092a0       0x30 ../../../nRF5_SDK_15.3.0_59ac345//components/proprietary_rf/gzll/gcc/gzll_nrf52_sd_resources_gcc.a(nrf_channel_manager.c.o)
                0x00000000000092a0                nrf_chm_single_tick_execute
 .text.nrf_chm_current_chan_get
                0x00000000000092d0       0x2c ../../../nRF5_SDK_15.3.0_59ac345//components/proprietary_rf/gzll/gcc/gzll_nrf52_sd_resources_gcc.a(nrf_channel_manager.c.o)
                0x00000000000092d0                nrf_chm_current_chan_get
 .text.nrf_chm_current_chan_index_set
                0x00000000000092fc       0x28 ../../../nRF5_SDK_15.3.0_59ac345//components/proprietary_rf/gzll/gcc/gzll_nrf52_sd_resources_gcc.a(nrf_channel_manager.c.o)
                0x00000000000092fc                nrf_chm_current_chan_index_set
 .text.nrf_chm_current_chan_index_get
                0x0000000000009324        0xc ../../../nRF5_SDK_15.3.0_59ac345//components/proprietary_rf/gzll/gcc/gzll_nrf52_sd_resources_gcc.a(nrf_channel_manager.c.o)
                0x0000000000009324                nrf_chm_current_chan_index_get
 .text.nrf_chm_current_timeslot_set
                0x0000000000009330       0x28 ../../../nRF5_SDK_15.3.0_59ac345//components/proprietary_rf/gzll/gcc/gzll_nrf52_sd_resources_gcc.a(nrf_channel_manager.c.o)
                0x0000000000009330                nrf_chm_current_timeslot_set
 .text.nrf_chm_current_timeslot_get
                0x0000000000009358        0xc ../../../nRF5_SDK_15.3.0_59ac345//components/proprietary_rf/gzll/gcc/gzll_nrf52_sd_resources_gcc.a(nrf_channel_manager.c.o)
                0x0000000000009358                nrf_chm_current_timeslot_get
 .text.nrf_fifo_init
                0x0000000000009364       0xcc ../../../nRF5_SDK_15.3.0_59ac345//components/proprietary_rf/gzll/gcc/gzll_nrf52_sd_resources_gcc.a(nrf_fifo.c.o)
                0x0000000000009364                nrf_fifo_init
 .text.nrf_fifo_packet_reserve
                0x0000000000009430       0x8c ../../../nRF5_SDK_15.3.0_59ac345//components/proprietary_rf/gzll/gcc/gzll_nrf52_sd_resources_gcc.a(nrf_fifo.c.o)
                0x0000000000009430                nrf_fifo_packet_reserve
 .text.nrf_fifo_packet_free
                0x00000000000094bc       0xac ../../../nRF5_SDK_15.3.0_59ac345//components/proprietary_rf/gzll/gcc/gzll_nrf52_sd_resources_gcc.a(nrf_fifo.c.o)
                0x00000000000094bc                nrf_fifo_packet_free
 .text.nrf_fifo_packet_put
                0x0000000000009568       0xd4 ../../../nRF5_SDK_15.3.0_59ac345//components/proprietary_rf/gzll/gcc/gzll_nrf52_sd_resources_gcc.a(nrf_fifo.c.o)
                0x0000000000009568                nrf_fifo_packet_put
 .text.nrf_fifo_packet_pop
                0x000000000000963c       0x58 ../../../nRF5_SDK_15.3.0_59ac345//components/proprietary_rf/gzll/gcc/gzll_nrf52_sd_resources_gcc.a(nrf_fifo.c.o)
                0x000000000000963c                nrf_fifo_packet_pop
 .text.nrf_fifo_packet_read
                0x0000000000009694       0x3c ../../../nRF5_SDK_15.3.0_59ac345//components/proprietary_rf/gzll/gcc/gzll_nrf52_sd_resources_gcc.a(nrf_fifo.c.o)
                0x0000000000009694                nrf_fifo_packet_read
 .text.nrf_fifo_packet_num_get
                0x00000000000096d0       0x24 ../../../nRF5_SDK_15.3.0_59ac345//components/proprietary_rf/gzll/gcc/gzll_nrf52_sd_resources_gcc.a(nrf_fifo.c.o)
                0x00000000000096d0                nrf_fifo_packet_num_get
 .text.nrf_fifo_free_packet_num_get
                0x00000000000096f4        0xc ../../../nRF5_SDK_15.3.0_59ac345//components/proprietary_rf/gzll/gcc/gzll_nrf52_sd_resources_gcc.a(nrf_fifo.c.o)
                0x00000000000096f4                nrf_fifo_free_packet_num_get
 .text.nrf_flw_init
                0x0000000000009700       0x70 ../../../nRF5_SDK_15.3.0_59ac345//components/proprietary_rf/gzll/gcc/gzll_nrf52_sd_resources_gcc.a(nrf_flywheel.c.o)
                0x0000000000009700                nrf_flw_init
 .text.nrf_flw_start
                0x0000000000009770       0x18 ../../../nRF5_SDK_15.3.0_59ac345//components/proprietary_rf/gzll/gcc/gzll_nrf52_sd_resources_gcc.a(nrf_flywheel.c.o)
                0x0000000000009770                nrf_flw_start
 .text.nrf_flw_stop
                0x0000000000009788       0x44 ../../../nRF5_SDK_15.3.0_59ac345//components/proprietary_rf/gzll/gcc/gzll_nrf52_sd_resources_gcc.a(nrf_flywheel.c.o)
                0x0000000000009788                nrf_flw_stop
 .text.nrf_flw_runstate_get
                0x00000000000097cc        0xc ../../../nRF5_SDK_15.3.0_59ac345//components/proprietary_rf/gzll/gcc/gzll_nrf52_sd_resources_gcc.a(nrf_flywheel.c.o)
                0x00000000000097cc                nrf_flw_runstate_get
 .text.nrf_flw_task_is_delayed
                0x00000000000097d8        0xc ../../../nRF5_SDK_15.3.0_59ac345//components/proprietary_rf/gzll/gcc/gzll_nrf52_sd_resources_gcc.a(nrf_flywheel.c.o)
                0x00000000000097d8                nrf_flw_task_is_delayed
 .text.nrf_flw_call_prepare
                0x00000000000097e4      0x140 ../../../nRF5_SDK_15.3.0_59ac345//components/proprietary_rf/gzll/gcc/gzll_nrf52_sd_resources_gcc.a(nrf_flywheel.c.o)
                0x00000000000097e4                nrf_flw_call_prepare
 .text.nrf_flw_capture_task_get
                0x0000000000009924        0x8 ../../../nRF5_SDK_15.3.0_59ac345//components/proprietary_rf/gzll/gcc/gzll_nrf52_sd_resources_gcc.a(nrf_flywheel.c.o)
                0x0000000000009924                nrf_flw_capture_task_get
 .text.nrf_flw_call_event_get
                0x000000000000992c        0x8 ../../../nRF5_SDK_15.3.0_59ac345//components/proprietary_rf/gzll/gcc/gzll_nrf52_sd_resources_gcc.a(nrf_flywheel.c.o)
                0x000000000000992c                nrf_flw_call_event_get
 .text.TIMER0_IRQHandler
                0x0000000000009934       0x70 ../../../nRF5_SDK_15.3.0_59ac345//components/proprietary_rf/gzll/gcc/gzll_nrf52_sd_resources_gcc.a(nrf_flywheel.c.o)
                0x0000000000009934                TIMER0_IRQHandler
 .text          0x00000000000099a4        0xc /usr/lib/gcc/arm-none-eabi/7.3.1/../../../arm-none-eabi/lib/thumb/v7e-m/fpv4-sp/hard/libc_nano.a(lib_a-atexit.o)
                0x00000000000099a4                atexit
 .text          0x00000000000099b0       0x28 /usr/lib/gcc/arm-none-eabi/7.3.1/../../../arm-none-eabi/lib/thumb/v7e-m/fpv4-sp/hard/libc_nano.a(lib_a-exit.o)
                0x00000000000099b0                exit
 .text          0x00000000000099d8       0x34 /usr/lib/gcc/arm-none-eabi/7.3.1/../../../arm-none-eabi/lib/thumb/v7e-m/fpv4-sp/hard/libc_nano.a(lib_a-fini.o)
                0x00000000000099d8                __libc_fini_array
 .text          0x0000000000009a0c       0x48 /usr/lib/gcc/arm-none-eabi/7.3.1/../../../arm-none-eabi/lib/thumb/v7e-m/fpv4-sp/hard/libc_nano.a(lib_a-init.o)
                0x0000000000009a0c                __libc_init_array
 .text          0x0000000000009a54      0x134 /usr/lib/gcc/arm-none-eabi/7.3.1/../../../arm-none-eabi/lib/thumb/v7e-m/fpv4-sp/hard/libc_nano.a(lib_a-memcpy.o)
                0x0000000000009a54                memcpy
 .text          0x0000000000009b88       0x94 /usr/lib/gcc/arm-none-eabi/7.3.1/../../../arm-none-eabi/lib/thumb/v7e-m/fpv4-sp/hard/libc_nano.a(lib_a-memset.o)
                0x0000000000009b88                memset
 *fill*         0x0000000000009c1c       0x24 
 .text          0x0000000000009c40       0xdc /usr/lib/gcc/arm-none-eabi/7.3.1/../../../arm-none-eabi/lib/thumb/v7e-m/fpv4-sp/hard/libc_nano.a(lib_a-strlen.o)
                0x0000000000009c40                strlen
 .text          0x0000000000009d1c       0xa4 /usr/lib/gcc/arm-none-eabi/7.3.1/../../../arm-none-eabi/lib/thumb/v7e-m/fpv4-sp/hard/libc_nano.a(lib_a-__atexit.o)
                0x0000000000009d1c                __register_exitproc
 .text          0x0000000000009dc0       0xa4 /usr/lib/gcc/arm-none-eabi/7.3.1/../../../arm-none-eabi/lib/thumb/v7e-m/fpv4-sp/hard/libc_nano.a(lib_a-__call_atexit.o)
                0x0000000000009dc0                __call_exitprocs
 .text          0x0000000000009e64        0x4 /usr/lib/gcc/arm-none-eabi/7.3.1/../../../arm-none-eabi/lib/thumb/v7e-m/fpv4-sp/hard/libnosys.a(_exit.o)
                0x0000000000009e64                _exit
 .text          0x0000000000009e68       0x30 /usr/lib/gcc/arm-none-eabi/7.3.1/thumb/v7e-m/fpv4-sp/hard/libgcc.a(_aeabi_uldivmod.o)
                0x0000000000009e68                __aeabi_uldivmod
 .text          0x0000000000009e98      0x2cc /usr/lib/gcc/arm-none-eabi/7.3.1/thumb/v7e-m/fpv4-sp/hard/libgcc.a(_udivmoddi4.o)
                0x0000000000009e98                __udivmoddi4
 .text          0x000000000000a164        0x4 /usr/lib/gcc/arm-none-eabi/7.3.1/thumb/v7e-m/fpv4-sp/hard/libgcc.a(_dvmd_tls.o)
                0x000000000000a164                __aeabi_ldiv0
                0x000000000000a164                __aeabi_idiv0
 *(.init)
 .init          0x000000000000a168        0x4 /usr/lib/gcc/arm-none-eabi/7.3.1/thumb/v7e-m/fpv4-sp/hard/crti.o
                0x000000000000a168                _init
 .init          0x000000000000a16c        0x8 /usr/lib/gcc/arm-none-eabi/7.3.1/thumb/v7e-m/fpv4-sp/hard/crtn.o
 *(.fini)
 .fini          0x000000000000a174        0x4 /usr/lib/gcc/arm-none-eabi/7.3.1/thumb/v7e-m/fpv4-sp/hard/crti.o
                0x000000000000a174                _fini
 .fini          0x000000000000a178        0x8 /usr/lib/gcc/arm-none-eabi/7.3.1/thumb/v7e-m/fpv4-sp/hard/crtn.o
 *crtbegin.o(.ctors)
 *crtbegin?.o(.ctors)
 *(EXCLUDE_FILE(*crtend.o *crtend?.o) .ctors)
 *(SORT_BY_NAME(.ctors.*))
 *(.ctors)
 *crtbegin.o(.dtors)
 *crtbegin?.o(.dtors)
 *(EXCLUDE_FILE(*crtend.o *crtend?.o) .dtors)
 *(SORT_BY_NAME(.dtors.*))
 *(.dtors)
 *(.rodata*)
 .rodata.main.str1.4
                0x000000000000a180      0x11e _build/nrf52832_xxaa/main.c.o
 *fill*         0x000000000000a29e        0x2 
 .rodata.nrf_gzll_host_rx_data_ready.str1.4
                0x000000000000a2a0       0x1f _build/nrf52832_xxaa/main.c.o
 *fill*         0x000000000000a2bf        0x1 
 .rodata.F8X16  0x000000000000a2c0      0x5f0 _build/nrf52832_xxaa/oled.c.o
                0x000000000000a2c0                F8X16
 .rodata.delay_machine_code.7893
                0x000000000000a8b0        0x6 _build/nrf52832_xxaa/oled.c.o
 *fill*         0x000000000000a8b6        0x2 
 .rodata        0x000000000000a8b8       0x20 _build/nrf52832_xxaa/nrf_log_backend_uart.c.o
 .rodata.nrf_log_backend_uart_api
                0x000000000000a8d8        0xc _build/nrf52832_xxaa/nrf_log_backend_uart.c.o
                0x000000000000a8d8                nrf_log_backend_uart_api
 .rodata.str1.4
                0x000000000000a8e4       0x11 _build/nrf52832_xxaa/nrf_log_default_backends.c.o
 *fill*         0x000000000000a8f5        0x3 
 .rodata.m_log_push_ringbuf
                0x000000000000a8f8        0xc _build/nrf52832_xxaa/nrf_log_frontend.c.o
 .rodata.nrf_log_frontend_dequeue.part.6.str1.4
                0x000000000000a904       0x11 _build/nrf52832_xxaa/nrf_log_frontend.c.o
 *fill*         0x000000000000a915        0x3 
 .rodata.str1.4
                0x000000000000a918        0x4 _build/nrf52832_xxaa/nrf_log_frontend.c.o
 .rodata.m_colors
                0x000000000000a91c       0x24 _build/nrf52832_xxaa/nrf_log_str_formatter.c.o
 .rodata.nrf_log_hexdump_entry_process.str1.4
                0x000000000000a940       0x13 _build/nrf52832_xxaa/nrf_log_str_formatter.c.o
                                         0x16 (size before relaxing)
 *fill*         0x000000000000a953        0x1 
 .rodata.nrf_log_std_entry_process.str1.4
                0x000000000000a954       0x36 _build/nrf52832_xxaa/nrf_log_str_formatter.c.o
                                         0x3b (size before relaxing)
 *fill*         0x000000000000a98a        0x2 
 .rodata.severity_names
                0x000000000000a98c       0x14 _build/nrf52832_xxaa/nrf_log_str_formatter.c.o
 .rodata.str1.4
                0x000000000000a9a0       0x56 _build/nrf52832_xxaa/nrf_log_str_formatter.c.o
 *fill*         0x000000000000a9f6        0x2 
 .rodata.m_board_btn_list
                0x000000000000a9f8        0x4 _build/nrf52832_xxaa/boards.c.o
 .rodata.m_board_led_list
                0x000000000000a9fc        0x4 _build/nrf52832_xxaa/boards.c.o
 .rodata.m_detection_delay_timer_id
                0x000000000000aa00        0x4 _build/nrf52832_xxaa/app_button.c.o
 .rodata.app_error_fault_handler.str1.4
                0x000000000000aa04       0x19 _build/nrf52832_xxaa/app_error_weak.c.o
 *fill*         0x000000000000aa1d        0x3 
 .rodata.delay_machine_code.8295
                0x000000000000aa20        0x6 _build/nrf52832_xxaa/app_timer.c.o
 *fill*         0x000000000000aa26        0x2 
 .rodata._aV2C.7380
                0x000000000000aa28       0x10 _build/nrf52832_xxaa/nrf_fprintf_format.c.o
 .rodata.str1.4
                0x000000000000aa38        0x7 _build/nrf52832_xxaa/nrfx_gpiote.c.o
 *fill*         0x000000000000aa3f        0x1 
 .rodata.str1.4
                0x000000000000aa40        0x4 _build/nrf52832_xxaa/nrfx_prs.c.o
 .rodata.str1.4
                0x000000000000aa44        0x5 _build/nrf52832_xxaa/nrfx_uart.c.o
 *fill*         0x000000000000aa49        0x3 
 .rodata.str1.4
                0x000000000000aa4c        0x8 _build/nrf52832_xxaa/nrfx_uarte.c.o
                                          0x6 (size before relaxing)
 .rodata.app_buttons
                0x000000000000aa54       0x20 _build/nrf52832_xxaa/bsp.c.o
 .rodata.m_bsp_alert_tmr
                0x000000000000aa74        0x4 _build/nrf52832_xxaa/bsp.c.o
 .rodata.m_bsp_button_tmr
                0x000000000000aa78        0x4 _build/nrf52832_xxaa/bsp.c.o
 .rodata.m_bsp_leds_tmr
                0x000000000000aa7c        0x4 _build/nrf52832_xxaa/bsp.c.o
 .rodata.m_lcore_operation_params
                0x000000000000aa80       0x30 ../../../nRF5_SDK_15.3.0_59ac345//components/proprietary_rf/gzll/gcc/gzll_nrf52_sd_resources_gcc.a(nrf_link_core.c.o)
 .rodata        0x000000000000aab0      0x101 /usr/lib/gcc/arm-none-eabi/7.3.1/../../../arm-none-eabi/lib/thumb/v7e-m/fpv4-sp/hard/libc_nano.a(lib_a-ctype_.o)
                0x000000000000aab0                _ctype_
 *fill*         0x000000000000abb1        0x3 
 .rodata        0x000000000000abb4        0x4 /usr/lib/gcc/arm-none-eabi/7.3.1/../../../arm-none-eabi/lib/thumb/v7e-m/fpv4-sp/hard/libc_nano.a(lib_a-impure.o)
                0x000000000000abb4                _global_impure_ptr
 *(.eh_frame*)
 .eh_frame      0x000000000000abb8        0x0 /usr/lib/gcc/arm-none-eabi/7.3.1/thumb/v7e-m/fpv4-sp/hard/crtbegin.o
 .eh_frame      0x000000000000abb8        0x4 /usr/lib/gcc/arm-none-eabi/7.3.1/thumb/v7e-m/fpv4-sp/hard/crtend.o

.glue_7         0x000000000000abbc        0x0
 .glue_7        0x000000000000abbc        0x0 linker stubs

.glue_7t        0x000000000000abbc        0x0
 .glue_7t       0x000000000000abbc        0x0 linker stubs

.vfp11_veneer   0x000000000000abbc        0x0
 .vfp11_veneer  0x000000000000abbc        0x0 linker stubs

.v4_bx          0x000000000000abbc        0x0
 .v4_bx         0x000000000000abbc        0x0 linker stubs

.iplt           0x000000000000abbc        0x0
 .iplt          0x000000000000abbc        0x0 /usr/lib/gcc/arm-none-eabi/7.3.1/thumb/v7e-m/fpv4-sp/hard/crtbegin.o

.mem_section_dummy_rom

.log_const_data
                0x000000000000abbc       0x28
                0x000000000000abbc                PROVIDE (__start_log_const_data = .)
 *(SORT_BY_NAME(.log_const_data*))
 .log_const_data_GPIOTE
                0x000000000000abbc        0x8 _build/nrf52832_xxaa/nrfx_gpiote.c.o
                0x000000000000abbc                m_nrf_log_GPIOTE_logs_data_const
 .log_const_data_PRS
                0x000000000000abc4        0x8 _build/nrf52832_xxaa/nrfx_prs.c.o
                0x000000000000abc4                m_nrf_log_PRS_logs_data_const
 .log_const_data_UART
                0x000000000000abcc        0x8 _build/nrf52832_xxaa/nrfx_uart.c.o
                0x000000000000abcc                m_nrf_log_UART_logs_data_const
 .log_const_data_UARTE
                0x000000000000abd4        0x8 _build/nrf52832_xxaa/nrfx_uarte.c.o
                0x000000000000abd4                m_nrf_log_UARTE_logs_data_const
 .log_const_data_app
                0x000000000000abdc        0x8 _build/nrf52832_xxaa/nrf_log_frontend.c.o
                0x000000000000abdc                m_nrf_log_app_logs_data_const
                0x000000000000abe4                PROVIDE (__stop_log_const_data = .)

.log_backends   0x000000000000abe4       0x10
                [!provide]                        PROVIDE (__start_log_backends = .)
 *(SORT_BY_NAME(.log_backends*))
 .log_backends  0x000000000000abe4       0x10 _build/nrf52832_xxaa/nrf_log_default_backends.c.o
                [!provide]                        PROVIDE (__stop_log_backends = .)

.nrf_balloc     0x000000000000abf4       0x14
                [!provide]                        PROVIDE (__start_nrf_balloc = .)
 *(.nrf_balloc)
 .nrf_balloc    0x000000000000abf4       0x14 _build/nrf52832_xxaa/nrf_log_frontend.c.o
                0x000000000000abf4                log_mempool
                [!provide]                        PROVIDE (__stop_nrf_balloc = .)

.ARM.extab
 *(.ARM.extab* .gnu.linkonce.armextab.*)
                0x000000000000ac08                __exidx_start = .

.ARM.exidx      0x000000000000ac08        0x8
 *(.ARM.exidx* .gnu.linkonce.armexidx.*)
 .ARM.exidx     0x000000000000ac08        0x8 /usr/lib/gcc/arm-none-eabi/7.3.1/../../../arm-none-eabi/lib/thumb/v7e-m/fpv4-sp/hard/crt0.o
 .ARM.exidx     0x000000000000ac10        0x0 /usr/lib/gcc/arm-none-eabi/7.3.1/thumb/v7e-m/fpv4-sp/hard/libgcc.a(_udivmoddi4.o)
                                          0x8 (size before relaxing)
                0x000000000000ac10                __exidx_end = .
                0x000000000000ac10                __etext = .

.rel.dyn        0x000000000000ac10        0x0
 .rel.iplt      0x000000000000ac10        0x0 /usr/lib/gcc/arm-none-eabi/7.3.1/thumb/v7e-m/fpv4-sp/hard/crtbegin.o

.data           0x0000000020000000      0x4a8 load address 0x000000000000ac10
                0x0000000020000000                __data_start__ = .
 *(vtable)
 *(.data*)
 .data.F16x16   0x0000000020000000      0x400 _build/nrf52832_xxaa/oled.c.o
                0x0000000020000000                F16x16
 .data.SystemCoreClock
                0x0000000020000400        0x4 _build/nrf52832_xxaa/system_nrf52.c.o
                0x0000000020000400                SystemCoreClock
 .data.m_uart   0x0000000020000404       0x14 _build/nrf52832_xxaa/nrf_log_backend_uart.c.o
                0x0000000020000404                m_uart
 .data.log_backend_cb_uart_log_backend
                0x0000000020000418        0x8 _build/nrf52832_xxaa/nrf_log_default_backends.c.o
 .data.m_channel_table
                0x0000000020000420       0x10 ../../../nRF5_SDK_15.3.0_59ac345//components/proprietary_rf/gzll/gcc/gzll_nrf52_sd_resources_gcc.a(nrf_gzll.c.o)
 .data.m_channel_table_size
                0x0000000020000430        0x4 ../../../nRF5_SDK_15.3.0_59ac345//components/proprietary_rf/gzll/gcc/gzll_nrf52_sd_resources_gcc.a(nrf_gzll.c.o)
 .data.m_state_functions
                0x0000000020000434        0x8 ../../../nRF5_SDK_15.3.0_59ac345//components/proprietary_rf/gzll/gcc/gzll_nrf52_sd_resources_gcc.a(nrf_state_machine.c.o)
                0x0000000020000434                m_state_functions
 .data          0x000000002000043c       0x64 /usr/lib/gcc/arm-none-eabi/7.3.1/../../../arm-none-eabi/lib/thumb/v7e-m/fpv4-sp/hard/libc_nano.a(lib_a-impure.o)
                0x000000002000043c                _impure_ptr
                0x00000000200004a0                . = ALIGN (0x4)
                0x00000000200004a0                PROVIDE (__preinit_array_start = .)
 *(.preinit_array)
                0x00000000200004a0                PROVIDE (__preinit_array_end = .)
                0x00000000200004a0                . = ALIGN (0x4)
                0x00000000200004a0                PROVIDE (__init_array_start = .)
 *(SORT_BY_NAME(.init_array.*))
 *(.init_array)
 .init_array    0x00000000200004a0        0x4 /usr/lib/gcc/arm-none-eabi/7.3.1/thumb/v7e-m/fpv4-sp/hard/crtbegin.o
                0x00000000200004a4                PROVIDE (__init_array_end = .)
                0x00000000200004a4                . = ALIGN (0x4)
                0x00000000200004a4                PROVIDE (__fini_array_start = .)
 *(SORT_BY_NAME(.fini_array.*))
 *(.fini_array)
 .fini_array    0x00000000200004a4        0x4 /usr/lib/gcc/arm-none-eabi/7.3.1/thumb/v7e-m/fpv4-sp/hard/crtbegin.o
                0x00000000200004a8                PROVIDE (__fini_array_end = .)
 *(.jcr*)
                0x00000000200004a8                . = ALIGN (0x4)
                0x00000000200004a8                __data_end__ = .
LOAD /usr/lib/gcc/arm-none-eabi/7.3.1/thumb/v7e-m/fpv4-sp/hard/crti.o
LOAD /usr/lib/gcc/arm-none-eabi/7.3.1/thumb/v7e-m/fpv4-sp/hard/crtbegin.o
LOAD /usr/lib/gcc/arm-none-eabi/7.3.1/../../../arm-none-eabi/lib/thumb/v7e-m/fpv4-sp/hard/crt0.o
LOAD _build/nrf52832_xxaa/main.c.o
LOAD _build/nrf52832_xxaa/oled.c.o
LOAD _build/nrf52832_xxaa/beep.c.o
LOAD _build/nrf52832_xxaa/led.c.o
LOAD _build/nrf52832_xxaa/key.c.o
LOAD _build/nrf52832_xxaa/gcc_startup_nrf52.S.o
LOAD _build/nrf52832_xxaa/system_nrf52.c.o
LOAD _build/nrf52832_xxaa/nrf_log_backend_rtt.c.o
LOAD _build/nrf52832_xxaa/nrf_log_backend_serial.c.o
LOAD _build/nrf52832_xxaa/nrf_log_backend_uart.c.o
LOAD _build/nrf52832_xxaa/nrf_log_default_backends.c.o
LOAD _build/nrf52832_xxaa/nrf_log_frontend.c.o
LOAD _build/nrf52832_xxaa/nrf_log_str_formatter.c.o
LOAD _build/nrf52832_xxaa/boards.c.o
LOAD _build/nrf52832_xxaa/app_button.c.o
LOAD _build/nrf52832_xxaa/app_error.c.o
LOAD _build/nrf52832_xxaa/app_error_handler_gcc.c.o
LOAD _build/nrf52832_xxaa/app_error_weak.c.o
LOAD _build/nrf52832_xxaa/app_scheduler.c.o
LOAD _build/nrf52832_xxaa/app_timer.c.o
LOAD _build/nrf52832_xxaa/app_util_platform.c.o
LOAD _build/nrf52832_xxaa/nrf_assert.c.o
LOAD _build/nrf52832_xxaa/nrf_atomic.c.o
LOAD _build/nrf52832_xxaa/nrf_balloc.c.o
LOAD _build/nrf52832_xxaa/nrf_fprintf.c.o
LOAD _build/nrf52832_xxaa/nrf_fprintf_format.c.o
LOAD _build/nrf52832_xxaa/nrf_memobj.c.o
LOAD _build/nrf52832_xxaa/nrf_ringbuf.c.o
LOAD _build/nrf52832_xxaa/nrf_strerror.c.o
LOAD _build/nrf52832_xxaa/nrf_drv_uart.c.o
LOAD _build/nrf52832_xxaa/nrfx_atomic.c.o
LOAD _build/nrf52832_xxaa/nrfx_gpiote.c.o
LOAD _build/nrf52832_xxaa/nrfx_prs.c.o
LOAD _build/nrf52832_xxaa/nrfx_uart.c.o
LOAD _build/nrf52832_xxaa/nrfx_uarte.c.o
LOAD _build/nrf52832_xxaa/bsp.c.o
LOAD _build/nrf52832_xxaa/SEGGER_RTT.c.o
LOAD _build/nrf52832_xxaa/SEGGER_RTT_Syscalls_GCC.c.o
LOAD _build/nrf52832_xxaa/SEGGER_RTT_printf.c.o
LOAD ../../../nRF5_SDK_15.3.0_59ac345//components/proprietary_rf/gzll/gcc/gzll_nrf52_sd_resources_gcc.a
LOAD /usr/lib/gcc/arm-none-eabi/7.3.1/../../../arm-none-eabi/lib/thumb/v7e-m/fpv4-sp/hard/libc_nano.a
LOAD /usr/lib/gcc/arm-none-eabi/7.3.1/../../../arm-none-eabi/lib/thumb/v7e-m/fpv4-sp/hard/libnosys.a
LOAD /usr/lib/gcc/arm-none-eabi/7.3.1/../../../arm-none-eabi/lib/thumb/v7e-m/fpv4-sp/hard/libm.a
START GROUP
LOAD /usr/lib/gcc/arm-none-eabi/7.3.1/thumb/v7e-m/fpv4-sp/hard/libgcc.a
LOAD /usr/lib/gcc/arm-none-eabi/7.3.1/../../../arm-none-eabi/lib/thumb/v7e-m/fpv4-sp/hard/libg_nano.a
LOAD /usr/lib/gcc/arm-none-eabi/7.3.1/../../../arm-none-eabi/lib/thumb/v7e-m/fpv4-sp/hard/libc_nano.a
END GROUP
START GROUP
LOAD /usr/lib/gcc/arm-none-eabi/7.3.1/thumb/v7e-m/fpv4-sp/hard/libgcc.a
LOAD /usr/lib/gcc/arm-none-eabi/7.3.1/../../../arm-none-eabi/lib/thumb/v7e-m/fpv4-sp/hard/libc_nano.a
END GROUP
LOAD /usr/lib/gcc/arm-none-eabi/7.3.1/thumb/v7e-m/fpv4-sp/hard/crtend.o
LOAD /usr/lib/gcc/arm-none-eabi/7.3.1/thumb/v7e-m/fpv4-sp/hard/crtn.o
START GROUP
LOAD /usr/lib/gcc/arm-none-eabi/7.3.1/thumb/v7e-m/fpv4-sp/hard/libgcc.a
LOAD /usr/lib/gcc/arm-none-eabi/7.3.1/../../../arm-none-eabi/lib/thumb/v7e-m/fpv4-sp/hard/libc.a
LOAD /usr/lib/gcc/arm-none-eabi/7.3.1/../../../arm-none-eabi/lib/thumb/v7e-m/fpv4-sp/hard/libnosys.a
END GROUP

.tm_clone_table
                0x00000000200004a8        0x0 load address 0x000000000000b0b8
 .tm_clone_table
                0x00000000200004a8        0x0 /usr/lib/gcc/arm-none-eabi/7.3.1/thumb/v7e-m/fpv4-sp/hard/crtbegin.o
 .tm_clone_table
                0x00000000200004a8        0x0 /usr/lib/gcc/arm-none-eabi/7.3.1/thumb/v7e-m/fpv4-sp/hard/crtend.o

.igot.plt       0x00000000200004a8        0x0 load address 0x000000000000b0b8
 .igot.plt      0x00000000200004a8        0x0 /usr/lib/gcc/arm-none-eabi/7.3.1/thumb/v7e-m/fpv4-sp/hard/crtbegin.o
                0x00000000200004a8                . = ALIGN (0x4)

.mem_section_dummy_ram

.log_dynamic_data
                0x00000000200004a8        0x0
                0x00000000200004a8                PROVIDE (__start_log_dynamic_data = .)
 *(SORT_BY_NAME(.log_dynamic_data*))
                [!provide]                        PROVIDE (__stop_log_dynamic_data = .)

.log_filter_data
                0x00000000200004a8        0x0
                [!provide]                        PROVIDE (__start_log_filter_data = .)
 *(SORT_BY_NAME(.log_filter_data*))
                [!provide]                        PROVIDE (__stop_log_filter_data = .)

.bss            0x00000000200004a8      0xdf4 load address 0x000000000000b0b8
                0x00000000200004a8                . = ALIGN (0x4)
                0x00000000200004a8                __bss_start__ = .
 *(.bss*)
 .bss           0x00000000200004a8       0x1c /usr/lib/gcc/arm-none-eabi/7.3.1/thumb/v7e-m/fpv4-sp/hard/crtbegin.o
 .bss.disconnect_time
                0x00000000200004c4        0x2 _build/nrf52832_xxaa/main.c.o
                0x00000000200004c4                disconnect_time
 *fill*         0x00000000200004c6        0x2 
 .bss.m_ack_payload
                0x00000000200004c8        0x1 _build/nrf52832_xxaa/main.c.o
 *fill*         0x00000000200004c9        0x3 
 .bss.m_data_payload
                0x00000000200004cc       0x20 _build/nrf52832_xxaa/main.c.o
 .bss.m_statistics
                0x00000000200004ec       0x88 _build/nrf52832_xxaa/main.c.o
 .bss.m_async_mode
                0x0000000020000574        0x1 _build/nrf52832_xxaa/nrf_log_backend_uart.c.o
 *fill*         0x0000000020000575        0x3 
 .bss.m_string_buff
                0x0000000020000578       0x40 _build/nrf52832_xxaa/nrf_log_backend_uart.c.o
 .bss.m_xfer_done
                0x00000000200005b8        0x1 _build/nrf52832_xxaa/nrf_log_backend_uart.c.o
 *fill*         0x00000000200005b9        0x3 
 .bss.log_mempool_nrf_balloc_cb
                0x00000000200005bc        0x8 _build/nrf52832_xxaa/nrf_log_frontend.c.o
 .bss.log_mempool_nrf_balloc_pool_mem
                0x00000000200005c4       0xc0 _build/nrf52832_xxaa/nrf_log_frontend.c.o
 .bss.log_mempool_nrf_balloc_pool_stack
                0x0000000020000684        0x8 _build/nrf52832_xxaa/nrf_log_frontend.c.o
 .bss.m_log_data
                0x000000002000068c      0x424 _build/nrf52832_xxaa/nrf_log_frontend.c.o
 .bss.m_log_push_ringbuf_buf
                0x0000000020000ab0       0x80 _build/nrf52832_xxaa/nrf_log_frontend.c.o
 .bss.m_log_push_ringbuf_cb
                0x0000000020000b30       0x18 _build/nrf52832_xxaa/nrf_log_frontend.c.o
 .bss.m_button_count
                0x0000000020000b48        0x1 _build/nrf52832_xxaa/app_button.c.o
 *fill*         0x0000000020000b49        0x3 
 .bss.m_detection_delay
                0x0000000020000b4c        0x4 _build/nrf52832_xxaa/app_button.c.o
 .bss.m_detection_delay_timer_id_data
                0x0000000020000b50       0x20 _build/nrf52832_xxaa/app_button.c.o
 .bss.m_pin_state
                0x0000000020000b70        0x8 _build/nrf52832_xxaa/app_button.c.o
 .bss.m_pin_transition
                0x0000000020000b78        0x8 _build/nrf52832_xxaa/app_button.c.o
 .bss.mp_buttons
                0x0000000020000b80        0x4 _build/nrf52832_xxaa/app_button.c.o
 .bss.m_op_queue
                0x0000000020000b84      0x10c _build/nrf52832_xxaa/app_timer.c.o
 .bss.m_rtc1_reset
                0x0000000020000c90        0x1 _build/nrf52832_xxaa/app_timer.c.o
 .bss.m_rtc1_running
                0x0000000020000c91        0x1 _build/nrf52832_xxaa/app_timer.c.o
 *fill*         0x0000000020000c92        0x2 
 .bss.m_ticks_elapsed
                0x0000000020000c94        0x8 _build/nrf52832_xxaa/app_timer.c.o
 .bss.m_ticks_elapsed_q_read_ind
                0x0000000020000c9c        0x1 _build/nrf52832_xxaa/app_timer.c.o
 .bss.m_ticks_elapsed_q_write_ind
                0x0000000020000c9d        0x1 _build/nrf52832_xxaa/app_timer.c.o
 *fill*         0x0000000020000c9e        0x2 
 .bss.m_ticks_latest
                0x0000000020000ca0        0x4 _build/nrf52832_xxaa/app_timer.c.o
 .bss.mp_timer_id_head
                0x0000000020000ca4        0x4 _build/nrf52832_xxaa/app_timer.c.o
 .bss.m_in_critical_region
                0x0000000020000ca8        0x4 _build/nrf52832_xxaa/app_util_platform.c.o
 .bss.m_contexts
                0x0000000020000cac        0x4 _build/nrf52832_xxaa/nrf_drv_uart.c.o
 .bss.m_handlers
                0x0000000020000cb0        0x4 _build/nrf52832_xxaa/nrf_drv_uart.c.o
 .bss.m_cb      0x0000000020000cb4       0x5c _build/nrf52832_xxaa/nrfx_gpiote.c.o
 .bss.m_prs_box_4
                0x0000000020000d10        0x8 _build/nrf52832_xxaa/nrfx_prs.c.o
 .bss.m_cb      0x0000000020000d18       0x2c _build/nrf52832_xxaa/nrfx_uart.c.o
 .bss.m_cb      0x0000000020000d44       0x24 _build/nrf52832_xxaa/nrfx_uarte.c.o
 .bss.current_long_push_pin_no.8427
                0x0000000020000d68        0x1 _build/nrf52832_xxaa/bsp.c.o
 .bss.m_alert_on
                0x0000000020000d69        0x1 _build/nrf52832_xxaa/bsp.c.o
 *fill*         0x0000000020000d6a        0x2 
 .bss.m_bsp_alert_tmr_data
                0x0000000020000d6c       0x20 _build/nrf52832_xxaa/bsp.c.o
 .bss.m_bsp_button_tmr_data
                0x0000000020000d8c       0x20 _build/nrf52832_xxaa/bsp.c.o
 .bss.m_bsp_leds_tmr_data
                0x0000000020000dac       0x20 _build/nrf52832_xxaa/bsp.c.o
 .bss.m_events_list
                0x0000000020000dcc        0xc _build/nrf52832_xxaa/bsp.c.o
 .bss.m_indication_type
                0x0000000020000dd8        0x4 _build/nrf52832_xxaa/bsp.c.o
 .bss.m_leds_clear
                0x0000000020000ddc        0x1 _build/nrf52832_xxaa/bsp.c.o
 *fill*         0x0000000020000ddd        0x3 
 .bss.m_registered_callback
                0x0000000020000de0        0x4 _build/nrf52832_xxaa/bsp.c.o
 .bss.m_stable_state
                0x0000000020000de4        0x1 _build/nrf52832_xxaa/bsp.c.o
 *fill*         0x0000000020000de5        0x3 
 .bss.release_event_at_push.8428
                0x0000000020000de8        0x4 _build/nrf52832_xxaa/bsp.c.o
 .bss.m_crc_failure_callback
                0x0000000020000dec        0x4 ../../../nRF5_SDK_15.3.0_59ac345//components/proprietary_rf/gzll/gcc/gzll_nrf52_sd_resources_gcc.a(nrf_gzll.c.o)
 .bss.m_nrf_gzll_error_code
                0x0000000020000df0        0x1 ../../../nRF5_SDK_15.3.0_59ac345//components/proprietary_rf/gzll/gcc/gzll_nrf52_sd_resources_gcc.a(nrf_gzll.c.o)
 *fill*         0x0000000020000df1        0x3 
 .bss.m_nrf_gzll_internal_debug_code
                0x0000000020000df4        0x4 ../../../nRF5_SDK_15.3.0_59ac345//components/proprietary_rf/gzll/gcc/gzll_nrf52_sd_resources_gcc.a(nrf_gzll.c.o)
 .bss.m_p_impl_status
                0x0000000020000df8        0x4 ../../../nRF5_SDK_15.3.0_59ac345//components/proprietary_rf/gzll/gcc/gzll_nrf52_sd_resources_gcc.a(nrf_gzll.c.o)
 .bss.m_p_statistics
                0x0000000020000dfc        0x4 ../../../nRF5_SDK_15.3.0_59ac345//components/proprietary_rf/gzll/gcc/gzll_nrf52_sd_resources_gcc.a(nrf_gzll.c.o)
 .bss.m_status  0x0000000020000e00        0xc ../../../nRF5_SDK_15.3.0_59ac345//components/proprietary_rf/gzll/gcc/gzll_nrf52_sd_resources_gcc.a(nrf_gzll.c.o)
 .bss.m_tx_timeout_callback
                0x0000000020000e0c        0x4 ../../../nRF5_SDK_15.3.0_59ac345//components/proprietary_rf/gzll/gcc/gzll_nrf52_sd_resources_gcc.a(nrf_gzll.c.o)
 .bss.m_chm_config
                0x0000000020000e10        0xc ../../../nRF5_SDK_15.3.0_59ac345//components/proprietary_rf/gzll/gcc/gzll_nrf52_sd_resources_gcc.a(nrf_impala.c.o)
 .bss.m_crc_failure
                0x0000000020000e1c        0x1 ../../../nRF5_SDK_15.3.0_59ac345//components/proprietary_rf/gzll/gcc/gzll_nrf52_sd_resources_gcc.a(nrf_impala.c.o)
 .bss.m_impl_async_state
                0x0000000020000e1d        0x1 ../../../nRF5_SDK_15.3.0_59ac345//components/proprietary_rf/gzll/gcc/gzll_nrf52_sd_resources_gcc.a(nrf_impala.c.o)
 *fill*         0x0000000020000e1e        0x2 
 .bss.m_impl_pa_lna_cfg
                0x0000000020000e20        0x4 ../../../nRF5_SDK_15.3.0_59ac345//components/proprietary_rf/gzll/gcc/gzll_nrf52_sd_resources_gcc.a(nrf_impala.c.o)
 .bss.m_impl_params
                0x0000000020000e24       0x34 ../../../nRF5_SDK_15.3.0_59ac345//components/proprietary_rf/gzll/gcc/gzll_nrf52_sd_resources_gcc.a(nrf_impala.c.o)
 .bss.m_impl_status
                0x0000000020000e58       0x18 ../../../nRF5_SDK_15.3.0_59ac345//components/proprietary_rf/gzll/gcc/gzll_nrf52_sd_resources_gcc.a(nrf_impala.c.o)
 .bss.m_lcore_config
                0x0000000020000e70       0x18 ../../../nRF5_SDK_15.3.0_59ac345//components/proprietary_rf/gzll/gcc/gzll_nrf52_sd_resources_gcc.a(nrf_impala.c.o)
 .bss.m_p_lcore_status
                0x0000000020000e88        0x4 ../../../nRF5_SDK_15.3.0_59ac345//components/proprietary_rf/gzll/gcc/gzll_nrf52_sd_resources_gcc.a(nrf_impala.c.o)
 .bss.m_lcore_cfg
                0x0000000020000e8c        0x4 ../../../nRF5_SDK_15.3.0_59ac345//components/proprietary_rf/gzll/gcc/gzll_nrf52_sd_resources_gcc.a(nrf_link_core.c.o)
 .bss.m_lcore_current_rf_channel
                0x0000000020000e90        0x1 ../../../nRF5_SDK_15.3.0_59ac345//components/proprietary_rf/gzll/gcc/gzll_nrf52_sd_resources_gcc.a(nrf_link_core.c.o)
 *fill*         0x0000000020000e91        0x3 
 .bss.m_lcore_status
                0x0000000020000e94       0x1c ../../../nRF5_SDK_15.3.0_59ac345//components/proprietary_rf/gzll/gcc/gzll_nrf52_sd_resources_gcc.a(nrf_link_core.c.o)
 .bss.m_p_lcore_pa_lna_cfg
                0x0000000020000eb0        0x4 ../../../nRF5_SDK_15.3.0_59ac345//components/proprietary_rf/gzll/gcc/gzll_nrf52_sd_resources_gcc.a(nrf_link_core.c.o)
 .bss.m_nm_status
                0x0000000020000eb4       0xd8 ../../../nRF5_SDK_15.3.0_59ac345//components/proprietary_rf/gzll/gcc/gzll_nrf52_sd_resources_gcc.a(nrf_notification_manager.c.o)
 .bss.m_pm_ack_payload_pending
                0x0000000020000f8c        0x8 ../../../nRF5_SDK_15.3.0_59ac345//components/proprietary_rf/gzll/gcc/gzll_nrf52_sd_resources_gcc.a(nrf_packet_manager.c.o)
 .bss.m_pm_status
                0x0000000020000f94       0x84 ../../../nRF5_SDK_15.3.0_59ac345//components/proprietary_rf/gzll/gcc/gzll_nrf52_sd_resources_gcc.a(nrf_packet_manager.c.o)
 .bss.m_sm_status
                0x0000000020001018        0x3 ../../../nRF5_SDK_15.3.0_59ac345//components/proprietary_rf/gzll/gcc/gzll_nrf52_sd_resources_gcc.a(nrf_state_machine.c.o)
 *fill*         0x000000002000101b        0x1 
 .bss.m_p_config
                0x000000002000101c        0x4 ../../../nRF5_SDK_15.3.0_59ac345//components/proprietary_rf/gzll/gcc/gzll_nrf52_sd_resources_gcc.a(nrf_channel_manager.c.o)
 .bss.m_status  0x0000000020001020        0x8 ../../../nRF5_SDK_15.3.0_59ac345//components/proprietary_rf/gzll/gcc/gzll_nrf52_sd_resources_gcc.a(nrf_channel_manager.c.o)
 .bss.m_available_packet_count
                0x0000000020001028        0x4 ../../../nRF5_SDK_15.3.0_59ac345//components/proprietary_rf/gzll/gcc/gzll_nrf52_sd_resources_gcc.a(nrf_fifo.c.o)
 .bss.m_p_available_packets
                0x000000002000102c       0x18 ../../../nRF5_SDK_15.3.0_59ac345//components/proprietary_rf/gzll/gcc/gzll_nrf52_sd_resources_gcc.a(nrf_fifo.c.o)
 .bss.m_p_fifo_contents
                0x0000000020001044       0xc0 ../../../nRF5_SDK_15.3.0_59ac345//components/proprietary_rf/gzll/gcc/gzll_nrf52_sd_resources_gcc.a(nrf_fifo.c.o)
 .bss.m_packet_pool
                0x0000000020001104       0xcc ../../../nRF5_SDK_15.3.0_59ac345//components/proprietary_rf/gzll/gcc/gzll_nrf52_sd_resources_gcc.a(nrf_fifo.c.o)
 .bss.m_pipe_status
                0x00000000200011d0       0x30 ../../../nRF5_SDK_15.3.0_59ac345//components/proprietary_rf/gzll/gcc/gzll_nrf52_sd_resources_gcc.a(nrf_fifo.c.o)
 .bss.m_pending_cb
                0x0000000020001200        0x4 ../../../nRF5_SDK_15.3.0_59ac345//components/proprietary_rf/gzll/gcc/gzll_nrf52_sd_resources_gcc.a(nrf_flywheel.c.o)
 .bss.m_runstate
                0x0000000020001204        0x1 ../../../nRF5_SDK_15.3.0_59ac345//components/proprietary_rf/gzll/gcc/gzll_nrf52_sd_resources_gcc.a(nrf_flywheel.c.o)
 .bss.m_task_is_delayed
                0x0000000020001205        0x1 ../../../nRF5_SDK_15.3.0_59ac345//components/proprietary_rf/gzll/gcc/gzll_nrf52_sd_resources_gcc.a(nrf_flywheel.c.o)
 .bss.m_waiting_on_handler
                0x0000000020001206        0x1 ../../../nRF5_SDK_15.3.0_59ac345//components/proprietary_rf/gzll/gcc/gzll_nrf52_sd_resources_gcc.a(nrf_flywheel.c.o)
 *fill*         0x0000000020001207        0x1 
 .bss           0x0000000020001208       0x8c /usr/lib/gcc/arm-none-eabi/7.3.1/../../../arm-none-eabi/lib/thumb/v7e-m/fpv4-sp/hard/libc_nano.a(lib_a-__atexit.o)
 .bss           0x0000000020001294        0x4 /usr/lib/gcc/arm-none-eabi/7.3.1/../../../arm-none-eabi/lib/thumb/v7e-m/fpv4-sp/hard/libc_nano.a(lib_a-__call_atexit.o)
                0x0000000020001294                _global_atexit
 *(COMMON)
 COMMON         0x0000000020001298        0x1 _build/nrf52832_xxaa/nrf_drv_uart.c.o
                0x0000000020001298                nrf_drv_uart_use_easy_dma
                0x000000002000129c                . = ALIGN (0x4)
 *fill*         0x0000000020001299        0x3 
                0x000000002000129c                __bss_end__ = .

.heap           0x00000000200012a0     0x2000
                0x00000000200012a0                __HeapBase = .
                0x00000000200012a0                __end__ = .
                [!provide]                        PROVIDE (end = .)
 *(.heap*)
 .heap          0x00000000200012a0     0x2000 _build/nrf52832_xxaa/gcc_startup_nrf52.S.o
                0x00000000200032a0                __HeapLimit = .

.stack_dummy    0x00000000200012a0     0x2000
 *(.stack*)
 .stack         0x00000000200012a0     0x2000 _build/nrf52832_xxaa/gcc_startup_nrf52.S.o
                0x0000000020010000                __StackTop = (ORIGIN (RAM) + LENGTH (RAM))
                0x000000002000e000                __StackLimit = (__StackTop - SIZEOF (.stack_dummy))
                0x0000000020010000                PROVIDE (__stack = __StackTop)
                0x0000000000000001                ASSERT ((__StackLimit >= __HeapLimit), region RAM overflowed with stack)
                0x00000000000004a8                DataInitFlashUsed = (__bss_start__ - __data_start__)
                0x000000000000ac10                CodeFlashUsed = (__etext - ORIGIN (FLASH))
                0x000000000000b0b8                TotalFlashUsed = (CodeFlashUsed + DataInitFlashUsed)
                0x0000000000000001                ASSERT ((TotalFlashUsed <= LENGTH (FLASH)), region FLASH overflowed with .data and user data)
OUTPUT(_build/nrf52832_xxaa.out elf32-littlearm)

.ARM.attributes
                0x0000000000000000       0x30
 .ARM.attributes
                0x0000000000000000       0x22 /usr/lib/gcc/arm-none-eabi/7.3.1/thumb/v7e-m/fpv4-sp/hard/crti.o
 .ARM.attributes
                0x0000000000000022       0x34 /usr/lib/gcc/arm-none-eabi/7.3.1/thumb/v7e-m/fpv4-sp/hard/crtbegin.o
 .ARM.attributes
                0x0000000000000056       0x20 /usr/lib/gcc/arm-none-eabi/7.3.1/../../../arm-none-eabi/lib/thumb/v7e-m/fpv4-sp/hard/crt0.o
 .ARM.attributes
                0x0000000000000076       0x39 _build/nrf52832_xxaa/main.c.o
 .ARM.attributes
                0x00000000000000af       0x39 _build/nrf52832_xxaa/oled.c.o
 .ARM.attributes
                0x00000000000000e8       0x39 _build/nrf52832_xxaa/key.c.o
 .ARM.attributes
                0x0000000000000121       0x20 _build/nrf52832_xxaa/gcc_startup_nrf52.S.o
 .ARM.attributes
                0x0000000000000141       0x39 _build/nrf52832_xxaa/system_nrf52.c.o
 .ARM.attributes
                0x000000000000017a       0x39 _build/nrf52832_xxaa/nrf_log_backend_serial.c.o
 .ARM.attributes
                0x00000000000001b3       0x39 _build/nrf52832_xxaa/nrf_log_backend_uart.c.o
 .ARM.attributes
                0x00000000000001ec       0x39 _build/nrf52832_xxaa/nrf_log_default_backends.c.o
 .ARM.attributes
                0x0000000000000225       0x39 _build/nrf52832_xxaa/nrf_log_frontend.c.o
 .ARM.attributes
                0x000000000000025e       0x39 _build/nrf52832_xxaa/nrf_log_str_formatter.c.o
 .ARM.attributes
                0x0000000000000297       0x39 _build/nrf52832_xxaa/boards.c.o
 .ARM.attributes
                0x00000000000002d0       0x39 _build/nrf52832_xxaa/app_button.c.o
 .ARM.attributes
                0x0000000000000309       0x39 _build/nrf52832_xxaa/app_error.c.o
 .ARM.attributes
                0x0000000000000342       0x39 _build/nrf52832_xxaa/app_error_weak.c.o
 .ARM.attributes
                0x000000000000037b       0x39 _build/nrf52832_xxaa/app_timer.c.o
 .ARM.attributes
                0x00000000000003b4       0x39 _build/nrf52832_xxaa/app_util_platform.c.o
 .ARM.attributes
                0x00000000000003ed       0x39 _build/nrf52832_xxaa/nrf_atomic.c.o
 .ARM.attributes
                0x0000000000000426       0x39 _build/nrf52832_xxaa/nrf_balloc.c.o
 .ARM.attributes
                0x000000000000045f       0x39 _build/nrf52832_xxaa/nrf_fprintf.c.o
 .ARM.attributes
                0x0000000000000498       0x39 _build/nrf52832_xxaa/nrf_fprintf_format.c.o
 .ARM.attributes
                0x00000000000004d1       0x39 _build/nrf52832_xxaa/nrf_memobj.c.o
 .ARM.attributes
                0x000000000000050a       0x39 _build/nrf52832_xxaa/nrf_ringbuf.c.o
 .ARM.attributes
                0x0000000000000543       0x39 _build/nrf52832_xxaa/nrf_drv_uart.c.o
 .ARM.attributes
                0x000000000000057c       0x39 _build/nrf52832_xxaa/nrfx_gpiote.c.o
 .ARM.attributes
                0x00000000000005b5       0x39 _build/nrf52832_xxaa/nrfx_prs.c.o
 .ARM.attributes
                0x00000000000005ee       0x39 _build/nrf52832_xxaa/nrfx_uart.c.o
 .ARM.attributes
                0x0000000000000627       0x39 _build/nrf52832_xxaa/nrfx_uarte.c.o
 .ARM.attributes
                0x0000000000000660       0x39 _build/nrf52832_xxaa/bsp.c.o
 .ARM.attributes
                0x0000000000000699       0x39 ../../../nRF5_SDK_15.3.0_59ac345//components/proprietary_rf/gzll/gcc/gzll_nrf52_sd_resources_gcc.a(nrf_gzll.c.o)
 .ARM.attributes
                0x00000000000006d2       0x39 ../../../nRF5_SDK_15.3.0_59ac345//components/proprietary_rf/gzll/gcc/gzll_nrf52_sd_resources_gcc.a(nrf_impala.c.o)
 .ARM.attributes
                0x000000000000070b       0x39 ../../../nRF5_SDK_15.3.0_59ac345//components/proprietary_rf/gzll/gcc/gzll_nrf52_sd_resources_gcc.a(nrf_link_core.c.o)
 .ARM.attributes
                0x0000000000000744       0x39 ../../../nRF5_SDK_15.3.0_59ac345//components/proprietary_rf/gzll/gcc/gzll_nrf52_sd_resources_gcc.a(nrf_notification_manager.c.o)
 .ARM.attributes
                0x000000000000077d       0x39 ../../../nRF5_SDK_15.3.0_59ac345//components/proprietary_rf/gzll/gcc/gzll_nrf52_sd_resources_gcc.a(nrf_packet_manager.c.o)
 .ARM.attributes
                0x00000000000007b6       0x39 ../../../nRF5_SDK_15.3.0_59ac345//components/proprietary_rf/gzll/gcc/gzll_nrf52_sd_resources_gcc.a(nrf_state_machine.c.o)
 .ARM.attributes
                0x00000000000007ef       0x39 ../../../nRF5_SDK_15.3.0_59ac345//components/proprietary_rf/gzll/gcc/gzll_nrf52_sd_resources_gcc.a(nrf_assert_internal.c.o)
 .ARM.attributes
                0x0000000000000828       0x39 ../../../nRF5_SDK_15.3.0_59ac345//components/proprietary_rf/gzll/gcc/gzll_nrf52_sd_resources_gcc.a(nrf_channel_manager.c.o)
 .ARM.attributes
                0x0000000000000861       0x39 ../../../nRF5_SDK_15.3.0_59ac345//components/proprietary_rf/gzll/gcc/gzll_nrf52_sd_resources_gcc.a(nrf_fifo.c.o)
 .ARM.attributes
                0x000000000000089a       0x39 ../../../nRF5_SDK_15.3.0_59ac345//components/proprietary_rf/gzll/gcc/gzll_nrf52_sd_resources_gcc.a(nrf_flywheel.c.o)
 .ARM.attributes
                0x00000000000008d3       0x34 /usr/lib/gcc/arm-none-eabi/7.3.1/../../../arm-none-eabi/lib/thumb/v7e-m/fpv4-sp/hard/libc_nano.a(lib_a-atexit.o)
 .ARM.attributes
                0x0000000000000907       0x34 /usr/lib/gcc/arm-none-eabi/7.3.1/../../../arm-none-eabi/lib/thumb/v7e-m/fpv4-sp/hard/libc_nano.a(lib_a-ctype_.o)
 .ARM.attributes
                0x000000000000093b       0x34 /usr/lib/gcc/arm-none-eabi/7.3.1/../../../arm-none-eabi/lib/thumb/v7e-m/fpv4-sp/hard/libc_nano.a(lib_a-exit.o)
 .ARM.attributes
                0x000000000000096f       0x34 /usr/lib/gcc/arm-none-eabi/7.3.1/../../../arm-none-eabi/lib/thumb/v7e-m/fpv4-sp/hard/libc_nano.a(lib_a-fini.o)
 .ARM.attributes
                0x00000000000009a3       0x34 /usr/lib/gcc/arm-none-eabi/7.3.1/../../../arm-none-eabi/lib/thumb/v7e-m/fpv4-sp/hard/libc_nano.a(lib_a-impure.o)
 .ARM.attributes
                0x00000000000009d7       0x34 /usr/lib/gcc/arm-none-eabi/7.3.1/../../../arm-none-eabi/lib/thumb/v7e-m/fpv4-sp/hard/libc_nano.a(lib_a-init.o)
 .ARM.attributes
                0x0000000000000a0b       0x20 /usr/lib/gcc/arm-none-eabi/7.3.1/../../../arm-none-eabi/lib/thumb/v7e-m/fpv4-sp/hard/libc_nano.a(lib_a-memcpy.o)
 .ARM.attributes
                0x0000000000000a2b       0x34 /usr/lib/gcc/arm-none-eabi/7.3.1/../../../arm-none-eabi/lib/thumb/v7e-m/fpv4-sp/hard/libc_nano.a(lib_a-memset.o)
 .ARM.attributes
                0x0000000000000a5f       0x20 /usr/lib/gcc/arm-none-eabi/7.3.1/../../../arm-none-eabi/lib/thumb/v7e-m/fpv4-sp/hard/libc_nano.a(lib_a-strlen.o)
 .ARM.attributes
                0x0000000000000a7f       0x34 /usr/lib/gcc/arm-none-eabi/7.3.1/../../../arm-none-eabi/lib/thumb/v7e-m/fpv4-sp/hard/libc_nano.a(lib_a-__atexit.o)
 .ARM.attributes
                0x0000000000000ab3       0x34 /usr/lib/gcc/arm-none-eabi/7.3.1/../../../arm-none-eabi/lib/thumb/v7e-m/fpv4-sp/hard/libc_nano.a(lib_a-__call_atexit.o)
 .ARM.attributes
                0x0000000000000ae7       0x34 /usr/lib/gcc/arm-none-eabi/7.3.1/../../../arm-none-eabi/lib/thumb/v7e-m/fpv4-sp/hard/libnosys.a(_exit.o)
 .ARM.attributes
                0x0000000000000b1b       0x22 /usr/lib/gcc/arm-none-eabi/7.3.1/thumb/v7e-m/fpv4-sp/hard/libgcc.a(_aeabi_uldivmod.o)
 .ARM.attributes
                0x0000000000000b3d       0x34 /usr/lib/gcc/arm-none-eabi/7.3.1/thumb/v7e-m/fpv4-sp/hard/libgcc.a(_udivmoddi4.o)
 .ARM.attributes
                0x0000000000000b71       0x22 /usr/lib/gcc/arm-none-eabi/7.3.1/thumb/v7e-m/fpv4-sp/hard/libgcc.a(_dvmd_tls.o)
 .ARM.attributes
                0x0000000000000b93       0x34 /usr/lib/gcc/arm-none-eabi/7.3.1/thumb/v7e-m/fpv4-sp/hard/crtend.o
 .ARM.attributes
                0x0000000000000bc7       0x22 /usr/lib/gcc/arm-none-eabi/7.3.1/thumb/v7e-m/fpv4-sp/hard/crtn.o

.comment        0x0000000000000000      0x12d
 .comment       0x0000000000000000       0x57 /usr/lib/gcc/arm-none-eabi/7.3.1/thumb/v7e-m/fpv4-sp/hard/crtbegin.o
                                         0x58 (size before relaxing)
 .comment       0x0000000000000057       0x58 _build/nrf52832_xxaa/main.c.o
 .comment       0x0000000000000057       0x58 _build/nrf52832_xxaa/oled.c.o
 .comment       0x0000000000000057       0x58 _build/nrf52832_xxaa/key.c.o
 .comment       0x0000000000000057       0x58 _build/nrf52832_xxaa/system_nrf52.c.o
 .comment       0x0000000000000057       0x58 _build/nrf52832_xxaa/nrf_log_backend_serial.c.o
 .comment       0x0000000000000057       0x58 _build/nrf52832_xxaa/nrf_log_backend_uart.c.o
 .comment       0x0000000000000057       0x58 _build/nrf52832_xxaa/nrf_log_default_backends.c.o
 .comment       0x0000000000000057       0x58 _build/nrf52832_xxaa/nrf_log_frontend.c.o
 .comment       0x0000000000000057       0x58 _build/nrf52832_xxaa/nrf_log_str_formatter.c.o
 .comment       0x0000000000000057       0x58 _build/nrf52832_xxaa/boards.c.o
 .comment       0x0000000000000057       0x58 _build/nrf52832_xxaa/app_button.c.o
 .comment       0x0000000000000057       0x58 _build/nrf52832_xxaa/app_error.c.o
 .comment       0x0000000000000057       0x58 _build/nrf52832_xxaa/app_error_weak.c.o
 .comment       0x0000000000000057       0x58 _build/nrf52832_xxaa/app_timer.c.o
 .comment       0x0000000000000057       0x58 _build/nrf52832_xxaa/app_util_platform.c.o
 .comment       0x0000000000000057       0x58 _build/nrf52832_xxaa/nrf_atomic.c.o
 .comment       0x0000000000000057       0x58 _build/nrf52832_xxaa/nrf_balloc.c.o
 .comment       0x0000000000000057       0x58 _build/nrf52832_xxaa/nrf_fprintf.c.o
 .comment       0x0000000000000057       0x58 _build/nrf52832_xxaa/nrf_fprintf_format.c.o
 .comment       0x0000000000000057       0x58 _build/nrf52832_xxaa/nrf_memobj.c.o
 .comment       0x0000000000000057       0x58 _build/nrf52832_xxaa/nrf_ringbuf.c.o
 .comment       0x0000000000000057       0x58 _build/nrf52832_xxaa/nrf_drv_uart.c.o
 .comment       0x0000000000000057       0x58 _build/nrf52832_xxaa/nrfx_gpiote.c.o
 .comment       0x0000000000000057       0x58 _build/nrf52832_xxaa/nrfx_prs.c.o
 .comment       0x0000000000000057       0x58 _build/nrf52832_xxaa/nrfx_uart.c.o
 .comment       0x0000000000000057       0x58 _build/nrf52832_xxaa/nrfx_uarte.c.o
 .comment       0x0000000000000057       0x58 _build/nrf52832_xxaa/bsp.c.o
 .comment       0x0000000000000057       0x7f ../../../nRF5_SDK_15.3.0_59ac345//components/proprietary_rf/gzll/gcc/gzll_nrf52_sd_resources_gcc.a(nrf_gzll.c.o)
                                         0x80 (size before relaxing)
 .comment       0x00000000000000d6       0x80 ../../../nRF5_SDK_15.3.0_59ac345//components/proprietary_rf/gzll/gcc/gzll_nrf52_sd_resources_gcc.a(nrf_impala.c.o)
 .comment       0x00000000000000d6       0x80 ../../../nRF5_SDK_15.3.0_59ac345//components/proprietary_rf/gzll/gcc/gzll_nrf52_sd_resources_gcc.a(nrf_link_core.c.o)
 .comment       0x00000000000000d6       0x80 ../../../nRF5_SDK_15.3.0_59ac345//components/proprietary_rf/gzll/gcc/gzll_nrf52_sd_resources_gcc.a(nrf_notification_manager.c.o)
 .comment       0x00000000000000d6       0x80 ../../../nRF5_SDK_15.3.0_59ac345//components/proprietary_rf/gzll/gcc/gzll_nrf52_sd_resources_gcc.a(nrf_packet_manager.c.o)
 .comment       0x00000000000000d6       0x80 ../../../nRF5_SDK_15.3.0_59ac345//components/proprietary_rf/gzll/gcc/gzll_nrf52_sd_resources_gcc.a(nrf_state_machine.c.o)
 .comment       0x00000000000000d6       0x80 ../../../nRF5_SDK_15.3.0_59ac345//components/proprietary_rf/gzll/gcc/gzll_nrf52_sd_resources_gcc.a(nrf_assert_internal.c.o)
 .comment       0x00000000000000d6       0x80 ../../../nRF5_SDK_15.3.0_59ac345//components/proprietary_rf/gzll/gcc/gzll_nrf52_sd_resources_gcc.a(nrf_channel_manager.c.o)
 .comment       0x00000000000000d6       0x80 ../../../nRF5_SDK_15.3.0_59ac345//components/proprietary_rf/gzll/gcc/gzll_nrf52_sd_resources_gcc.a(nrf_fifo.c.o)
 .comment       0x00000000000000d6       0x80 ../../../nRF5_SDK_15.3.0_59ac345//components/proprietary_rf/gzll/gcc/gzll_nrf52_sd_resources_gcc.a(nrf_flywheel.c.o)
 .comment       0x00000000000000d6       0x57 /usr/lib/gcc/arm-none-eabi/7.3.1/../../../arm-none-eabi/lib/thumb/v7e-m/fpv4-sp/hard/libc_nano.a(lib_a-atexit.o)
                                         0x58 (size before relaxing)
 .comment       0x000000000000012d       0x58 /usr/lib/gcc/arm-none-eabi/7.3.1/../../../arm-none-eabi/lib/thumb/v7e-m/fpv4-sp/hard/libc_nano.a(lib_a-ctype_.o)
 .comment       0x000000000000012d       0x58 /usr/lib/gcc/arm-none-eabi/7.3.1/../../../arm-none-eabi/lib/thumb/v7e-m/fpv4-sp/hard/libc_nano.a(lib_a-exit.o)
 .comment       0x000000000000012d       0x58 /usr/lib/gcc/arm-none-eabi/7.3.1/../../../arm-none-eabi/lib/thumb/v7e-m/fpv4-sp/hard/libc_nano.a(lib_a-fini.o)